Archive member included to satisfy reference by file (symbol)

c:/gcc-arm-none-eabi-10.3-2021.10/bin/../lib/gcc/arm-none-eabi/10.3.1/../../../../arm-none-eabi/lib/thumb/v7e-m/nofp\libstdc++.a(del_ops.o)
                              Libraries/FEHIO.o (operator delete(void*, unsigned int))
c:/gcc-arm-none-eabi-10.3-2021.10/bin/../lib/gcc/arm-none-eabi/10.3.1/../../../../arm-none-eabi/lib/thumb/v7e-m/nofp\libstdc++.a(new_op.o)
                              Libraries/FEHIO.o (operator new(unsigned int))
c:/gcc-arm-none-eabi-10.3-2021.10/bin/../lib/gcc/arm-none-eabi/10.3.1/../../../../arm-none-eabi/lib/thumb/v7e-m/nofp\libstdc++.a(bad_alloc.o)
                              c:/gcc-arm-none-eabi-10.3-2021.10/bin/../lib/gcc/arm-none-eabi/10.3.1/../../../../arm-none-eabi/lib/thumb/v7e-m/nofp\libstdc++.a(new_op.o) (std::bad_alloc::~bad_alloc())
c:/gcc-arm-none-eabi-10.3-2021.10/bin/../lib/gcc/arm-none-eabi/10.3.1/../../../../arm-none-eabi/lib/thumb/v7e-m/nofp\libstdc++.a(del_op.o)
                              c:/gcc-arm-none-eabi-10.3-2021.10/bin/../lib/gcc/arm-none-eabi/10.3.1/../../../../arm-none-eabi/lib/thumb/v7e-m/nofp\libstdc++.a(del_ops.o) (operator delete(void*))
c:/gcc-arm-none-eabi-10.3-2021.10/bin/../lib/gcc/arm-none-eabi/10.3.1/../../../../arm-none-eabi/lib/thumb/v7e-m/nofp\libstdc++.a(eh_alloc.o)
                              c:/gcc-arm-none-eabi-10.3-2021.10/bin/../lib/gcc/arm-none-eabi/10.3.1/../../../../arm-none-eabi/lib/thumb/v7e-m/nofp\libstdc++.a(new_op.o) (__cxa_allocate_exception)
c:/gcc-arm-none-eabi-10.3-2021.10/bin/../lib/gcc/arm-none-eabi/10.3.1/../../../../arm-none-eabi/lib/thumb/v7e-m/nofp\libstdc++.a(eh_exception.o)
                              c:/gcc-arm-none-eabi-10.3-2021.10/bin/../lib/gcc/arm-none-eabi/10.3.1/../../../../arm-none-eabi/lib/thumb/v7e-m/nofp\libstdc++.a(bad_alloc.o) (std::exception::~exception())
c:/gcc-arm-none-eabi-10.3-2021.10/bin/../lib/gcc/arm-none-eabi/10.3.1/../../../../arm-none-eabi/lib/thumb/v7e-m/nofp\libstdc++.a(eh_terminate.o)
                              c:/gcc-arm-none-eabi-10.3-2021.10/bin/../lib/gcc/arm-none-eabi/10.3.1/../../../../arm-none-eabi/lib/thumb/v7e-m/nofp\libstdc++.a(eh_alloc.o) (std::terminate())
c:/gcc-arm-none-eabi-10.3-2021.10/bin/../lib/gcc/arm-none-eabi/10.3.1/../../../../arm-none-eabi/lib/thumb/v7e-m/nofp\libstdc++.a(eh_throw.o)
                              c:/gcc-arm-none-eabi-10.3-2021.10/bin/../lib/gcc/arm-none-eabi/10.3.1/../../../../arm-none-eabi/lib/thumb/v7e-m/nofp\libstdc++.a(new_op.o) (__cxa_throw)
c:/gcc-arm-none-eabi-10.3-2021.10/bin/../lib/gcc/arm-none-eabi/10.3.1/../../../../arm-none-eabi/lib/thumb/v7e-m/nofp\libstdc++.a(eh_unex_handler.o)
                              c:/gcc-arm-none-eabi-10.3-2021.10/bin/../lib/gcc/arm-none-eabi/10.3.1/../../../../arm-none-eabi/lib/thumb/v7e-m/nofp\libstdc++.a(eh_terminate.o) (__cxxabiv1::__unexpected_handler)
c:/gcc-arm-none-eabi-10.3-2021.10/bin/../lib/gcc/arm-none-eabi/10.3.1/../../../../arm-none-eabi/lib/thumb/v7e-m/nofp\libstdc++.a(new_handler.o)
                              c:/gcc-arm-none-eabi-10.3-2021.10/bin/../lib/gcc/arm-none-eabi/10.3.1/../../../../arm-none-eabi/lib/thumb/v7e-m/nofp\libstdc++.a(new_op.o) (std::get_new_handler())
c:/gcc-arm-none-eabi-10.3-2021.10/bin/../lib/gcc/arm-none-eabi/10.3.1/../../../../arm-none-eabi/lib/thumb/v7e-m/nofp\libstdc++.a(pure.o)
                              c:/gcc-arm-none-eabi-10.3-2021.10/bin/../lib/gcc/arm-none-eabi/10.3.1/../../../../arm-none-eabi/lib/thumb/v7e-m/nofp\libstdc++.a(eh_exception.o) (__cxa_pure_virtual)
c:/gcc-arm-none-eabi-10.3-2021.10/bin/../lib/gcc/arm-none-eabi/10.3.1/../../../../arm-none-eabi/lib/thumb/v7e-m/nofp\libstdc++.a(si_class_type_info.o)
                              c:/gcc-arm-none-eabi-10.3-2021.10/bin/../lib/gcc/arm-none-eabi/10.3.1/../../../../arm-none-eabi/lib/thumb/v7e-m/nofp\libstdc++.a(bad_alloc.o) (vtable for __cxxabiv1::__si_class_type_info)
c:/gcc-arm-none-eabi-10.3-2021.10/bin/../lib/gcc/arm-none-eabi/10.3.1/../../../../arm-none-eabi/lib/thumb/v7e-m/nofp\libstdc++.a(tinfo.o)
                              c:/gcc-arm-none-eabi-10.3-2021.10/bin/../lib/gcc/arm-none-eabi/10.3.1/../../../../arm-none-eabi/lib/thumb/v7e-m/nofp\libstdc++.a(si_class_type_info.o) (std::type_info::__is_pointer_p() const)
c:/gcc-arm-none-eabi-10.3-2021.10/bin/../lib/gcc/arm-none-eabi/10.3.1/../../../../arm-none-eabi/lib/thumb/v7e-m/nofp\libstdc++.a(vterminate.o)
                              c:/gcc-arm-none-eabi-10.3-2021.10/bin/../lib/gcc/arm-none-eabi/10.3.1/../../../../arm-none-eabi/lib/thumb/v7e-m/nofp\libstdc++.a(eh_terminate.o) (__gnu_cxx::__verbose_terminate_handler())
c:/gcc-arm-none-eabi-10.3-2021.10/bin/../lib/gcc/arm-none-eabi/10.3.1/../../../../arm-none-eabi/lib/thumb/v7e-m/nofp\libstdc++.a(class_type_info.o)
[...]
Memory Configuration

Name             Origin             Length             Attributes
PROGRAM_FLASH    0x0000c000         0x00073c00         xr
SRAM_UPPER       0x20000000         0x00010000         xrw
SRAM_LOWER       0x1fff0000         0x00010000         xrw
*default*        0x00000000         0xffffffff

Linker script and memory map

LOAD c:/gcc-arm-none-eabi-10.3-2021.10/bin/../lib/gcc/arm-none-eabi/10.3.1/thumb/v7e-m/nofp/crti.o
LOAD c:/gcc-arm-none-eabi-10.3-2021.10/bin/../lib/gcc/arm-none-eabi/10.3.1/thumb/v7e-m/nofp/crtbegin.o
LOAD c:/gcc-arm-none-eabi-10.3-2021.10/bin/../lib/gcc/arm-none-eabi/10.3.1/../../../../arm-none-eabi/lib/thumb/v7e-m/nofp/crt0.o
LOAD ../main.o
LOAD Startup/startup_mk60d10.o
LOAD Libraries/FEHMotor.o
LOAD Drivers/mcg.o
LOAD Drivers/i2c.o
LOAD Drivers/spi.o
LOAD Drivers/uart.o
LOAD Drivers/ff.o
LOAD Drivers/SDHC.o
LOAD Drivers/lptmr.o
LOAD FEHProteus.o
LOAD Drivers/FEHPropeller.o
LOAD Libraries/FEHUtility.o
LOAD Libraries/FEHIO.o
LOAD Drivers/adc16.o
LOAD Libraries/FEHBuzzer.o
LOAD Libraries/FEHServo.o
LOAD Libraries/FEHLCD.o
LOAD Libraries/FEHAccel.o
LOAD Libraries/FEHBattery.o
LOAD Drivers/FEHXBee.o
LOAD Libraries/FEHRCS.o
LOAD Libraries/FEHSD.o
LOAD Libraries/FEHRandom.o
LOAD c:/gcc-arm-none-eabi-10.3-2021.10/bin/../lib/gcc/arm-none-eabi/10.3.1/../../../../arm-none-eabi/lib/thumb/v7e-m/nofp\libstdc++.a
LOAD c:/gcc-arm-none-eabi-10.3-2021.10/bin/../lib/gcc/arm-none-eabi/10.3.1/../../../../arm-none-eabi/lib/thumb/v7e-m/nofp\libm.a
START GROUP
LOAD c:/gcc-arm-none-eabi-10.3-2021.10/bin/../lib/gcc/arm-none-eabi/10.3.1/thumb/v7e-m/nofp\libgcc.a
LOAD c:/gcc-arm-none-eabi-10.3-2021.10/bin/../lib/gcc/arm-none-eabi/10.3.1/../../../../arm-none-eabi/lib/thumb/v7e-m/nofp\libg.a
LOAD c:/gcc-arm-none-eabi-10.3-2021.10/bin/../lib/gcc/arm-none-eabi/10.3.1/../../../../arm-none-eabi/lib/thumb/v7e-m/nofp\libc.a
END GROUP
START GROUP
LOAD c:/gcc-arm-none-eabi-10.3-2021.10/bin/../lib/gcc/arm-none-eabi/10.3.1/thumb/v7e-m/nofp\libgcc.a
LOAD c:/gcc-arm-none-eabi-10.3-2021.10/bin/../lib/gcc/arm-none-eabi/10.3.1/../../../../arm-none-eabi/lib/thumb/v7e-m/nofp\libc.a
LOAD c:/gcc-arm-none-eabi-10.3-2021.10/bin/../lib/gcc/arm-none-eabi/10.3.1/../../../../arm-none-eabi/lib/thumb/v7e-m/nofp\libnosys.a
END GROUP
LOAD c:/gcc-arm-none-eabi-10.3-2021.10/bin/../lib/gcc/arm-none-eabi/10.3.1/thumb/v7e-m/nofp/crtend.o
LOAD c:/gcc-arm-none-eabi-10.3-2021.10/bin/../lib/gcc/arm-none-eabi/10.3.1/thumb/v7e-m/nofp/crtn.o
                0x0000c000                __base_PROGRAM_FLASH = 0xc000
                0x0000c000                __base_Flash = 0xc000
                0x0007fc00                __top_PROGRAM_FLASH = 0x7fc00
                0x0007fc00                __top_Flash = 0x7fc00
                0x20000000                __base_SRAM_UPPER = 0x20000000
                0x20000000                __base_RAM = 0x20000000
                0x20010000                __top_SRAM_UPPER = 0x20010000
                0x20010000                __top_RAM = 0x20010000
                0x1fff0000                __base_SRAM_LOWER = 0x1fff0000
                0x1fff0000                __base_RAM2 = 0x1fff0000
                0x20000000                __top_SRAM_LOWER = 0x20000000
                0x20000000                __top_RAM2 = 0x20000000

.text           0x0000c000      0x410
 FILL mask 0xff
                0x0000c000                __vectors_start__ = ABSOLUTE (.)
 *(.isr_vector)
 .isr_vector    0x0000c000      0x1bc Startup/startup_mk60d10.o
                0x0000c000                g_pfnVectors
                0x0000c000                __Vectors
                0x0000c1bc                . = ALIGN (0x4)
                0x0000c1bc                __section_table_start = .
                0x0000c1bc                __data_section_table = .
                0x0000c1bc        0x4 LONG 0x25b94 LOADADDR (.data)
                0x0000c1c0        0x4 LONG 0x20000000 ADDR (.data)
                0x0000c1c4        0x4 LONG 0x16d0 SIZEOF (.data)
                0x0000c1c8        0x4 LONG 0x25b94 LOADADDR (.data_RAM2)
                0x0000c1cc        0x4 LONG 0x1fff0000 ADDR (.data_RAM2)
                0x0000c1d0        0x4 LONG 0x0 SIZEOF (.data_RAM2)
                0x0000c1d4                __data_section_table_end = .
                0x0000c1d4                __bss_section_table = .
                0x0000c1d4        0x4 LONG 0x200016d0 ADDR (.bss)
                0x0000c1d8        0x4 LONG 0x6b0 SIZEOF (.bss)
                0x0000c1dc        0x4 LONG 0x1fff0000 ADDR (.bss_RAM2)
                0x0000c1e0        0x4 LONG 0x0 SIZEOF (.bss_RAM2)
                0x0000c1e4                __bss_section_table_end = .
                0x0000c1e4                __section_table_end = .
 *(.after_vectors*)
 .after_vectors.init_data
                0x0000c1e4       0x42 Startup/startup_mk60d10.o
                0x0000c1e4                data_init(unsigned int, unsigned int, unsigned int)
 .after_vectors.init_bss
                0x0000c226       0x36 Startup/startup_mk60d10.o
                0x0000c226                bss_init(unsigned int, unsigned int)
 .after_vectors.reset
                0x0000c25c       0xb4 Startup/startup_mk60d10.o
                0x0000c25c                ResetISR
 .after_vectors
                0x0000c310       0x3c Startup/startup_mk60d10.o
                0x0000c310                NMI_Handler
                0x0000c316                HardFault_Handler
                0x0000c31c                MemManage_Handler
                0x0000c322                BusFault_Handler
                0x0000c328                UsageFault_Handler
                0x0000c32e                SVC_Handler
                0x0000c334                DebugMon_Handler
                0x0000c33a                PendSV_Handler
                0x0000c340                SysTick_Handler
                0x0000c346                DMA_Error_DriverIRQHandler
                0x0000c346                LPTMR0_DriverIRQHandler
                0x0000c346                FTM1_DriverIRQHandler
                0x0000c346                FTM2_DriverIRQHandler
                0x0000c346                PIT2_DriverIRQHandler
                0x0000c346                SDHC_DriverIRQHandler
                0x0000c346                I2S0_Tx_DriverIRQHandler
                0x0000c346                TSI0_DriverIRQHandler
                0x0000c346                RTC_Seconds_DriverIRQHandler
                0x0000c346                Reserved109_DriverIRQHandler
                0x0000c346                DMA6_DriverIRQHandler
                0x0000c346                LLWU_DriverIRQHandler
                0x0000c346                MCM_DriverIRQHandler
                0x0000c346                MCG_DriverIRQHandler
                0x0000c346                ENET_1588_Timer_DriverIRQHandler
                0x0000c346                DAC1_DriverIRQHandler
                0x0000c346                SPI1_DriverIRQHandler
                0x0000c346                CMP1_DriverIRQHandler
                0x0000c346                UART5_RX_TX_DriverIRQHandler
                0x0000c346                FTM0_DriverIRQHandler
                0x0000c346                IntDefaultHandler
                0x0000c346                USB0_DriverIRQHandler
                0x0000c346                UART5_ERR_DriverIRQHandler
                0x0000c346                DMA11_DriverIRQHandler
                0x0000c346                DAC0_DriverIRQHandler
                0x0000c346                DMA10_DriverIRQHandler
                0x0000c346                CMP2_DriverIRQHandler
                0x0000c346                UART2_ERR_DriverIRQHandler
                0x0000c346                SPI2_DriverIRQHandler
                0x0000c346                LVD_LVW_DriverIRQHandler
                0x0000c346                RNG_DriverIRQHandler
                0x0000c346                DMA12_DriverIRQHandler
                0x0000c346                DMA4_DriverIRQHandler
                0x0000c346                UART2_RX_TX_DriverIRQHandler
                0x0000c346                USBDCD_DriverIRQHandler
                0x0000c346                UART3_ERR_DriverIRQHandler
                0x0000c346                DMA3_DriverIRQHandler
                0x0000c346                DMA8_DriverIRQHandler
                0x0000c346                DMA9_DriverIRQHandler
                0x0000c346                UART0_ERR_DriverIRQHandler
                0x0000c346                CMT_DriverIRQHandler
                0x0000c346                ADC1_DriverIRQHandler
                0x0000c346                DMA14_DriverIRQHandler
                0x0000c346                PIT3_DriverIRQHandler
                0x0000c346                PIT1_DriverIRQHandler
                0x0000c346                WDOG_EWM_DriverIRQHandler
                0x0000c346                PDB0_DriverIRQHandler
                0x0000c346                Reserved95_DriverIRQHandler
                0x0000c346                RTC_DriverIRQHandler
                0x0000c346                I2S0_Rx_DriverIRQHandler
                0x0000c346                Read_Collision_DriverIRQHandler
                0x0000c346                SWI_DriverIRQHandler
                0x0000c346                UART4_RX_TX_DriverIRQHandler
                0x0000c346                UART4_ERR_DriverIRQHandler
                0x0000c346                DMA0_DriverIRQHandler
                0x0000c346                UART0_LON_DriverIRQHandler
                0x0000c346                Reserved102_DriverIRQHandler
                0x0000c346                DMA1_DriverIRQHandler
                0x0000c346                I2C1_DriverIRQHandler
                0x0000c346                UART3_RX_TX_DriverIRQHandler
                0x0000c346                ENET_Receive_DriverIRQHandler
                0x0000c346                DMA13_DriverIRQHandler
                0x0000c346                ENET_Error_DriverIRQHandler
                0x0000c346                DMA15_DriverIRQHandler
                0x0000c346                SPI0_DriverIRQHandler
                0x0000c346                ADC0_DriverIRQHandler
                0x0000c346                FTFL_DriverIRQHandler
                0x0000c346                CMP0_DriverIRQHandler
                0x0000c346                CAN0_DriverIRQHandler
                0x0000c346                Reserved59_DriverIRQHandler
                0x0000c346                DMA5_DriverIRQHandler
                0x0000c346                UART1_ERR_DriverIRQHandler
                0x0000c346                DMA2_DriverIRQHandler
                0x0000c346                ENET_Transmit_DriverIRQHandler
                0x0000c346                I2C0_DriverIRQHandler
                0x0000c346                CAN1_DriverIRQHandler
                0x0000c346                DMA7_DriverIRQHandler
                0x0000c346                UART1_RX_TX_DriverIRQHandler
                0x0000c346                Reserved108_DriverIRQHandler
                0x00000400                . = 0x400
 *fill*         0x0000c34c       0xb4 ff
                0x0000c400                PROVIDE (__FLASH_CONFIG_START__ = .)
 *(.FlashConfig)
 .FlashConfig   0x0000c400       0x10 Startup/startup_mk60d10.o
                0x0000c410                PROVIDE (__FLASH_CONFIG_END__ = .)
                0x00000001                ASSERT (! ((__FLASH_CONFIG_START__ == __FLASH_CONFIG_END__)), Linker Flash Config Support Enabled, but no .FlashConfig section provided within application)

.glue_7         0x0000c410        0x0
 .glue_7        0x0000c410        0x0 linker stubs

.glue_7t        0x0000c410        0x0
 .glue_7t       0x0000c410        0x0 linker stubs

.vfp11_veneer   0x0000c410        0x0
 .vfp11_veneer  0x0000c410        0x0 linker stubs

.v4_bx          0x0000c410        0x0
 .v4_bx         0x0000c410        0x0 linker stubs

.iplt           0x0000c410        0x0
 .iplt          0x0000c410        0x0 c:/gcc-arm-none-eabi-10.3-2021.10/bin/../lib/gcc/arm-none-eabi/10.3.1/thumb/v7e-m/nofp/crtbegin.o

.text           0x0000c440    0x194d4
 *(.text*)
 .text          0x0000c440       0x40 c:/gcc-arm-none-eabi-10.3-2021.10/bin/../lib/gcc/arm-none-eabi/10.3.1/thumb/v7e-m/nofp/crtbegin.o
 .text._Z8isWithinfff
                0x0000c480       0x36 ../main.o
                0x0000c480                isWithin(float, float, float)
 *fill*         0x0000c4b6        0x2 
 .text.main     0x0000c4b8      0x3b8 ../main.o
                0x0000c4b8                main
 .text.PORTD_IRQHandler
                0x0000c870       0x50 Startup/startup_mk60d10.o
                0x0000c870                PORTD_IRQHandler
 .text._Z15InitPowerButtonv
                0x0000c8c0       0x60 Startup/startup_mk60d10.o
                0x0000c8c0                InitPowerButton()
 .text._ZL11pll_init_blv
                0x0000c920       0xe0 Startup/startup_mk60d10.o
 .text._Z14InitFEHProteusv
                0x0000ca00       0xec Startup/startup_mk60d10.o
                0x0000ca00                InitFEHProteus()
 .text.DMA0_IRQHandler
                0x0000caec        0xc Startup/startup_mk60d10.o
                0x0000caec                DMA0_IRQHandler
 .text.DMA1_IRQHandler
                0x0000caf8        0xc Startup/startup_mk60d10.o
                0x0000caf8                DMA1_IRQHandler
 .text.DMA2_IRQHandler
                0x0000cb04        0xc Startup/startup_mk60d10.o
                0x0000cb04                DMA2_IRQHandler
 .text.DMA3_IRQHandler
                0x0000cb10        0xc Startup/startup_mk60d10.o
                0x0000cb10                DMA3_IRQHandler
 .text.DMA4_IRQHandler
                0x0000cb1c        0xc Startup/startup_mk60d10.o
                0x0000cb1c                DMA4_IRQHandler
 .text.DMA5_IRQHandler
                0x0000cb28        0xc Startup/startup_mk60d10.o
                0x0000cb28                DMA5_IRQHandler
 .text.DMA6_IRQHandler
                0x0000cb34        0xc Startup/startup_mk60d10.o
                0x0000cb34                DMA6_IRQHandler
 .text.DMA7_IRQHandler
                0x0000cb40        0xc Startup/startup_mk60d10.o
                0x0000cb40                DMA7_IRQHandler
 .text.DMA8_IRQHandler
                0x0000cb4c        0xc Startup/startup_mk60d10.o
                0x0000cb4c                DMA8_IRQHandler
 .text.DMA9_IRQHandler
                0x0000cb58        0xc Startup/startup_mk60d10.o
                0x0000cb58                DMA9_IRQHandler
 .text.DMA10_IRQHandler
                0x0000cb64        0xc Startup/startup_mk60d10.o
                0x0000cb64                DMA10_IRQHandler
 .text.DMA11_IRQHandler
                0x0000cb70        0xc Startup/startup_mk60d10.o
                0x0000cb70                DMA11_IRQHandler
 .text.DMA12_IRQHandler
                0x0000cb7c        0xc Startup/startup_mk60d10.o
                0x0000cb7c                DMA12_IRQHandler
 .text.DMA13_IRQHandler
                0x0000cb88        0xc Startup/startup_mk60d10.o
                0x0000cb88                DMA13_IRQHandler
 .text.DMA14_IRQHandler
                0x0000cb94        0xc Startup/startup_mk60d10.o
                0x0000cb94                DMA14_IRQHandler
 .text.DMA15_IRQHandler
                0x0000cba0        0xc Startup/startup_mk60d10.o
                0x0000cba0                DMA15_IRQHandler
 .text.DMA_Error_IRQHandler
                0x0000cbac        0xc Startup/startup_mk60d10.o
                0x0000cbac                DMA_Error_IRQHandler
 .text.MCM_IRQHandler
                0x0000cbb8        0xc Startup/startup_mk60d10.o
                0x0000cbb8                MCM_IRQHandler
 .text.FTFL_IRQHandler
                0x0000cbc4        0xc Startup/startup_mk60d10.o
                0x0000cbc4                FTFL_IRQHandler
 .text.Read_Collision_IRQHandler
                0x0000cbd0        0xc Startup/startup_mk60d10.o
                0x0000cbd0                Read_Collision_IRQHandler
 .text.LVD_LVW_IRQHandler
                0x0000cbdc        0xc Startup/startup_mk60d10.o
                0x0000cbdc                LVD_LVW_IRQHandler
 .text.LLWU_IRQHandler
                0x0000cbe8        0xc Startup/startup_mk60d10.o
                0x0000cbe8                LLWU_IRQHandler
 .text.WDOG_EWM_IRQHandler
                0x0000cbf4        0xc Startup/startup_mk60d10.o
                0x0000cbf4                WDOG_EWM_IRQHandler
 .text.RNG_IRQHandler
                0x0000cc00        0xc Startup/startup_mk60d10.o
                0x0000cc00                RNG_IRQHandler
 .text.I2C0_IRQHandler
                0x0000cc0c        0xc Startup/startup_mk60d10.o
                0x0000cc0c                I2C0_IRQHandler
 .text.I2C1_IRQHandler
                0x0000cc18        0xc Startup/startup_mk60d10.o
                0x0000cc18                I2C1_IRQHandler
 .text.SPI0_IRQHandler
                0x0000cc24        0xc Startup/startup_mk60d10.o
                0x0000cc24                SPI0_IRQHandler
 .text.SPI1_IRQHandler
                0x0000cc30        0xc Startup/startup_mk60d10.o
                0x0000cc30                SPI1_IRQHandler
 .text.SPI2_IRQHandler
                0x0000cc3c        0xc Startup/startup_mk60d10.o
                0x0000cc3c                SPI2_IRQHandler
 .text.CAN0_ORed_Message_buffer_IRQHandler
                0x0000cc48        0xc Startup/startup_mk60d10.o
                0x0000cc48                CAN0_ORed_Message_buffer_IRQHandler
 .text.CAN0_Bus_Off_IRQHandler
                0x0000cc54        0xc Startup/startup_mk60d10.o
                0x0000cc54                CAN0_Bus_Off_IRQHandler
 .text.CAN0_Error_IRQHandler
                0x0000cc60        0xc Startup/startup_mk60d10.o
                0x0000cc60                CAN0_Error_IRQHandler
 .text.CAN0_Tx_Warning_IRQHandler
                0x0000cc6c        0xc Startup/startup_mk60d10.o
                0x0000cc6c                CAN0_Tx_Warning_IRQHandler
 .text.CAN0_Rx_Warning_IRQHandler
                0x0000cc78        0xc Startup/startup_mk60d10.o
                0x0000cc78                CAN0_Rx_Warning_IRQHandler
 .text.CAN0_Wake_Up_IRQHandler
                0x0000cc84        0xc Startup/startup_mk60d10.o
                0x0000cc84                CAN0_Wake_Up_IRQHandler
 .text.I2S0_Tx_IRQHandler
                0x0000cc90        0xc Startup/startup_mk60d10.o
                0x0000cc90                I2S0_Tx_IRQHandler
 .text.I2S0_Rx_IRQHandler
                0x0000cc9c        0xc Startup/startup_mk60d10.o
                0x0000cc9c                I2S0_Rx_IRQHandler
 .text.CAN1_ORed_Message_buffer_IRQHandler
                0x0000cca8        0xc Startup/startup_mk60d10.o
                0x0000cca8                CAN1_ORed_Message_buffer_IRQHandler
 .text.CAN1_Bus_Off_IRQHandler
                0x0000ccb4        0xc Startup/startup_mk60d10.o
                0x0000ccb4                CAN1_Bus_Off_IRQHandler
 .text.CAN1_Error_IRQHandler
                0x0000ccc0        0xc Startup/startup_mk60d10.o
                0x0000ccc0                CAN1_Error_IRQHandler
 .text.CAN1_Tx_Warning_IRQHandler
                0x0000cccc        0xc Startup/startup_mk60d10.o
                0x0000cccc                CAN1_Tx_Warning_IRQHandler
 .text.CAN1_Rx_Warning_IRQHandler
                0x0000ccd8        0xc Startup/startup_mk60d10.o
                0x0000ccd8                CAN1_Rx_Warning_IRQHandler
 .text.CAN1_Wake_Up_IRQHandler
                0x0000cce4        0xc Startup/startup_mk60d10.o
                0x0000cce4                CAN1_Wake_Up_IRQHandler
 .text.Reserved59_IRQHandler
                0x0000ccf0        0xc Startup/startup_mk60d10.o
                0x0000ccf0                Reserved59_IRQHandler
 .text.UART0_LON_IRQHandler
                0x0000ccfc        0xc Startup/startup_mk60d10.o
                0x0000ccfc                UART0_LON_IRQHandler
 .text.UART0_ERR_IRQHandler
                0x0000cd08        0xc Startup/startup_mk60d10.o
                0x0000cd08                UART0_ERR_IRQHandler
 .text.UART1_RX_TX_IRQHandler
                0x0000cd14        0xc Startup/startup_mk60d10.o
                0x0000cd14                UART1_RX_TX_IRQHandler
 .text.UART1_ERR_IRQHandler
                0x0000cd20        0xc Startup/startup_mk60d10.o
                0x0000cd20                UART1_ERR_IRQHandler
 .text.UART2_RX_TX_IRQHandler
                0x0000cd2c        0xc Startup/startup_mk60d10.o
                0x0000cd2c                UART2_RX_TX_IRQHandler
 .text.UART2_ERR_IRQHandler
                0x0000cd38        0xc Startup/startup_mk60d10.o
                0x0000cd38                UART2_ERR_IRQHandler
 .text.UART3_RX_TX_IRQHandler
                0x0000cd44        0xc Startup/startup_mk60d10.o
                0x0000cd44                UART3_RX_TX_IRQHandler
 .text.UART3_ERR_IRQHandler
                0x0000cd50        0xc Startup/startup_mk60d10.o
                0x0000cd50                UART3_ERR_IRQHandler
 .text.UART4_RX_TX_IRQHandler
                0x0000cd5c        0xc Startup/startup_mk60d10.o
                0x0000cd5c                UART4_RX_TX_IRQHandler
 .text.UART4_ERR_IRQHandler
                0x0000cd68        0xc Startup/startup_mk60d10.o
                0x0000cd68                UART4_ERR_IRQHandler
 .text.UART5_RX_TX_IRQHandler
                0x0000cd74        0xc Startup/startup_mk60d10.o
                0x0000cd74                UART5_RX_TX_IRQHandler
 .text.UART5_ERR_IRQHandler
                0x0000cd80        0xc Startup/startup_mk60d10.o
                0x0000cd80                UART5_ERR_IRQHandler
 .text.ADC0_IRQHandler
                0x0000cd8c        0xc Startup/startup_mk60d10.o
                0x0000cd8c                ADC0_IRQHandler
 .text.ADC1_IRQHandler
                0x0000cd98        0xc Startup/startup_mk60d10.o
                0x0000cd98                ADC1_IRQHandler
 .text.CMP0_IRQHandler
                0x0000cda4        0xc Startup/startup_mk60d10.o
                0x0000cda4                CMP0_IRQHandler
 .text.CMP1_IRQHandler
                0x0000cdb0        0xc Startup/startup_mk60d10.o
                0x0000cdb0                CMP1_IRQHandler
 .text.CMP2_IRQHandler
                0x0000cdbc        0xc Startup/startup_mk60d10.o
                0x0000cdbc                CMP2_IRQHandler
 .text.FTM0_IRQHandler
                0x0000cdc8        0xc Startup/startup_mk60d10.o
                0x0000cdc8                FTM0_IRQHandler
 .text.FTM1_IRQHandler
                0x0000cdd4        0xc Startup/startup_mk60d10.o
                0x0000cdd4                FTM1_IRQHandler
 .text.FTM2_IRQHandler
                0x0000cde0        0xc Startup/startup_mk60d10.o
                0x0000cde0                FTM2_IRQHandler
 .text.CMT_IRQHandler
                0x0000cdec        0xc Startup/startup_mk60d10.o
                0x0000cdec                CMT_IRQHandler
 .text.RTC_IRQHandler
                0x0000cdf8        0xc Startup/startup_mk60d10.o
                0x0000cdf8                RTC_IRQHandler
 .text.RTC_Seconds_IRQHandler
                0x0000ce04        0xc Startup/startup_mk60d10.o
                0x0000ce04                RTC_Seconds_IRQHandler
 .text.PIT1_IRQHandler
                0x0000ce10        0xc Startup/startup_mk60d10.o
                0x0000ce10                PIT1_IRQHandler
 .text.PIT2_IRQHandler
                0x0000ce1c        0xc Startup/startup_mk60d10.o
                0x0000ce1c                PIT2_IRQHandler
 .text.PIT3_IRQHandler
                0x0000ce28        0xc Startup/startup_mk60d10.o
                0x0000ce28                PIT3_IRQHandler
 .text.PDB0_IRQHandler
                0x0000ce34        0xc Startup/startup_mk60d10.o
                0x0000ce34                PDB0_IRQHandler
 .text.USB0_IRQHandler
                0x0000ce40        0xc Startup/startup_mk60d10.o
                0x0000ce40                USB0_IRQHandler
 .text.USBDCD_IRQHandler
                0x0000ce4c        0xc Startup/startup_mk60d10.o
                0x0000ce4c                USBDCD_IRQHandler
 .text.ENET_1588_Timer_IRQHandler
                0x0000ce58        0xc Startup/startup_mk60d10.o
                0x0000ce58                ENET_1588_Timer_IRQHandler
 .text.ENET_Transmit_IRQHandler
                0x0000ce64        0xc Startup/startup_mk60d10.o
                0x0000ce64                ENET_Transmit_IRQHandler
 .text.ENET_Receive_IRQHandler
                0x0000ce70        0xc Startup/startup_mk60d10.o
                0x0000ce70                ENET_Receive_IRQHandler
 .text.ENET_Error_IRQHandler
                0x0000ce7c        0xc Startup/startup_mk60d10.o
                0x0000ce7c                ENET_Error_IRQHandler
 .text.Reserved95_IRQHandler
                0x0000ce88        0xc Startup/startup_mk60d10.o
                0x0000ce88                Reserved95_IRQHandler
 .text.SDHC_IRQHandler
                0x0000ce94        0xc Startup/startup_mk60d10.o
                0x0000ce94                SDHC_IRQHandler
 .text.DAC0_IRQHandler
                0x0000cea0        0xc Startup/startup_mk60d10.o
                0x0000cea0                DAC0_IRQHandler
 .text.DAC1_IRQHandler
                0x0000ceac        0xc Startup/startup_mk60d10.o
                0x0000ceac                DAC1_IRQHandler
 .text.TSI0_IRQHandler
                0x0000ceb8        0xc Startup/startup_mk60d10.o
                0x0000ceb8                TSI0_IRQHandler
 .text.MCG_IRQHandler
                0x0000cec4        0xc Startup/startup_mk60d10.o
                0x0000cec4                MCG_IRQHandler
 .text.LPTMR0_IRQHandler
                0x0000ced0        0xc Startup/startup_mk60d10.o
                0x0000ced0                LPTMR0_IRQHandler
 .text.Reserved102_IRQHandler
                0x0000cedc        0xc Startup/startup_mk60d10.o
                0x0000cedc                Reserved102_IRQHandler
 .text.Reserved108_IRQHandler
                0x0000cee8        0xc Startup/startup_mk60d10.o
                0x0000cee8                Reserved108_IRQHandler
 .text.Reserved109_IRQHandler
                0x0000cef4        0xc Startup/startup_mk60d10.o
                0x0000cef4                Reserved109_IRQHandler
 .text.SWI_IRQHandler
                0x0000cf00        0xc Startup/startup_mk60d10.o
                0x0000cf00                SWI_IRQHandler
 *fill*         0x0000cf0c        0x4 
 .text._ZN8FEHMotorC2ENS_12FEHMotorPortEf
                0x0000cf10       0x7c Libraries/FEHMotor.o
                0x0000cf10                FEHMotor::FEHMotor(FEHMotor::FEHMotorPort, float)
                0x0000cf10                FEHMotor::FEHMotor(FEHMotor::FEHMotorPort, float)
 .text._ZN8FEHMotor8SetPowerEi
                0x0000cf8c       0x54 Libraries/FEHMotor.o
                0x0000cf8c                FEHMotor::SetPower(int)
 .text._ZN8FEHMotor10SetPercentEf
                0x0000cfe0       0xf8 Libraries/FEHMotor.o
                0x0000cfe0                FEHMotor::SetPercent(float)
 .text._Z21IIC_StartTransmissionhh
                0x0000d0d8       0x6c Drivers/i2c.o
                0x0000d0d8                IIC_StartTransmission(unsigned char, unsigned char)
 .text._Z5Pausev
                0x0000d144       0x24 Drivers/i2c.o
                0x0000d144                Pause()
 .text._Z21MMA8451QWriteRegisterhh
                0x0000d168       0x68 Drivers/i2c.o
                0x0000d168                MMA8451QWriteRegister(unsigned char, unsigned char)
 .text._Z8i2c_Waitv
                0x0000d1d0       0x6c Drivers/i2c.o
                0x0000d1d0                i2c_Wait()
 .text._Z12SPI_SendCharh
                0x0000d23c       0x1a Drivers/spi.o
                0x0000d23c                SPI_SendChar(unsigned char)
 .text._Z16SPI_WriteCommandhh
                0x0000d256       0x34 Drivers/spi.o
                0x0000d256                SPI_WriteCommand(unsigned char, unsigned char)
 *fill*         0x0000d28a        0x2 
 .text._Z13SPI_CS_Assertv
                0x0000d28c       0x1c Drivers/spi.o
                0x0000d28c                SPI_CS_Assert()
 .text._Z15SPI_CS_Deassertv
                0x0000d2a8       0x1c Drivers/spi.o
                0x0000d2a8                SPI_CS_Deassert()
 .text._Z12SPI_Transferh
                0x0000d2c4       0x6c Drivers/spi.o
                0x0000d2c4                SPI_Transfer(unsigned char)
 .text._Z8SPI_Initv
                0x0000d330       0xa0 Drivers/spi.o
                0x0000d330                SPI_Init()
 .text._Z9uart_initPV11UART_MemMapii
                0x0000d3d0      0x174 Drivers/uart.o
                0x0000d3d0                uart_init(UART_MemMap volatile*, int, int)
 .text._Z12uart_getcharPV11UART_MemMap
                0x0000d544       0x32 Drivers/uart.o
                0x0000d544                uart_getchar(UART_MemMap volatile*)
 .text._Z12uart_putcharPV11UART_MemMapc
                0x0000d576       0x32 Drivers/uart.o
                0x0000d576                uart_putchar(UART_MemMap volatile*, char)
 .text._ZL7mem_cpyPvPKvj
                0x0000d5a8       0x44 Drivers/ff.o
 .text._ZL7mem_setPvij
                0x0000d5ec       0x3c Drivers/ff.o
 .text._ZL7mem_cmpPKvS0_j
                0x0000d628       0x56 Drivers/ff.o
 .text._ZL7chk_chrPKci
                0x0000d67e       0x34 Drivers/ff.o
 .text._ZL11move_windowP5FATFSm
                0x0000d6b2       0xc8 Drivers/ff.o
 .text._ZL4syncP5FATFS
                0x0000d77a      0x14c Drivers/ff.o
 .text._Z10clust2sectP5FATFSm
                0x0000d8c6       0x3c Drivers/ff.o
                0x0000d8c6                clust2sect(FATFS*, unsigned long)
 .text._Z7get_fatP5FATFSm
                0x0000d902      0x192 Drivers/ff.o
                0x0000d902                get_fat(FATFS*, unsigned long)
 .text._Z7put_fatP5FATFSmm
                0x0000da94      0x20a Drivers/ff.o
                0x0000da94                put_fat(FATFS*, unsigned long, unsigned long)
 .text._ZL12remove_chainP5FATFSm
                0x0000dc9e       0x9c Drivers/ff.o
 .text._ZL12create_chainP5FATFSm
                0x0000dd3a      0x112 Drivers/ff.o
 .text._ZL10clmt_clustP3FILm
                0x0000de4c       0x62 Drivers/ff.o
 .text._ZL7dir_sdiP3DIRt
                0x0000deae      0x100 Drivers/ff.o
 .text._ZL8dir_nextP3DIRi
                0x0000dfae      0x1b6 Drivers/ff.o
 .text._ZL8dir_findP3DIR
                0x0000e164       0xa0 Drivers/ff.o
 .text._ZL12dir_registerP3DIR
                0x0000e204       0xae Drivers/ff.o
 *fill*         0x0000e2b2        0x2 
 .text._ZL11create_nameP3DIRPPKc
                0x0000e2b4      0x1f4 Drivers/ff.o
 .text._ZL11follow_pathP3DIRPKc
                0x0000e4a8      0x12c Drivers/ff.o
 .text._ZL8check_fsP5FATFSm
                0x0000e5d4       0xd8 Drivers/ff.o
 .text._ZL11chk_mountedPPKcPP5FATFSh
                0x0000e6ac      0x534 Drivers/ff.o
 .text._ZL8validateP5FATFSt
                0x0000ebe0       0x54 Drivers/ff.o
 .text._Z7f_mounthP5FATFS
                0x0000ec34       0x54 Drivers/ff.o
                0x0000ec34                f_mount(unsigned char, FATFS*)
 .text._Z6f_openP3FILPKch
                0x0000ec88      0x2de Drivers/ff.o
                0x0000ec88                f_open(FIL*, char const*, unsigned char)
 .text._Z7f_writeP3FILPKvjPj
                0x0000ef66      0x33c Drivers/ff.o
                0x0000ef66                f_write(FIL*, void const*, unsigned int, unsigned int*)
 .text._Z6f_syncP3FIL
                0x0000f2a2      0x186 Drivers/ff.o
                0x0000f2a2                f_sync(FIL*)
 .text._Z7f_closeP3FIL
                0x0000f428       0x28 Drivers/ff.o
                0x0000f428                f_close(FIL*)
 .text._Z7f_lseekP3FILm
                0x0000f450      0x4be Drivers/ff.o
                0x0000f450                f_lseek(FIL*, unsigned long)
 .text._Z6f_putccP3FIL
                0x0000f90e       0x3c Drivers/ff.o
                0x0000f90e                f_putc(char, FIL*)
 .text._Z6f_putsPKcP3FIL
                0x0000f94a       0x52 Drivers/ff.o
                0x0000f94a                f_puts(char const*, FIL*)
 .text._Z5powerii
                0x0000f99c       0x3c Drivers/ff.o
                0x0000f99c                power(int, int)
 .text._Z8f_printfP3FILPKcSt9__va_list
                0x0000f9d8      0x620 Drivers/ff.o
                0x0000f9d8                f_printf(FIL*, char const*, std::__va_list)
 .text._ZL17SDHC_set_baudratemm
                0x0000fff8       0xe8 Drivers/SDHC.o
 .text._Z9SDHC_initP17esdhc_info_structPK17esdhc_init_struct
                0x000100e0      0x130 Drivers/SDHC.o
                0x000100e0                SDHC_init(esdhc_info_struct*, esdhc_init_struct const*)
 .text._ZL15SDHC_is_runningv
                0x00010210       0x24 Drivers/SDHC.o
 .text._ZL16SDHC_status_waitm
                0x00010234       0x2c Drivers/SDHC.o
 .text._ZL17SDHC_send_commandP20esdhc_command_struct
                0x00010260      0x1f8 Drivers/SDHC.o
 .text._Z10SDHC_ioctlmPv
                0x00010458      0x6f0 Drivers/SDHC.o
                0x00010458                SDHC_ioctl(unsigned long, void*)
 .text._Z15disk_initializeh
                0x00010b48      0x384 Drivers/SDHC.o
                0x00010b48                disk_initialize(unsigned char)
 .text._ZL14rcvr_datablockPhm
                0x00010ecc       0xf0 Drivers/SDHC.o
 .text._Z9disk_readhPhmh
                0x00010fbc      0x124 Drivers/SDHC.o
                0x00010fbc                disk_read(unsigned char, unsigned char*, unsigned long, unsigned char)
 .text._ZL14xmit_datablockPKhm
                0x000110e0       0xa4 Drivers/SDHC.o
 .text._Z10disk_writehPKhmh
                0x00011184      0x198 Drivers/SDHC.o
                0x00011184                disk_write(unsigned char, unsigned char const*, unsigned long, unsigned char)
 .text._Z10disk_ioctlhhPv
                0x0001131c      0x104 Drivers/SDHC.o
                0x0001131c                disk_ioctl(unsigned char, unsigned char, void*)
 .text._Z11disk_statush
                0x00011420       0x28 Drivers/SDHC.o
                0x00011420                disk_status(unsigned char)
 .text._Z13time_delay_msm
                0x00011448       0x6c Drivers/lptmr.o
                0x00011448                time_delay_ms(unsigned long)
 .text._Z41__static_initialization_and_destruction_0ii
                0x000114b4       0x2c FEHProteus.o
 .text._GLOBAL__sub_I_Propeller
                0x000114e0       0x10 FEHProteus.o
 .text._ZN12FEHPropellerC2Ev
                0x000114f0       0x1a Drivers/FEHPropeller.o
                0x000114f0                FEHPropeller::FEHPropeller()
                0x000114f0                FEHPropeller::FEHPropeller()
 *fill*         0x0001150a        0x2 
 .text._ZN12FEHPropeller10InitializeEv
                0x0001150c       0x74 Drivers/FEHPropeller.o
                0x0001150c                FEHPropeller::Initialize()
 .text._ZN12FEHPropeller12SetMotorRateEhhh
                0x00011580       0x5c Drivers/FEHPropeller.o
                0x00011580                FEHPropeller::SetMotorRate(unsigned char, unsigned char, unsigned char)
 .text._ZL5Delaymjj
                0x000115dc       0x94 Libraries/FEHUtility.o
 .text._Z5Sleepi
                0x00011670       0x2c Libraries/FEHUtility.o
                0x00011670                Sleep(int)
 .text._Z5Sleepd
                0x0001169c       0x4c Libraries/FEHUtility.o
                0x0001169c                Sleep(double)
 .text._ZN15DigitalInputPinC2EN5FEHIO8FEHIOPinE
                0x000116e8       0x20 Libraries/FEHIO.o
                0x000116e8                DigitalInputPin::DigitalInputPin(FEHIO::FEHIOPin)
                0x000116e8                DigitalInputPin::DigitalInputPin(FEHIO::FEHIOPin)
 .text._ZN15DigitalInputPin10InitializeEN5FEHIO8FEHIOPinE
                0x00011708      0x198 Libraries/FEHIO.o
                0x00011708                DigitalInputPin::Initialize(FEHIO::FEHIOPin)
 .text._ZN15DigitalInputPin5ValueEv
                0x000118a0      0x108 Libraries/FEHIO.o
                0x000118a0                DigitalInputPin::Value()
 .text._Z16PORTB_IRQHandlerv
                0x000119a8       0x9c Libraries/FEHIO.o
                0x000119a8                PORTB_IRQHandler()
 .text._Z16PORTC_IRQHandlerv
                0x00011a44       0x9c Libraries/FEHIO.o
                0x00011a44                PORTC_IRQHandler()
 .text._Z16PORTA_IRQHandlerv
                0x00011ae0       0xa0 Libraries/FEHIO.o
                0x00011ae0                PORTA_IRQHandler()
 .text._Z16PORTE_IRQHandlerv
                0x00011b80       0x98 Libraries/FEHIO.o
                0x00011b80                PORTE_IRQHandler()
 .text._ZN14AnalogInputPinC2EN5FEHIO8FEHIOPinE
                0x00011c18       0x1e Libraries/FEHIO.o
                0x00011c18                AnalogInputPin::AnalogInputPin(FEHIO::FEHIOPin)
                0x00011c18                AnalogInputPin::AnalogInputPin(FEHIO::FEHIOPin)
 *fill*         0x00011c36        0x2 
 .text._ZN14AnalogInputPin5ValueEv
                0x00011c38      0x120 Libraries/FEHIO.o
                0x00011c38                AnalogInputPin::Value()
 .text._ZN13AnalogEncoder12EncoderValueEv
                0x00011d58       0xb0 Libraries/FEHIO.o
                0x00011d58                AnalogEncoder::EncoderValue()
 .text._ZN14AnalogInputPin8InitADCsEv
                0x00011e08       0x98 Libraries/FEHIO.o
                0x00011e08                AnalogInputPin::InitADCs()
 .text._Z15PIT0_IRQHandlerv
                0x00011ea0       0x28 Libraries/FEHIO.o
                0x00011ea0                PIT0_IRQHandler()
 .text._ZN13AnalogEncoder4InitEv
                0x00011ec8       0x44 Libraries/FEHIO.o
                0x00011ec8                AnalogEncoder::Init()
 .text._ZN13AnalogEncoder14SetCounterInitEj
                0x00011f0c       0x20 Libraries/FEHIO.o
                0x00011f0c                AnalogEncoder::SetCounterInit(unsigned int)
 .text._ZN13AnalogEncoder10ProcessIntEv
                0x00011f2c       0x68 Libraries/FEHIO.o
                0x00011f2c                AnalogEncoder::ProcessInt()
 .text._ZN13AnalogEncoder14ProcessIntSelfEv
                0x00011f94       0x6e Libraries/FEHIO.o
                0x00011f94                AnalogEncoder::ProcessIntSelf()
 .text._Z7ADC_CalPV10ADC_MemMap
                0x00012002      0x13e Drivers/adc16.o
                0x00012002                ADC_Cal(ADC_MemMap volatile*)
 .text._Z14ADC_Config_AltPV10ADC_MemMapP7adc_cfg
                0x00012140       0x6c Drivers/adc16.o
                0x00012140                ADC_Config_Alt(ADC_MemMap volatile*, adc_cfg*)
 .text._ZN9FEHBuzzerC2Ev
                0x000121ac       0x14 Libraries/FEHBuzzer.o
                0x000121ac                FEHBuzzer::FEHBuzzer()
                0x000121ac                FEHBuzzer::FEHBuzzer()
 .text._Z41__static_initialization_and_destruction_0ii
                0x000121c0       0x2c Libraries/FEHBuzzer.o
 .text._GLOBAL__sub_I_Buzzer
                0x000121ec       0x10 Libraries/FEHBuzzer.o
 .text._ZN6FEHLCD11_InitializeEv
                0x000121fc      0x410 Libraries/FEHLCD.o
                0x000121fc                FEHLCD::_Initialize()
 .text._ZN6FEHLCDC2Ev
                0x0001260c       0x50 Libraries/FEHLCD.o
                0x0001260c                FEHLCD::FEHLCD()
                0x0001260c                FEHLCD::FEHLCD()
 .text._ZN6FEHLCD10InitializeEv
                0x0001265c       0x28 Libraries/FEHLCD.o
                0x0001265c                FEHLCD::Initialize()
 .text._ZN6FEHLCD10PrintImageEii
                0x00012684       0xbc Libraries/FEHLCD.o
                0x00012684                FEHLCD::PrintImage(int, int)
 .text._ZN6FEHLCD9PrintLogoEii
                0x00012740       0xbc Libraries/FEHLCD.o
                0x00012740                FEHLCD::PrintLogo(int, int)
 .text._ZN6FEHLCD22ConvertFEHColorTo24BitENS_11FEHLCDColorE
                0x000127fc       0x78 Libraries/FEHLCD.o
                0x000127fc                FEHLCD::ConvertFEHColorTo24Bit(FEHLCD::FEHLCDColor)
 .text._ZN6FEHLCD24Convert24BitColorTo16BitEj
                0x00012874       0x30 Libraries/FEHLCD.o
                0x00012874                FEHLCD::Convert24BitColorTo16Bit(unsigned int)
 .text._ZN6FEHLCD22ConvertRGBColorTo16BitEhhh
                0x000128a4       0x4a Libraries/FEHLCD.o
                0x000128a4                FEHLCD::ConvertRGBColorTo16Bit(unsigned char, unsigned char, unsigned char)
 .text._ZN6FEHLCD5ClearENS_11FEHLCDColorE
                0x000128ee       0x28 Libraries/FEHLCD.o
                0x000128ee                FEHLCD::Clear(FEHLCD::FEHLCDColor)
 .text._ZN6FEHLCD5ClearEj
                0x00012916       0x2c Libraries/FEHLCD.o
                0x00012916                FEHLCD::Clear(unsigned int)
 .text._ZN6FEHLCD18SetBackgroundColorENS_11FEHLCDColorE
                0x00012942       0x28 Libraries/FEHLCD.o
                0x00012942                FEHLCD::SetBackgroundColor(FEHLCD::FEHLCDColor)
 .text._ZN6FEHLCD18SetBackgroundColorEj
                0x0001296a       0x26 Libraries/FEHLCD.o
                0x0001296a                FEHLCD::SetBackgroundColor(unsigned int)
 .text._ZN6FEHLCD12SetFontColorENS_11FEHLCDColorE
                0x00012990       0x28 Libraries/FEHLCD.o
                0x00012990                FEHLCD::SetFontColor(FEHLCD::FEHLCDColor)
 .text._ZN6FEHLCD12SetFontColorEj
                0x000129b8       0x26 Libraries/FEHLCD.o
                0x000129b8                FEHLCD::SetFontColor(unsigned int)
 .text._ZN6FEHLCD7WriteAtEPKcii
                0x000129de       0x46 Libraries/FEHLCD.o
                0x000129de                FEHLCD::WriteAt(char const*, int, int)
 .text._ZN6FEHLCD7WriteAtEfii
                0x00012a24       0xb8 Libraries/FEHLCD.o
                0x00012a24                FEHLCD::WriteAt(float, int, int)
 .text._ZN6FEHLCD11TS_SPI_InitEv
                0x00012adc       0x7c Libraries/FEHLCD.o
                0x00012adc                FEHLCD::TS_SPI_Init()
 .text._ZN6FEHLCD5WriteEPKc
                0x00012b58       0x4e Libraries/FEHLCD.o
                0x00012b58                FEHLCD::Write(char const*)
 *fill*         0x00012ba6        0x2 
 .text._ZN6FEHLCD5WriteEi
                0x00012ba8       0x30 Libraries/FEHLCD.o
                0x00012ba8                FEHLCD::Write(int)
 .text._ZN6FEHLCD9WriteLineEPKc
                0x00012bd8       0x26 Libraries/FEHLCD.o
                0x00012bd8                FEHLCD::WriteLine(char const*)
 *fill*         0x00012bfe        0x2 
 .text._ZN6FEHLCD10WriteIndexEh
                0x00012c00      0x14c Libraries/FEHLCD.o
                0x00012c00                FEHLCD::WriteIndex(unsigned char)
 .text._ZN6FEHLCD14WriteParameterEh
                0x00012d4c      0x130 Libraries/FEHLCD.o
                0x00012d4c                FEHLCD::WriteParameter(unsigned char)
 .text._ZN6FEHLCD6_ClearEv
                0x00012e7c      0x15c Libraries/FEHLCD.o
                0x00012e7c                FEHLCD::_Clear()
 .text._ZN6FEHLCD8NextLineEv
                0x00012fd8       0x2a Libraries/FEHLCD.o
                0x00012fd8                FEHLCD::NextLine()
 .text._ZN6FEHLCD9CheckLineEv
                0x00013002       0x28 Libraries/FEHLCD.o
                0x00013002                FEHLCD::CheckLine()
 .text._ZN6FEHLCD8NextCharEv
                0x0001302a       0x32 Libraries/FEHLCD.o
                0x0001302a                FEHLCD::NextChar()
 .text._ZN6FEHLCD13SetDrawRegionEiiii
                0x0001305c       0xfe Libraries/FEHLCD.o
                0x0001305c                FEHLCD::SetDrawRegion(int, int, int, int)
 .text._ZN6FEHLCD9WriteCharEiic
                0x0001315a       0x34 Libraries/FEHLCD.o
                0x0001315a                FEHLCD::WriteChar(int, int, char)
 *fill*         0x0001318e        0x2 
 .text._ZN6FEHLCD11WriteCharAtEiic
                0x00013190      0x214 Libraries/FEHLCD.o
                0x00013190                FEHLCD::WriteCharAt(int, int, char)
 .text._ZN6FEHLCD11RepeatColorEv
                0x000133a4       0x70 Libraries/FEHLCD.o
                0x000133a4                FEHLCD::RepeatColor()
 .text._ZN6FEHLCD10_ForePixelEv
                0x00013414       0xc4 Libraries/FEHLCD.o
                0x00013414                FEHLCD::_ForePixel()
 .text._ZN6FEHLCD10_BackPixelEv
                0x000134d8       0xc4 Libraries/FEHLCD.o
                0x000134d8                FEHLCD::_BackPixel()
 .text._ZN6FEHLCD22SetRegisterColorValuesEv
                0x0001359c      0x336 Libraries/FEHLCD.o
                0x0001359c                FEHLCD::SetRegisterColorValues()
 *fill*         0x000138d2        0x2 
 .text._Z41__static_initialization_and_destruction_0ii
                0x000138d4       0x2c Libraries/FEHLCD.o
 .text._GLOBAL__sub_I_image
                0x00013900       0x10 Libraries/FEHLCD.o
 .text._ZN8FEHAccelC2Ev
                0x00013910       0x70 Libraries/FEHAccel.o
                0x00013910                FEHAccel::FEHAccel()
                0x00013910                FEHAccel::FEHAccel()
 .text._Z41__static_initialization_and_destruction_0ii
                0x00013980       0x2c Libraries/FEHAccel.o
 .text._GLOBAL__sub_I_Accel
                0x000139ac       0x10 Libraries/FEHAccel.o
 .text._ZN10FEHBatteryC2EN5FEHIO8FEHIOPinE
                0x000139bc       0x22 Libraries/FEHBattery.o
                0x000139bc                FEHBattery::FEHBattery(FEHIO::FEHIOPin)
                0x000139bc                FEHBattery::FEHBattery(FEHIO::FEHIOPin)
 *fill*         0x000139de        0x2 
 .text._Z41__static_initialization_and_destruction_0ii
                0x000139e0       0x30 Libraries/FEHBattery.o
 .text._GLOBAL__sub_I_Battery
                0x00013a10       0x10 Libraries/FEHBattery.o
 .text._ZN7FEHXBeeC2Ev
                0x00013a20       0x1a Drivers/FEHXBee.o
                0x00013a20                FEHXBee::FEHXBee()
                0x00013a20                FEHXBee::FEHXBee()
 *fill*         0x00013a3a        0x2 
 .text._ZN7FEHXBee17SetPacketCallBackEPFvPhhE
                0x00013a3c       0x20 Drivers/FEHXBee.o
                0x00013a3c                FEHXBee::SetPacketCallBack(void (*)(unsigned char*, unsigned char))
 .text._Z22UART0_RX_TX_IRQHandlerv
                0x00013a5c       0xec Drivers/FEHXBee.o
                0x00013a5c                UART0_RX_TX_IRQHandler()
 .text._ZN6FEHRCSC2Ev
                0x00013b48       0x74 Libraries/FEHRCS.o
                0x00013b48                FEHRCS::FEHRCS()
                0x00013b48                FEHRCS::FEHRCS()
 .text._Z14RCSDataProcessPhh
                0x00013bbc       0xa0 Libraries/FEHRCS.o
                0x00013bbc                RCSDataProcess(unsigned char*, unsigned char)
 .text._Z41__static_initialization_and_destruction_0ii
                0x00013c5c       0x2c Libraries/FEHRCS.o
 .text._GLOBAL__sub_I_RCS
                0x00013c88       0x10 Libraries/FEHRCS.o
 .text._ZN7FEHFileC2Ev
                0x00013c98       0x2c Libraries/FEHSD.o
                0x00013c98                FEHFile::FEHFile()
                0x00013c98                FEHFile::FEHFile()
 .text._ZN5FEHSDC2Ev
                0x00013cc4       0x24 Libraries/FEHSD.o
                0x00013cc4                FEHSD::FEHSD()
                0x00013cc4                FEHSD::FEHSD()
 .text._ZN5FEHSD5FOpenEPKcS1_
                0x00013ce8      0x1c4 Libraries/FEHSD.o
                0x00013ce8                FEHSD::FOpen(char const*, char const*)
 .text._ZN5FEHSD6FCloseEP7FEHFile
                0x00013eac       0xb4 Libraries/FEHSD.o
                0x00013eac                FEHSD::FClose(FEHFile*)
 .text._ZN5FEHSD9FCloseAllEv
                0x00013f60       0x6c Libraries/FEHSD.o
                0x00013f60                FEHSD::FCloseAll()
 .text._ZN5FEHSD7FPrintfEP7FEHFilePKcz
                0x00013fcc       0x58 Libraries/FEHSD.o
                0x00013fcc                FEHSD::FPrintf(FEHFile*, char const*, ...)
 .text._ZN5FEHSD10InitializeEv
                0x00014024       0xe4 Libraries/FEHSD.o
                0x00014024                FEHSD::Initialize()
 .text._Z41__static_initialization_and_destruction_0ii
                0x00014108       0x2c Libraries/FEHSD.o
 .text._GLOBAL__sub_I_SD
                0x00014134       0x10 Libraries/FEHSD.o
 .text._ZN9FEHRandom10InitializeEv
                0x00014144       0x3c Libraries/FEHRandom.o
                0x00014144                FEHRandom::Initialize()
 .text._ZdlPvj  0x00014180        0x4 c:/gcc-arm-none-eabi-10.3-2021.10/bin/../lib/gcc/arm-none-eabi/10.3.1/../../../../arm-none-eabi/lib/thumb/v7e-m/nofp\libstdc++.a(del_ops.o)
                0x00014180                operator delete(void*, unsigned int)
 .text._Znwj    0x00014184       0x3c c:/gcc-arm-none-eabi-10.3-2021.10/bin/../lib/gcc/arm-none-eabi/10.3.1/../../../../arm-none-eabi/lib/thumb/v7e-m/nofp\libstdc++.a(new_op.o)
                0x00014184                operator new(unsigned int)
 .text._ZNKSt9bad_alloc4whatEv
                0x000141c0        0x8 c:/gcc-arm-none-eabi-10.3-2021.10/bin/../lib/gcc/arm-none-eabi/10.3.1/../../../../arm-none-eabi/lib/thumb/v7e-m/nofp\libstdc++.a(bad_alloc.o)
                0x000141c0                std::bad_alloc::what() const
 .text._ZNSt9bad_allocD2Ev
                0x000141c8       0x14 c:/gcc-arm-none-eabi-10.3-2021.10/bin/../lib/gcc/arm-none-eabi/10.3.1/../../../../arm-none-eabi/lib/thumb/v7e-m/nofp\libstdc++.a(bad_alloc.o)
                0x000141c8                std::bad_alloc::~bad_alloc()
                0x000141c8                std::bad_alloc::~bad_alloc()
 .text._ZNSt9bad_allocD0Ev
                0x000141dc       0x1c c:/gcc-arm-none-eabi-10.3-2021.10/bin/../lib/gcc/arm-none-eabi/10.3.1/../../../../arm-none-eabi/lib/thumb/v7e-m/nofp\libstdc++.a(bad_alloc.o)
                0x000141dc                std::bad_alloc::~bad_alloc()
 .text._ZdlPv   0x000141f8        0x4 c:/gcc-arm-none-eabi-10.3-2021.10/bin/../lib/gcc/arm-none-eabi/10.3.1/../../../../arm-none-eabi/lib/thumb/v7e-m/nofp\libstdc++.a(del_op.o)
                0x000141f8                operator delete(void*)
 .text._ZN12_GLOBAL__N_14pool4freeEPv.constprop.0
                0x000141fc       0x88 c:/gcc-arm-none-eabi-10.3-2021.10/bin/../lib/gcc/arm-none-eabi/10.3.1/../../../../arm-none-eabi/lib/thumb/v7e-m/nofp\libstdc++.a(eh_alloc.o)
 .text._ZN12_GLOBAL__N_14pool8allocateEj.constprop.0
                0x00014284       0x5c c:/gcc-arm-none-eabi-10.3-2021.10/bin/../lib/gcc/arm-none-eabi/10.3.1/../../../../arm-none-eabi/lib/thumb/v7e-m/nofp\libstdc++.a(eh_alloc.o)
 .text.__cxa_allocate_exception
                0x000142e0       0x30 c:/gcc-arm-none-eabi-10.3-2021.10/bin/../lib/gcc/arm-none-eabi/10.3.1/../../../../arm-none-eabi/lib/thumb/v7e-m/nofp\libstdc++.a(eh_alloc.o)
                0x000142e0                __cxa_allocate_exception
 .text.__cxa_free_exception
                0x00014310       0x20 c:/gcc-arm-none-eabi-10.3-2021.10/bin/../lib/gcc/arm-none-eabi/10.3.1/../../../../arm-none-eabi/lib/thumb/v7e-m/nofp\libstdc++.a(eh_alloc.o)
                0x00014310                __cxa_free_exception
 .text.startup._GLOBAL__sub_I__ZN9__gnu_cxx9__freeresEv
                0x00014330       0x28 c:/gcc-arm-none-eabi-10.3-2021.10/bin/../lib/gcc/arm-none-eabi/10.3.1/../../../../arm-none-eabi/lib/thumb/v7e-m/nofp\libstdc++.a(eh_alloc.o)
 .text._ZNSt9exceptionD2Ev
                0x00014358        0x4 c:/gcc-arm-none-eabi-10.3-2021.10/bin/../lib/gcc/arm-none-eabi/10.3.1/../../../../arm-none-eabi/lib/thumb/v7e-m/nofp\libstdc++.a(eh_exception.o)
                0x00014358                std::exception::~exception()
                0x00014358                std::exception::~exception()
 .text._ZNSt13bad_exceptionD2Ev
                0x0001435c        0x4 c:/gcc-arm-none-eabi-10.3-2021.10/bin/../lib/gcc/arm-none-eabi/10.3.1/../../../../arm-none-eabi/lib/thumb/v7e-m/nofp\libstdc++.a(eh_exception.o)
                0x0001435c                std::bad_exception::~bad_exception()
                0x0001435c                std::bad_exception::~bad_exception()
 .text._ZNKSt13bad_exception4whatEv
                0x00014360        0x8 c:/gcc-arm-none-eabi-10.3-2021.10/bin/../lib/gcc/arm-none-eabi/10.3.1/../../../../arm-none-eabi/lib/thumb/v7e-m/nofp\libstdc++.a(eh_exception.o)
                0x00014360                std::bad_exception::what() const
                0x00014360                transaction clone for std::bad_exception::what() const
 .text._ZNSt13bad_exceptionD0Ev
                0x00014368       0x10 c:/gcc-arm-none-eabi-10.3-2021.10/bin/../lib/gcc/arm-none-eabi/10.3.1/../../../../arm-none-eabi/lib/thumb/v7e-m/nofp\libstdc++.a(eh_exception.o)
                0x00014368                std::bad_exception::~bad_exception()
 .text._ZN10__cxxabiv111__terminateEPFvvE
                0x00014378       0x28 c:/gcc-arm-none-eabi-10.3-2021.10/bin/../lib/gcc/arm-none-eabi/10.3.1/../../../../arm-none-eabi/lib/thumb/v7e-m/nofp\libstdc++.a(eh_terminate.o)
                0x00014378                __cxxabiv1::__terminate(void (*)())
 .text._ZSt9terminatev
                0x000143a0       0x14 c:/gcc-arm-none-eabi-10.3-2021.10/bin/../lib/gcc/arm-none-eabi/10.3.1/../../../../arm-none-eabi/lib/thumb/v7e-m/nofp\libstdc++.a(eh_terminate.o)
                0x000143a0                std::terminate()
 .text._ZN10__cxxabiv112__unexpectedEPFvvE
                0x000143b4        0x8 c:/gcc-arm-none-eabi-10.3-2021.10/bin/../lib/gcc/arm-none-eabi/10.3.1/../../../../arm-none-eabi/lib/thumb/v7e-m/nofp\libstdc++.a(eh_terminate.o)
                0x000143b4                __cxxabiv1::__unexpected(void (*)())
 .text._ZSt10unexpectedv
                0x000143bc       0x14 c:/gcc-arm-none-eabi-10.3-2021.10/bin/../lib/gcc/arm-none-eabi/10.3.1/../../../../arm-none-eabi/lib/thumb/v7e-m/nofp\libstdc++.a(eh_terminate.o)
                0x000143bc                std::unexpected()
 .text._ZSt13get_terminatev
                0x000143d0       0x10 c:/gcc-arm-none-eabi-10.3-2021.10/bin/../lib/gcc/arm-none-eabi/10.3.1/../../../../arm-none-eabi/lib/thumb/v7e-m/nofp\libstdc++.a(eh_terminate.o)
                0x000143d0                std::get_terminate()
 .text._ZSt14get_unexpectedv
                0x000143e0       0x10 c:/gcc-arm-none-eabi-10.3-2021.10/bin/../lib/gcc/arm-none-eabi/10.3.1/../../../../arm-none-eabi/lib/thumb/v7e-m/nofp\libstdc++.a(eh_terminate.o)
                0x000143e0                std::get_unexpected()
 .text._ZL23__gxx_exception_cleanup19_Unwind_Reason_CodeP21_Unwind_Control_Block
                0x000143f0       0x44 c:/gcc-arm-none-eabi-10.3-2021.10/bin/../lib/gcc/arm-none-eabi/10.3.1/../../../../arm-none-eabi/lib/thumb/v7e-m/nofp\libstdc++.a(eh_throw.o)
 .text.__cxa_init_primary_exception
                0x00014434       0x58 c:/gcc-arm-none-eabi-10.3-2021.10/bin/../lib/gcc/arm-none-eabi/10.3.1/../../../../arm-none-eabi/lib/thumb/v7e-m/nofp\libstdc++.a(eh_throw.o)
                0x00014434                __cxa_init_primary_exception
 .text.__cxa_throw
                0x0001448c       0x34 c:/gcc-arm-none-eabi-10.3-2021.10/bin/../lib/gcc/arm-none-eabi/10.3.1/../../../../arm-none-eabi/lib/thumb/v7e-m/nofp\libstdc++.a(eh_throw.o)
                0x0001448c                __cxa_throw
 .text.__cxa_rethrow
                0x000144c0       0x70 c:/gcc-arm-none-eabi-10.3-2021.10/bin/../lib/gcc/arm-none-eabi/10.3.1/../../../../arm-none-eabi/lib/thumb/v7e-m/nofp\libstdc++.a(eh_throw.o)
                0x000144c0                __cxa_rethrow
 .text._ZSt15get_new_handlerv
                0x00014530       0x10 c:/gcc-arm-none-eabi-10.3-2021.10/bin/../lib/gcc/arm-none-eabi/10.3.1/../../../../arm-none-eabi/lib/thumb/v7e-m/nofp\libstdc++.a(new_handler.o)
                0x00014530                std::get_new_handler()
 .text._ZN10__cxxabiv120__si_class_type_infoD2Ev
                0x00014540       0x14 c:/gcc-arm-none-eabi-10.3-2021.10/bin/../lib/gcc/arm-none-eabi/10.3.1/../../../../arm-none-eabi/lib/thumb/v7e-m/nofp\libstdc++.a(si_class_type_info.o)
                0x00014540                __cxxabiv1::__si_class_type_info::~__si_class_type_info()
                0x00014540                __cxxabiv1::__si_class_type_info::~__si_class_type_info()
 .text._ZN10__cxxabiv120__si_class_type_infoD0Ev
                0x00014554       0x1c c:/gcc-arm-none-eabi-10.3-2021.10/bin/../lib/gcc/arm-none-eabi/10.3.1/../../../../arm-none-eabi/lib/thumb/v7e-m/nofp\libstdc++.a(si_class_type_info.o)
                0x00014554                __cxxabiv1::__si_class_type_info::~__si_class_type_info()
 .text._ZNK10__cxxabiv120__si_class_type_info20__do_find_public_srcEiPKvPKNS_17__class_type_infoES2_
                0x00014570       0x3c c:/gcc-arm-none-eabi-10.3-2021.10/bin/../lib/gcc/arm-none-eabi/10.3.1/../../../../arm-none-eabi/lib/thumb/v7e-m/nofp\libstdc++.a(si_class_type_info.o)
                0x00014570                __cxxabiv1::__si_class_type_info::__do_find_public_src(int, void const*, __cxxabiv1::__class_type_info const*, void const*) const
 .text._ZNK10__cxxabiv120__si_class_type_info12__do_dyncastEiNS_17__class_type_info10__sub_kindEPKS1_PKvS4_S6_RNS1_16__dyncast_resultE
                0x000145ac       0x84 c:/gcc-arm-none-eabi-10.3-2021.10/bin/../lib/gcc/arm-none-eabi/10.3.1/../../../../arm-none-eabi/lib/thumb/v7e-m/nofp\libstdc++.a(si_class_type_info.o)
                0x000145ac                __cxxabiv1::__si_class_type_info::__do_dyncast(int, __cxxabiv1::__class_type_info::__sub_kind, __cxxabiv1::__class_type_info const*, void const*, __cxxabiv1::__class_type_info const*, void const*, __cxxabiv1::__class_type_info::__dyncast_result&) const
 .text._ZNK10__cxxabiv120__si_class_type_info11__do_upcastEPKNS_17__class_type_infoEPKvRNS1_15__upcast_resultE
                0x00014630       0x2c c:/gcc-arm-none-eabi-10.3-2021.10/bin/../lib/gcc/arm-none-eabi/10.3.1/../../../../arm-none-eabi/lib/thumb/v7e-m/nofp\libstdc++.a(si_class_type_info.o)
                0x00014630                __cxxabiv1::__si_class_type_info::__do_upcast(__cxxabiv1::__class_type_info const*, void const*, __cxxabiv1::__class_type_info::__upcast_result&) const
 .text._ZNSt9type_infoD2Ev
                0x0001465c        0x4 c:/gcc-arm-none-eabi-10.3-2021.10/bin/../lib/gcc/arm-none-eabi/10.3.1/../../../../arm-none-eabi/lib/thumb/v7e-m/nofp\libstdc++.a(tinfo.o)
                0x0001465c                std::type_info::~type_info()
                0x0001465c                std::type_info::~type_info()
 .text._ZNKSt9type_info14__is_pointer_pEv
                0x00014660        0x4 c:/gcc-arm-none-eabi-10.3-2021.10/bin/../lib/gcc/arm-none-eabi/10.3.1/../../../../arm-none-eabi/lib/thumb/v7e-m/nofp\libstdc++.a(tinfo.o)
                0x00014660                std::type_info::__is_pointer_p() const
                0x00014660                std::type_info::__is_function_p() const
 .text._ZNKSt9type_infoeqERKS_
                0x00014664       0x2c c:/gcc-arm-none-eabi-10.3-2021.10/bin/../lib/gcc/arm-none-eabi/10.3.1/../../../../arm-none-eabi/lib/thumb/v7e-m/nofp\libstdc++.a(tinfo.o)
                0x00014664                std::type_info::operator==(std::type_info const&) const
 .text._ZN9__gnu_cxx27__verbose_terminate_handlerEv
                0x00014690      0x10c c:/gcc-arm-none-eabi-10.3-2021.10/bin/../lib/gcc/arm-none-eabi/10.3.1/../../../../arm-none-eabi/lib/thumb/v7e-m/nofp\libstdc++.a(vterminate.o)
                0x00014690                __gnu_cxx::__verbose_terminate_handler()
 .text._ZNK10__cxxabiv117__class_type_info11__do_upcastEPKS0_PPv
                0x0001479c       0x34 c:/gcc-arm-none-eabi-10.3-2021.10/bin/../lib/gcc/arm-none-eabi/10.3.1/../../../../arm-none-eabi/lib/thumb/v7e-m/nofp\libstdc++.a(class_type_info.o)
                0x0001479c                __cxxabiv1::__class_type_info::__do_upcast(__cxxabiv1::__class_type_info const*, void**) const
 .text._ZNK10__cxxabiv117__class_type_info20__do_find_public_srcEiPKvPKS0_S2_
                0x000147d0        0xc c:/gcc-arm-none-eabi-10.3-2021.10/bin/../lib/gcc/arm-none-eabi/10.3.1/../../../../arm-none-eabi/lib/thumb/v7e-m/nofp\libstdc++.a(class_type_info.o)
                0x000147d0                __cxxabiv1::__class_type_info::__do_find_public_src(int, void const*, __cxxabiv1::__class_type_info const*, void const*) const
 .text._ZN10__cxxabiv117__class_type_infoD2Ev
                0x000147dc       0x14 c:/gcc-arm-none-eabi-10.3-2021.10/bin/../lib/gcc/arm-none-eabi/10.3.1/../../../../arm-none-eabi/lib/thumb/v7e-m/nofp\libstdc++.a(class_type_info.o)
                0x000147dc                __cxxabiv1::__class_type_info::~__class_type_info()
                0x000147dc                __cxxabiv1::__class_type_info::~__class_type_info()
 .text._ZN10__cxxabiv117__class_type_infoD0Ev
                0x000147f0       0x1c c:/gcc-arm-none-eabi-10.3-2021.10/bin/../lib/gcc/arm-none-eabi/10.3.1/../../../../arm-none-eabi/lib/thumb/v7e-m/nofp\libstdc++.a(class_type_info.o)
                0x000147f0                __cxxabiv1::__class_type_info::~__class_type_info()
 .text._ZNK10__cxxabiv117__class_type_info12__do_dyncastEiNS0_10__sub_kindEPKS0_PKvS3_S5_RNS0_16__dyncast_resultE
                0x0001480c       0x44 c:/gcc-arm-none-eabi-10.3-2021.10/bin/../lib/gcc/arm-none-eabi/10.3.1/../../../../arm-none-eabi/lib/thumb/v7e-m/nofp\libstdc++.a(class_type_info.o)
                0x0001480c                __cxxabiv1::__class_type_info::__do_dyncast(int, __cxxabiv1::__class_type_info::__sub_kind, __cxxabiv1::__class_type_info const*, void const*, __cxxabiv1::__class_type_info const*, void const*, __cxxabiv1::__class_type_info::__dyncast_result&) const
 .text._ZNK10__cxxabiv117__class_type_info11__do_upcastEPKS0_PKvRNS0_15__upcast_resultE
                0x00014850       0x1c c:/gcc-arm-none-eabi-10.3-2021.10/bin/../lib/gcc/arm-none-eabi/10.3.1/../../../../arm-none-eabi/lib/thumb/v7e-m/nofp\libstdc++.a(class_type_info.o)
                0x00014850                __cxxabiv1::__class_type_info::__do_upcast(__cxxabiv1::__class_type_info const*, void const*, __cxxabiv1::__class_type_info::__upcast_result&) const
 .text._ZNK10__cxxabiv117__class_type_info10__do_catchEPKSt9type_infoPPvj
                0x0001486c       0x2c c:/gcc-arm-none-eabi-10.3-2021.10/bin/../lib/gcc/arm-none-eabi/10.3.1/../../../../arm-none-eabi/lib/thumb/v7e-m/nofp\libstdc++.a(class_type_info.o)
                0x0001486c                __cxxabiv1::__class_type_info::__do_catch(std::type_info const*, void**, unsigned int) const
 .text          0x00014898     0x5fa4 c:/gcc-arm-none-eabi-10.3-2021.10/bin/../lib/gcc/arm-none-eabi/10.3.1/../../../../arm-none-eabi/lib/thumb/v7e-m/nofp\libstdc++.a(cp-demangle.o)
                0x0001a754                __cxa_demangle
                0x0001a818                __gcclibcxx_demangle_callback
 .text.__cxa_end_cleanup
                0x0001a83c        0xc c:/gcc-arm-none-eabi-10.3-2021.10/bin/../lib/gcc/arm-none-eabi/10.3.1/../../../../arm-none-eabi/lib/thumb/v7e-m/nofp\libstdc++.a(eh_arm.o)
                0x0001a83c                __cxa_end_cleanup
 .text.__cxa_type_match
                0x0001a848       0xb4 c:/gcc-arm-none-eabi-10.3-2021.10/bin/../lib/gcc/arm-none-eabi/10.3.1/../../../../arm-none-eabi/lib/thumb/v7e-m/nofp\libstdc++.a(eh_arm.o)
                0x0001a848                __cxa_type_match
 .text.__cxa_begin_cleanup
                0x0001a8fc       0x64 c:/gcc-arm-none-eabi-10.3-2021.10/bin/../lib/gcc/arm-none-eabi/10.3.1/../../../../arm-none-eabi/lib/thumb/v7e-m/nofp\libstdc++.a(eh_arm.o)
                0x0001a8fc                __cxa_begin_cleanup
 .text.__gnu_end_cleanup
                0x0001a960       0x70 c:/gcc-arm-none-eabi-10.3-2021.10/bin/../lib/gcc/arm-none-eabi/10.3.1/../../../../arm-none-eabi/lib/thumb/v7e-m/nofp\libstdc++.a(eh_arm.o)
                0x0001a960                __gnu_end_cleanup
 .text._ZN10__cxxabiv1L24__is_gxx_exception_classEPc
                0x0001a9d0       0x3c c:/gcc-arm-none-eabi-10.3-2021.10/bin/../lib/gcc/arm-none-eabi/10.3.1/../../../../arm-none-eabi/lib/thumb/v7e-m/nofp\libstdc++.a(eh_call.o)
 .text.__cxa_call_terminate
                0x0001aa0c       0x20 c:/gcc-arm-none-eabi-10.3-2021.10/bin/../lib/gcc/arm-none-eabi/10.3.1/../../../../arm-none-eabi/lib/thumb/v7e-m/nofp\libstdc++.a(eh_call.o)
                0x0001aa0c                __cxa_call_terminate
 .text.unlikely.__cxa_call_unexpected
                0x0001aa2c       0xe4 c:/gcc-arm-none-eabi-10.3-2021.10/bin/../lib/gcc/arm-none-eabi/10.3.1/../../../../arm-none-eabi/lib/thumb/v7e-m/nofp\libstdc++.a(eh_call.o)
                0x0001aa2c                __cxa_call_unexpected
 .text.__cxa_begin_catch
                0x0001ab10       0x7c c:/gcc-arm-none-eabi-10.3-2021.10/bin/../lib/gcc/arm-none-eabi/10.3.1/../../../../arm-none-eabi/lib/thumb/v7e-m/nofp\libstdc++.a(eh_catch.o)
                0x0001ab10                __cxa_begin_catch
 .text.__cxa_end_catch
                0x0001ab8c       0x8c c:/gcc-arm-none-eabi-10.3-2021.10/bin/../lib/gcc/arm-none-eabi/10.3.1/../../../../arm-none-eabi/lib/thumb/v7e-m/nofp\libstdc++.a(eh_catch.o)
                0x0001ab8c                __cxa_end_catch
 .text.__cxa_get_globals_fast
                0x0001ac18        0x8 c:/gcc-arm-none-eabi-10.3-2021.10/bin/../lib/gcc/arm-none-eabi/10.3.1/../../../../arm-none-eabi/lib/thumb/v7e-m/nofp\libstdc++.a(eh_globals.o)
                0x0001ac18                __cxa_get_globals_fast
 .text.__cxa_get_globals
                0x0001ac20        0x8 c:/gcc-arm-none-eabi-10.3-2021.10/bin/../lib/gcc/arm-none-eabi/10.3.1/../../../../arm-none-eabi/lib/thumb/v7e-m/nofp\libstdc++.a(eh_globals.o)
                0x0001ac20                __cxa_get_globals
 .text._ZL28read_encoded_value_with_basehjPKhPj
                0x0001ac28       0xc0 c:/gcc-arm-none-eabi-10.3-2021.10/bin/../lib/gcc/arm-none-eabi/10.3.1/../../../../arm-none-eabi/lib/thumb/v7e-m/nofp\libstdc++.a(eh_personality.o)
 .text._ZL21base_of_encoded_valuehP15_Unwind_Context
                0x0001ace8       0x48 c:/gcc-arm-none-eabi-10.3-2021.10/bin/../lib/gcc/arm-none-eabi/10.3.1/../../../../arm-none-eabi/lib/thumb/v7e-m/nofp\libstdc++.a(eh_personality.o)
 .text._ZL17parse_lsda_headerP15_Unwind_ContextPKhP16lsda_header_info
                0x0001ad30       0x94 c:/gcc-arm-none-eabi-10.3-2021.10/bin/../lib/gcc/arm-none-eabi/10.3.1/../../../../arm-none-eabi/lib/thumb/v7e-m/nofp\libstdc++.a(eh_personality.o)
 .text.__gxx_personality_v0
                0x0001adc4      0x4a8 c:/gcc-arm-none-eabi-10.3-2021.10/bin/../lib/gcc/arm-none-eabi/10.3.1/../../../../arm-none-eabi/lib/thumb/v7e-m/nofp\libstdc++.a(eh_personality.o)
                0x0001adc4                __gxx_personality_v0
 .text.__cxa_current_exception_type
                0x0001b26c       0x1c c:/gcc-arm-none-eabi-10.3-2021.10/bin/../lib/gcc/arm-none-eabi/10.3.1/../../../../arm-none-eabi/lib/thumb/v7e-m/nofp\libstdc++.a(eh_type.o)
                0x0001b26c                __cxa_current_exception_type
 .text          0x0001b288      0x378 c:/gcc-arm-none-eabi-10.3-2021.10/bin/../lib/gcc/arm-none-eabi/10.3.1/thumb/v7e-m/nofp\libgcc.a(_arm_addsubdf3.o)
                0x0001b288                __aeabi_drsub
                0x0001b290                __aeabi_dsub
                0x0001b290                __subdf3
                0x0001b294                __aeabi_dadd
                0x0001b294                __adddf3
                0x0001b50c                __floatunsidf
                0x0001b50c                __aeabi_ui2d
                0x0001b52c                __floatsidf
                0x0001b52c                __aeabi_i2d
                0x0001b550                __aeabi_f2d
                0x0001b550                __extendsfdf2
                0x0001b594                __floatundidf
                0x0001b594                __aeabi_ul2d
                0x0001b5a4                __floatdidf
                0x0001b5a4                __aeabi_l2d
 .text          0x0001b600      0x424 c:/gcc-arm-none-eabi-10.3-2021.10/bin/../lib/gcc/arm-none-eabi/10.3.1/thumb/v7e-m/nofp\libgcc.a(_arm_muldivdf3.o)
                0x0001b600                __aeabi_dmul
                0x0001b600                __muldf3
                0x0001b854                __divdf3
                0x0001b854                __aeabi_ddiv
 .text          0x0001ba24      0x110 c:/gcc-arm-none-eabi-10.3-2021.10/bin/../lib/gcc/arm-none-eabi/10.3.1/thumb/v7e-m/nofp\libgcc.a(_arm_cmpdf2.o)
                0x0001ba24                __gtdf2
                0x0001ba24                __gedf2
                0x0001ba2c                __ltdf2
                0x0001ba2c                __ledf2
                0x0001ba34                __nedf2
                0x0001ba34                __eqdf2
                0x0001ba34                __cmpdf2
                0x0001bab0                __aeabi_cdrcmple
                0x0001bac0                __aeabi_cdcmpeq
                0x0001bac0                __aeabi_cdcmple
                0x0001bad0                __aeabi_dcmpeq
                0x0001bae4                __aeabi_dcmplt
                0x0001baf8                __aeabi_dcmple
                0x0001bb0c                __aeabi_dcmpge
                0x0001bb20                __aeabi_dcmpgt
 .text          0x0001bb34       0x50 c:/gcc-arm-none-eabi-10.3-2021.10/bin/../lib/gcc/arm-none-eabi/10.3.1/thumb/v7e-m/nofp\libgcc.a(_arm_fixdfsi.o)
                0x0001bb34                __aeabi_d2iz
                0x0001bb34                __fixdfsi
 .text          0x0001bb84       0x40 c:/gcc-arm-none-eabi-10.3-2021.10/bin/../lib/gcc/arm-none-eabi/10.3.1/thumb/v7e-m/nofp\libgcc.a(_arm_fixunsdfsi.o)
                0x0001bb84                __aeabi_d2uiz
                0x0001bb84                __fixunsdfsi
 .text          0x0001bbc4       0xa0 c:/gcc-arm-none-eabi-10.3-2021.10/bin/../lib/gcc/arm-none-eabi/10.3.1/thumb/v7e-m/nofp\libgcc.a(_arm_truncdfsf2.o)
                0x0001bbc4                __truncdfsf2
                0x0001bbc4                __aeabi_d2f
 .text          0x0001bc64      0x21c c:/gcc-arm-none-eabi-10.3-2021.10/bin/../lib/gcc/arm-none-eabi/10.3.1/thumb/v7e-m/nofp\libgcc.a(_arm_addsubsf3.o)
                0x0001bc64                __aeabi_frsub
                0x0001bc6c                __subsf3
                0x0001bc6c                __aeabi_fsub
                0x0001bc70                __aeabi_fadd
                0x0001bc70                __addsf3
                0x0001bdd0                __aeabi_ui2f
                0x0001bdd0                __floatunsisf
                0x0001bdd8                __aeabi_i2f
                0x0001bdd8                __floatsisf
                0x0001bdf4                __aeabi_ul2f
                0x0001bdf4                __floatundisf
                0x0001be04                __aeabi_l2f
                0x0001be04                __floatdisf
 .text          0x0001be80      0x2a0 c:/gcc-arm-none-eabi-10.3-2021.10/bin/../lib/gcc/arm-none-eabi/10.3.1/thumb/v7e-m/nofp\libgcc.a(_arm_muldivsf3.o)
                0x0001be80                __mulsf3
                0x0001be80                __aeabi_fmul
                0x0001bfe8                __aeabi_fdiv
                0x0001bfe8                __divsf3
 .text          0x0001c120       0xec c:/gcc-arm-none-eabi-10.3-2021.10/bin/../lib/gcc/arm-none-eabi/10.3.1/thumb/v7e-m/nofp\libgcc.a(_arm_cmpsf2.o)
                0x0001c120                __gesf2
                0x0001c120                __gtsf2
                0x0001c128                __lesf2
                0x0001c128                __ltsf2
                0x0001c130                __nesf2
                0x0001c130                __eqsf2
                0x0001c130                __cmpsf2
                0x0001c190                __aeabi_cfrcmple
                0x0001c198                __aeabi_cfcmpeq
                0x0001c198                __aeabi_cfcmple
                0x0001c1a8                __aeabi_fcmpeq
                0x0001c1bc                __aeabi_fcmplt
                0x0001c1d0                __aeabi_fcmple
                0x0001c1e4                __aeabi_fcmpge
                0x0001c1f8                __aeabi_fcmpgt
 .text          0x0001c20c       0x4c c:/gcc-arm-none-eabi-10.3-2021.10/bin/../lib/gcc/arm-none-eabi/10.3.1/thumb/v7e-m/nofp\libgcc.a(_arm_fixsfsi.o)
                0x0001c20c                __aeabi_f2iz
                0x0001c20c                __fixsfsi
 .text          0x0001c258      0x9d8 c:/gcc-arm-none-eabi-10.3-2021.10/bin/../lib/gcc/arm-none-eabi/10.3.1/thumb/v7e-m/nofp\libgcc.a(unwind-arm.o)
                0x0001c500                _Unwind_GetCFA
                0x0001c504                __gnu_Unwind_RaiseException
                0x0001c56c                __gnu_Unwind_ForcedUnwind
                0x0001c57c                __gnu_Unwind_Resume
                0x0001c5c0                __gnu_Unwind_Resume_or_Rethrow
                0x0001c5d0                _Unwind_Complete
                0x0001c5d4                _Unwind_DeleteException
                0x0001c5e0                _Unwind_VRS_Get
                0x0001c62c                _Unwind_VRS_Set
                0x0001c674                __gnu_Unwind_Backtrace
                0x0001c9a0                __aeabi_unwind_cpp_pr0
                0x0001c9a4                __aeabi_unwind_cpp_pr1
                0x0001c9a8                __aeabi_unwind_cpp_pr2
                0x0001c9ac                _Unwind_VRS_Pop
 .text          0x0001cc30      0x1ac c:/gcc-arm-none-eabi-10.3-2021.10/bin/../lib/gcc/arm-none-eabi/10.3.1/thumb/v7e-m/nofp\libgcc.a(libunwind.o)
                0x0001cc30                __restore_core_regs
                0x0001cc30                restore_core_regs
                0x0001cc48                __gnu_Unwind_Restore_VFP
                0x0001cc50                __gnu_Unwind_Save_VFP
                0x0001cc58                __gnu_Unwind_Restore_VFP_D
                0x0001cc60                __gnu_Unwind_Save_VFP_D
                0x0001cc68                __gnu_Unwind_Restore_VFP_D_16_to_31
                0x0001cc70                __gnu_Unwind_Save_VFP_D_16_to_31
                0x0001cc78                __gnu_Unwind_Restore_WMMXD
                0x0001ccbc                __gnu_Unwind_Save_WMMXD
                0x0001cd00                __gnu_Unwind_Restore_WMMXC
                0x0001cd14                __gnu_Unwind_Save_WMMXC
                0x0001cd28                ___Unwind_RaiseException
                0x0001cd28                _Unwind_RaiseException
                0x0001cd4c                _Unwind_Resume
                0x0001cd4c                ___Unwind_Resume
                0x0001cd70                _Unwind_Resume_or_Rethrow
                0x0001cd70                ___Unwind_Resume_or_Rethrow
                0x0001cd94                _Unwind_ForcedUnwind
                0x0001cd94                ___Unwind_ForcedUnwind
                0x0001cdb8                ___Unwind_Backtrace
                0x0001cdb8                _Unwind_Backtrace
 .text          0x0001cddc      0x350 c:/gcc-arm-none-eabi-10.3-2021.10/bin/../lib/gcc/arm-none-eabi/10.3.1/thumb/v7e-m/nofp\libgcc.a(pr-support.o)
                0x0001ce34                __gnu_unwind_execute
                0x0001d0e0                __gnu_unwind_frame
                0x0001d10c                _Unwind_GetRegionStart
                0x0001d118                _Unwind_GetLanguageSpecificData
 .text.unlikely
                0x0001d12c        0xc c:/gcc-arm-none-eabi-10.3-2021.10/bin/../lib/gcc/arm-none-eabi/10.3.1/thumb/v7e-m/nofp\libgcc.a(pr-support.o)
                0x0001d12c                _Unwind_GetDataRelBase
                0x0001d132                _Unwind_GetTextRelBase
 .text.abort    0x0001d138       0x10 c:/gcc-arm-none-eabi-10.3-2021.10/bin/../lib/gcc/arm-none-eabi/10.3.1/../../../../arm-none-eabi/lib/thumb/v7e-m/nofp\libg.a(lib_a-abort.o)
                0x0001d138                abort
 .text.fputc    0x0001d148       0x58 c:/gcc-arm-none-eabi-10.3-2021.10/bin/../lib/gcc/arm-none-eabi/10.3.1/../../../../arm-none-eabi/lib/thumb/v7e-m/nofp\libg.a(lib_a-fputc.o)
                0x0001d148                fputc
 .text._fputs_r
                0x0001d1a0       0x88 c:/gcc-arm-none-eabi-10.3-2021.10/bin/../lib/gcc/arm-none-eabi/10.3.1/../../../../arm-none-eabi/lib/thumb/v7e-m/nofp\libg.a(lib_a-fputs.o)
                0x0001d1a0                _fputs_r
 .text.fputs    0x0001d228       0x18 c:/gcc-arm-none-eabi-10.3-2021.10/bin/../lib/gcc/arm-none-eabi/10.3.1/../../../../arm-none-eabi/lib/thumb/v7e-m/nofp\libg.a(lib_a-fputs.o)
                0x0001d228                fputs
 .text.__sfvwrite_r
                0x0001d240      0x2e8 c:/gcc-arm-none-eabi-10.3-2021.10/bin/../lib/gcc/arm-none-eabi/10.3.1/../../../../arm-none-eabi/lib/thumb/v7e-m/nofp\libg.a(lib_a-fvwrite.o)
                0x0001d240                __sfvwrite_r
 .text._fwrite_r
                0x0001d528       0xa8 c:/gcc-arm-none-eabi-10.3-2021.10/bin/../lib/gcc/arm-none-eabi/10.3.1/../../../../arm-none-eabi/lib/thumb/v7e-m/nofp\libg.a(lib_a-fwrite.o)
                0x0001d528                _fwrite_r
 .text.fwrite   0x0001d5d0       0x20 c:/gcc-arm-none-eabi-10.3-2021.10/bin/../lib/gcc/arm-none-eabi/10.3.1/../../../../arm-none-eabi/lib/thumb/v7e-m/nofp\libg.a(lib_a-fwrite.o)
                0x0001d5d0                fwrite
 .text.__libc_init_array
                0x0001d5f0       0x48 c:/gcc-arm-none-eabi-10.3-2021.10/bin/../lib/gcc/arm-none-eabi/10.3.1/../../../../arm-none-eabi/lib/thumb/v7e-m/nofp\libg.a(lib_a-init.o)
                0x0001d5f0                __libc_init_array
 .text.__retarget_lock_init_recursive
                0x0001d638        0x4 c:/gcc-arm-none-eabi-10.3-2021.10/bin/../lib/gcc/arm-none-eabi/10.3.1/../../../../arm-none-eabi/lib/thumb/v7e-m/nofp\libg.a(lib_a-lock.o)
                0x0001d638                __retarget_lock_init_recursive
 .text.__retarget_lock_close_recursive
                0x0001d63c        0x4 c:/gcc-arm-none-eabi-10.3-2021.10/bin/../lib/gcc/arm-none-eabi/10.3.1/../../../../arm-none-eabi/lib/thumb/v7e-m/nofp\libg.a(lib_a-lock.o)
                0x0001d63c                __retarget_lock_close_recursive
 .text.__retarget_lock_acquire_recursive
                0x0001d640        0x4 c:/gcc-arm-none-eabi-10.3-2021.10/bin/../lib/gcc/arm-none-eabi/10.3.1/../../../../arm-none-eabi/lib/thumb/v7e-m/nofp\libg.a(lib_a-lock.o)
                0x0001d640                __retarget_lock_acquire_recursive
 .text.__retarget_lock_release_recursive
                0x0001d644        0x4 c:/gcc-arm-none-eabi-10.3-2021.10/bin/../lib/gcc/arm-none-eabi/10.3.1/../../../../arm-none-eabi/lib/thumb/v7e-m/nofp\libg.a(lib_a-lock.o)
                0x0001d644                __retarget_lock_release_recursive
 .text.malloc   0x0001d648       0x10 c:/gcc-arm-none-eabi-10.3-2021.10/bin/../lib/gcc/arm-none-eabi/10.3.1/../../../../arm-none-eabi/lib/thumb/v7e-m/nofp\libg.a(lib_a-malloc.o)
                0x0001d648                malloc
 .text.free     0x0001d658       0x10 c:/gcc-arm-none-eabi-10.3-2021.10/bin/../lib/gcc/arm-none-eabi/10.3.1/../../../../arm-none-eabi/lib/thumb/v7e-m/nofp\libg.a(lib_a-malloc.o)
                0x0001d658                free
 .text._malloc_r
                0x0001d668      0x560 c:/gcc-arm-none-eabi-10.3-2021.10/bin/../lib/gcc/arm-none-eabi/10.3.1/../../../../arm-none-eabi/lib/thumb/v7e-m/nofp\libg.a(lib_a-mallocr.o)
                0x0001d668                _malloc_r
 *fill*         0x0001dbc8        0x8 
 .text          0x0001dbd0       0xa0 c:/gcc-arm-none-eabi-10.3-2021.10/bin/../lib/gcc/arm-none-eabi/10.3.1/../../../../arm-none-eabi/lib/thumb/v7e-m/nofp\libg.a(lib_a-memchr.o)
                0x0001dbd0                memchr
 .text.memcmp   0x0001dc70       0x68 c:/gcc-arm-none-eabi-10.3-2021.10/bin/../lib/gcc/arm-none-eabi/10.3.1/../../../../arm-none-eabi/lib/thumb/v7e-m/nofp\libg.a(lib_a-memcmp.o)
                0x0001dc70                memcmp
 .text          0x0001dcd8      0x134 c:/gcc-arm-none-eabi-10.3-2021.10/bin/../lib/gcc/arm-none-eabi/10.3.1/../../../../arm-none-eabi/lib/thumb/v7e-m/nofp\libg.a(lib_a-memcpy.o)
                0x0001dcd8                memcpy
 .text.memmove  0x0001de0c       0xf8 c:/gcc-arm-none-eabi-10.3-2021.10/bin/../lib/gcc/arm-none-eabi/10.3.1/../../../../arm-none-eabi/lib/thumb/v7e-m/nofp\libg.a(lib_a-memmove.o)
                0x0001de0c                memmove
 .text.memset   0x0001df04       0xa4 c:/gcc-arm-none-eabi-10.3-2021.10/bin/../lib/gcc/arm-none-eabi/10.3.1/../../../../arm-none-eabi/lib/thumb/v7e-m/nofp\libg.a(lib_a-memset.o)
                0x0001df04                memset
 .text.__malloc_lock
                0x0001dfa8        0xc c:/gcc-arm-none-eabi-10.3-2021.10/bin/../lib/gcc/arm-none-eabi/10.3.1/../../../../arm-none-eabi/lib/thumb/v7e-m/nofp\libg.a(lib_a-mlock.o)
                0x0001dfa8                __malloc_lock
 .text.__malloc_unlock
                0x0001dfb4        0xc c:/gcc-arm-none-eabi-10.3-2021.10/bin/../lib/gcc/arm-none-eabi/10.3.1/../../../../arm-none-eabi/lib/thumb/v7e-m/nofp\libg.a(lib_a-mlock.o)
                0x0001dfb4                __malloc_unlock
 .text._putc_r  0x0001dfc0       0x74 c:/gcc-arm-none-eabi-10.3-2021.10/bin/../lib/gcc/arm-none-eabi/10.3.1/../../../../arm-none-eabi/lib/thumb/v7e-m/nofp\libg.a(lib_a-putc.o)
                0x0001dfc0                _putc_r
 .text.realloc  0x0001e034       0x18 c:/gcc-arm-none-eabi-10.3-2021.10/bin/../lib/gcc/arm-none-eabi/10.3.1/../../../../arm-none-eabi/lib/thumb/v7e-m/nofp\libg.a(lib_a-realloc.o)
                0x0001e034                realloc
 .text._realloc_r
                0x0001e04c      0x3d8 c:/gcc-arm-none-eabi-10.3-2021.10/bin/../lib/gcc/arm-none-eabi/10.3.1/../../../../arm-none-eabi/lib/thumb/v7e-m/nofp\libg.a(lib_a-reallocr.o)
                0x0001e04c                _realloc_r
 .text._sbrk_r  0x0001e424       0x24 c:/gcc-arm-none-eabi-10.3-2021.10/bin/../lib/gcc/arm-none-eabi/10.3.1/../../../../arm-none-eabi/lib/thumb/v7e-m/nofp\libg.a(lib_a-sbrkr.o)
                0x0001e424                _sbrk_r
 .text.raise    0x0001e448       0x5c c:/gcc-arm-none-eabi-10.3-2021.10/bin/../lib/gcc/arm-none-eabi/10.3.1/../../../../arm-none-eabi/lib/thumb/v7e-m/nofp\libg.a(lib_a-signal.o)
                0x0001e448                raise
 .text._kill_r  0x0001e4a4       0x2c c:/gcc-arm-none-eabi-10.3-2021.10/bin/../lib/gcc/arm-none-eabi/10.3.1/../../../../arm-none-eabi/lib/thumb/v7e-m/nofp\libg.a(lib_a-signalr.o)
                0x0001e4a4                _kill_r
 .text._getpid_r
                0x0001e4d0        0x4 c:/gcc-arm-none-eabi-10.3-2021.10/bin/../lib/gcc/arm-none-eabi/10.3.1/../../../../arm-none-eabi/lib/thumb/v7e-m/nofp\libg.a(lib_a-signalr.o)
                0x0001e4d0                _getpid_r
 .text.sprintf  0x0001e4d4       0x40 c:/gcc-arm-none-eabi-10.3-2021.10/bin/../lib/gcc/arm-none-eabi/10.3.1/../../../../arm-none-eabi/lib/thumb/v7e-m/nofp\libg.a(lib_a-sprintf.o)
                0x0001e4d4                sprintf
 *fill*         0x0001e514        0xc 
 .text          0x0001e520      0x2dc c:/gcc-arm-none-eabi-10.3-2021.10/bin/../lib/gcc/arm-none-eabi/10.3.1/../../../../arm-none-eabi/lib/thumb/v7e-m/nofp\libg.a(lib_a-strcmp.o)
                0x0001e528                strcmp
 *fill*         0x0001e7fc        0x4 
 .text          0x0001e800       0xdc c:/gcc-arm-none-eabi-10.3-2021.10/bin/../lib/gcc/arm-none-eabi/10.3.1/../../../../arm-none-eabi/lib/thumb/v7e-m/nofp\libg.a(lib_a-strlen.o)
                0x0001e800                strlen
 .text.strncmp  0x0001e8dc       0x80 c:/gcc-arm-none-eabi-10.3-2021.10/bin/../lib/gcc/arm-none-eabi/10.3.1/../../../../arm-none-eabi/lib/thumb/v7e-m/nofp\libg.a(lib_a-strncmp.o)
                0x0001e8dc                strncmp
 .text._svfprintf_r
                0x0001e95c     0x1a3c c:/gcc-arm-none-eabi-10.3-2021.10/bin/../lib/gcc/arm-none-eabi/10.3.1/../../../../arm-none-eabi/lib/thumb/v7e-m/nofp\libg.a(lib_a-svfprintf.o)
                0x0001e95c                _svfprintf_r
 .text.__swbuf_r
                0x00020398       0xb0 c:/gcc-arm-none-eabi-10.3-2021.10/bin/../lib/gcc/arm-none-eabi/10.3.1/../../../../arm-none-eabi/lib/thumb/v7e-m/nofp\libg.a(lib_a-wbuf.o)
                0x00020398                __swbuf_r
 .text._write_r
                0x00020448       0x2c c:/gcc-arm-none-eabi-10.3-2021.10/bin/../lib/gcc/arm-none-eabi/10.3.1/../../../../arm-none-eabi/lib/thumb/v7e-m/nofp\libg.a(lib_a-writer.o)
                0x00020448                _write_r
 .text.__swsetup_r
                0x00020474       0xd4 c:/gcc-arm-none-eabi-10.3-2021.10/bin/../lib/gcc/arm-none-eabi/10.3.1/../../../../arm-none-eabi/lib/thumb/v7e-m/nofp\libg.a(lib_a-wsetup.o)
                0x00020474                __swsetup_r
 .text.startup.register_fini
                0x00020548       0x14 c:/gcc-arm-none-eabi-10.3-2021.10/bin/../lib/gcc/arm-none-eabi/10.3.1/../../../../arm-none-eabi/lib/thumb/v7e-m/nofp\libg.a(lib_a-__call_atexit.o)
 .text.atexit   0x0002055c        0xc c:/gcc-arm-none-eabi-10.3-2021.10/bin/../lib/gcc/arm-none-eabi/10.3.1/../../../../arm-none-eabi/lib/thumb/v7e-m/nofp\libg.a(lib_a-atexit.o)
                0x0002055c                atexit
 .text.quorem   0x00020568      0x124 c:/gcc-arm-none-eabi-10.3-2021.10/bin/../lib/gcc/arm-none-eabi/10.3.1/../../../../arm-none-eabi/lib/thumb/v7e-m/nofp\libg.a(lib_a-dtoa.o)
 *fill*         0x0002068c        0x4 
 .text._dtoa_r  0x00020690      0xec4 c:/gcc-arm-none-eabi-10.3-2021.10/bin/../lib/gcc/arm-none-eabi/10.3.1/../../../../arm-none-eabi/lib/thumb/v7e-m/nofp\libg.a(lib_a-dtoa.o)
                0x00020690                _dtoa_r
 .text.__sflush_r
                0x00021554      0x120 c:/gcc-arm-none-eabi-10.3-2021.10/bin/../lib/gcc/arm-none-eabi/10.3.1/../../../../arm-none-eabi/lib/thumb/v7e-m/nofp\libg.a(lib_a-fflush.o)
                0x00021554                __sflush_r
 .text._fflush_r
                0x00021674       0x5c c:/gcc-arm-none-eabi-10.3-2021.10/bin/../lib/gcc/arm-none-eabi/10.3.1/../../../../arm-none-eabi/lib/thumb/v7e-m/nofp\libg.a(lib_a-fflush.o)
                0x00021674                _fflush_r
 .text._cleanup_r
                0x000216d0        0xc c:/gcc-arm-none-eabi-10.3-2021.10/bin/../lib/gcc/arm-none-eabi/10.3.1/../../../../arm-none-eabi/lib/thumb/v7e-m/nofp\libg.a(lib_a-findfp.o)
                0x000216d0                _cleanup_r
 .text.__sinit  0x000216dc      0x10c c:/gcc-arm-none-eabi-10.3-2021.10/bin/../lib/gcc/arm-none-eabi/10.3.1/../../../../arm-none-eabi/lib/thumb/v7e-m/nofp\libg.a(lib_a-findfp.o)
                0x000216dc                __sinit
 .text.__sfp_lock_acquire
                0x000217e8        0xc c:/gcc-arm-none-eabi-10.3-2021.10/bin/../lib/gcc/arm-none-eabi/10.3.1/../../../../arm-none-eabi/lib/thumb/v7e-m/nofp\libg.a(lib_a-findfp.o)
                0x000217e8                __sfp_lock_acquire
 .text.__sfp_lock_release
                0x000217f4        0xc c:/gcc-arm-none-eabi-10.3-2021.10/bin/../lib/gcc/arm-none-eabi/10.3.1/../../../../arm-none-eabi/lib/thumb/v7e-m/nofp\libg.a(lib_a-findfp.o)
                0x000217f4                __sfp_lock_release
 .text.__libc_fini_array
                0x00021800       0x2c c:/gcc-arm-none-eabi-10.3-2021.10/bin/../lib/gcc/arm-none-eabi/10.3.1/../../../../arm-none-eabi/lib/thumb/v7e-m/nofp\libg.a(lib_a-fini.o)
                0x00021800                __libc_fini_array
 .text._malloc_trim_r
                0x0002182c       0xa0 c:/gcc-arm-none-eabi-10.3-2021.10/bin/../lib/gcc/arm-none-eabi/10.3.1/../../../../arm-none-eabi/lib/thumb/v7e-m/nofp\libg.a(lib_a-freer.o)
                0x0002182c                _malloc_trim_r
 .text._free_r  0x000218cc      0x20c c:/gcc-arm-none-eabi-10.3-2021.10/bin/../lib/gcc/arm-none-eabi/10.3.1/../../../../arm-none-eabi/lib/thumb/v7e-m/nofp\libg.a(lib_a-freer.o)
                0x000218cc                _free_r
 .text._fwalk_reent
                0x00021ad8       0x48 c:/gcc-arm-none-eabi-10.3-2021.10/bin/../lib/gcc/arm-none-eabi/10.3.1/../../../../arm-none-eabi/lib/thumb/v7e-m/nofp\libg.a(lib_a-fwalk.o)
                0x00021ad8                _fwalk_reent
 .text._localeconv_r
                0x00021b20        0x8 c:/gcc-arm-none-eabi-10.3-2021.10/bin/../lib/gcc/arm-none-eabi/10.3.1/../../../../arm-none-eabi/lib/thumb/v7e-m/nofp\libg.a(lib_a-localeconv.o)
                0x00021b20                _localeconv_r
 .text.__smakebuf_r
                0x00021b28       0xe0 c:/gcc-arm-none-eabi-10.3-2021.10/bin/../lib/gcc/arm-none-eabi/10.3.1/../../../../arm-none-eabi/lib/thumb/v7e-m/nofp\libg.a(lib_a-makebuf.o)
                0x00021b28                __smakebuf_r
 .text._Balloc  0x00021c08       0x4c c:/gcc-arm-none-eabi-10.3-2021.10/bin/../lib/gcc/arm-none-eabi/10.3.1/../../../../arm-none-eabi/lib/thumb/v7e-m/nofp\libg.a(lib_a-mprec.o)
                0x00021c08                _Balloc
 .text._Bfree   0x00021c54       0x14 c:/gcc-arm-none-eabi-10.3-2021.10/bin/../lib/gcc/arm-none-eabi/10.3.1/../../../../arm-none-eabi/lib/thumb/v7e-m/nofp\libg.a(lib_a-mprec.o)
                0x00021c54                _Bfree
 .text.__multadd
                0x00021c68       0xa0 c:/gcc-arm-none-eabi-10.3-2021.10/bin/../lib/gcc/arm-none-eabi/10.3.1/../../../../arm-none-eabi/lib/thumb/v7e-m/nofp\libg.a(lib_a-mprec.o)
                0x00021c68                __multadd
 .text.__hi0bits
                0x00021d08       0x40 c:/gcc-arm-none-eabi-10.3-2021.10/bin/../lib/gcc/arm-none-eabi/10.3.1/../../../../arm-none-eabi/lib/thumb/v7e-m/nofp\libg.a(lib_a-mprec.o)
                0x00021d08                __hi0bits
 .text.__lo0bits
                0x00021d48       0x5c c:/gcc-arm-none-eabi-10.3-2021.10/bin/../lib/gcc/arm-none-eabi/10.3.1/../../../../arm-none-eabi/lib/thumb/v7e-m/nofp\libg.a(lib_a-mprec.o)
                0x00021d48                __lo0bits
 .text.__i2b    0x00021da4       0x5c c:/gcc-arm-none-eabi-10.3-2021.10/bin/../lib/gcc/arm-none-eabi/10.3.1/../../../../arm-none-eabi/lib/thumb/v7e-m/nofp\libg.a(lib_a-mprec.o)
                0x00021da4                __i2b
 .text.__multiply
                0x00021e00      0x15c c:/gcc-arm-none-eabi-10.3-2021.10/bin/../lib/gcc/arm-none-eabi/10.3.1/../../../../arm-none-eabi/lib/thumb/v7e-m/nofp\libg.a(lib_a-mprec.o)
                0x00021e00                __multiply
 .text.__pow5mult
                0x00021f5c       0xc0 c:/gcc-arm-none-eabi-10.3-2021.10/bin/../lib/gcc/arm-none-eabi/10.3.1/../../../../arm-none-eabi/lib/thumb/v7e-m/nofp\libg.a(lib_a-mprec.o)
                0x00021f5c                __pow5mult
 .text.__lshift
                0x0002201c       0xf0 c:/gcc-arm-none-eabi-10.3-2021.10/bin/../lib/gcc/arm-none-eabi/10.3.1/../../../../arm-none-eabi/lib/thumb/v7e-m/nofp\libg.a(lib_a-mprec.o)
                0x0002201c                __lshift
 .text.__mcmp   0x0002210c       0x40 c:/gcc-arm-none-eabi-10.3-2021.10/bin/../lib/gcc/arm-none-eabi/10.3.1/../../../../arm-none-eabi/lib/thumb/v7e-m/nofp\libg.a(lib_a-mprec.o)
                0x0002210c                __mcmp
 .text.__mdiff  0x0002214c      0x14c c:/gcc-arm-none-eabi-10.3-2021.10/bin/../lib/gcc/arm-none-eabi/10.3.1/../../../../arm-none-eabi/lib/thumb/v7e-m/nofp\libg.a(lib_a-mprec.o)
                0x0002214c                __mdiff
 .text.__d2b    0x00022298       0xc4 c:/gcc-arm-none-eabi-10.3-2021.10/bin/../lib/gcc/arm-none-eabi/10.3.1/../../../../arm-none-eabi/lib/thumb/v7e-m/nofp\libg.a(lib_a-mprec.o)
                0x00022298                __d2b
 .text.frexp    0x0002235c       0x70 c:/gcc-arm-none-eabi-10.3-2021.10/bin/../lib/gcc/arm-none-eabi/10.3.1/../../../../arm-none-eabi/lib/thumb/v7e-m/nofp\libg.a(lib_a-s_frexp.o)
                0x0002235c                frexp
 .text.__sread  0x000223cc       0x24 c:/gcc-arm-none-eabi-10.3-2021.10/bin/../lib/gcc/arm-none-eabi/10.3.1/../../../../arm-none-eabi/lib/thumb/v7e-m/nofp\libg.a(lib_a-stdio.o)
                0x000223cc                __sread
 .text.__swrite
                0x000223f0       0x40 c:/gcc-arm-none-eabi-10.3-2021.10/bin/../lib/gcc/arm-none-eabi/10.3.1/../../../../arm-none-eabi/lib/thumb/v7e-m/nofp\libg.a(lib_a-stdio.o)
                0x000223f0                __swrite
 .text.__sseek  0x00022430       0x20 c:/gcc-arm-none-eabi-10.3-2021.10/bin/../lib/gcc/arm-none-eabi/10.3.1/../../../../arm-none-eabi/lib/thumb/v7e-m/nofp\libg.a(lib_a-stdio.o)
                0x00022430                __sseek
 .text.__sclose
                0x00022450        0x8 c:/gcc-arm-none-eabi-10.3-2021.10/bin/../lib/gcc/arm-none-eabi/10.3.1/../../../../arm-none-eabi/lib/thumb/v7e-m/nofp\libg.a(lib_a-stdio.o)
                0x00022450                __sclose
 .text.strncpy  0x00022458       0x64 c:/gcc-arm-none-eabi-10.3-2021.10/bin/../lib/gcc/arm-none-eabi/10.3.1/../../../../arm-none-eabi/lib/thumb/v7e-m/nofp\libg.a(lib_a-strncpy.o)
                0x00022458                strncpy
 .text.__ssprint_r
                0x000224bc       0xf8 c:/gcc-arm-none-eabi-10.3-2021.10/bin/../lib/gcc/arm-none-eabi/10.3.1/../../../../arm-none-eabi/lib/thumb/v7e-m/nofp\libg.a(lib_a-svfiprintf.o)
                0x000224bc                __ssprint_r
 .text.__register_exitproc
                0x000225b4       0x8c c:/gcc-arm-none-eabi-10.3-2021.10/bin/../lib/gcc/arm-none-eabi/10.3.1/../../../../arm-none-eabi/lib/thumb/v7e-m/nofp\libg.a(lib_a-__atexit.o)
                0x000225b4                __register_exitproc
 .text.__assert_func
                0x00022640       0x40 c:/gcc-arm-none-eabi-10.3-2021.10/bin/../lib/gcc/arm-none-eabi/10.3.1/../../../../arm-none-eabi/lib/thumb/v7e-m/nofp\libg.a(lib_a-assert.o)
                0x00022640                __assert_func
 .text._calloc_r
                0x00022680       0x78 c:/gcc-arm-none-eabi-10.3-2021.10/bin/../lib/gcc/arm-none-eabi/10.3.1/../../../../arm-none-eabi/lib/thumb/v7e-m/nofp\libg.a(lib_a-callocr.o)
                0x00022680                _calloc_r
 .text._close_r
                0x000226f8       0x24 c:/gcc-arm-none-eabi-10.3-2021.10/bin/../lib/gcc/arm-none-eabi/10.3.1/../../../../arm-none-eabi/lib/thumb/v7e-m/nofp\libg.a(lib_a-closer.o)
                0x000226f8                _close_r
 .text.__errno  0x0002271c        0xc c:/gcc-arm-none-eabi-10.3-2021.10/bin/../lib/gcc/arm-none-eabi/10.3.1/../../../../arm-none-eabi/lib/thumb/v7e-m/nofp\libg.a(lib_a-errno.o)
                0x0002271c                __errno
 .text._fclose_r