Archive member included to satisfy reference by file (symbol)

c:/gcc-arm-none-eabi-10.3-2021.10/bin/../lib/gcc/arm-none-eabi/10.3.1/../../../../arm-none-eabi/lib/thumb/v7e-m/nofp\libstdc++.a(del_ops.o)
                              Libraries/FEHIO.o (operator delete(void*, unsigned int))
c:/gcc-arm-none-eabi-10.3-2021.10/bin/../lib/gcc/arm-none-eabi/10.3.1/../../../../arm-none-eabi/lib/thumb/v7e-m/nofp\libstdc++.a(new_op.o)
                              Libraries/FEHIO.o (operator new(unsigned int))
c:/gcc-arm-none-eabi-10.3-2021.10/bin/../lib/gcc/arm-none-eabi/10.3.1/../../../../arm-none-eabi/lib/thumb/v7e-m/nofp\libstdc++.a(string-inst.o)
                              Libraries/FEHLCD.o (std::__cxx11::basic_string<char, std::char_traits<char>, std::allocator<char> >::c_str() const)
c:/gcc-arm-none-eabi-10.3-2021.10/bin/../lib/gcc/arm-none-eabi/10.3.1/../../../../arm-none-eabi/lib/thumb/v7e-m/nofp\libstdc++.a(bad_alloc.o)
                              c:/gcc-arm-none-eabi-10.3-2021.10/bin/../lib/gcc/arm-none-eabi/10.3.1/../../../../arm-none-eabi/lib/thumb/v7e-m/nofp\libstdc++.a(new_op.o) (std::bad_alloc::~bad_alloc())
c:/gcc-arm-none-eabi-10.3-2021.10/bin/../lib/gcc/arm-none-eabi/10.3.1/../../../../arm-none-eabi/lib/thumb/v7e-m/nofp\libstdc++.a(del_op.o)
                              c:/gcc-arm-none-eabi-10.3-2021.10/bin/../lib/gcc/arm-none-eabi/10.3.1/../../../../arm-none-eabi/lib/thumb/v7e-m/nofp\libstdc++.a(del_ops.o) (operator delete(void*))
c:/gcc-arm-none-eabi-10.3-2021.10/bin/../lib/gcc/arm-none-eabi/10.3.1/../../../../arm-none-eabi/lib/thumb/v7e-m/nofp\libstdc++.a(eh_alloc.o)
                              c:/gcc-arm-none-eabi-10.3-2021.10/bin/../lib/gcc/arm-none-eabi/10.3.1/../../../../arm-none-eabi/lib/thumb/v7e-m/nofp\libstdc++.a(new_op.o) (__cxa_allocate_exception)
c:/gcc-arm-none-eabi-10.3-2021.10/bin/../lib/gcc/arm-none-eabi/10.3.1/../../../../arm-none-eabi/lib/thumb/v7e-m/nofp\libstdc++.a(eh_arm.o)
                              c:/gcc-arm-none-eabi-10.3-2021.10/bin/../lib/gcc/arm-none-eabi/10.3.1/../../../../arm-none-eabi/lib/thumb/v7e-m/nofp\libstdc++.a(string-inst.o) (__cxa_end_cleanup)
c:/gcc-arm-none-eabi-10.3-2021.10/bin/../lib/gcc/arm-none-eabi/10.3.1/../../../../arm-none-eabi/lib/thumb/v7e-m/nofp\libstdc++.a(eh_catch.o)
                              c:/gcc-arm-none-eabi-10.3-2021.10/bin/../lib/gcc/arm-none-eabi/10.3.1/../../../../arm-none-eabi/lib/thumb/v7e-m/nofp\libstdc++.a(string-inst.o) (__cxa_begin_catch)
c:/gcc-arm-none-eabi-10.3-2021.10/bin/../lib/gcc/arm-none-eabi/10.3.1/../../../../arm-none-eabi/lib/thumb/v7e-m/nofp\libstdc++.a(eh_exception.o)
                              c:/gcc-arm-none-eabi-10.3-2021.10/bin/../lib/gcc/arm-none-eabi/10.3.1/../../../../arm-none-eabi/lib/thumb/v7e-m/nofp\libstdc++.a(bad_alloc.o) (std::exception::~exception())
c:/gcc-arm-none-eabi-10.3-2021.10/bin/../lib/gcc/arm-none-eabi/10.3.1/../../../../arm-none-eabi/lib/thumb/v7e-m/nofp\libstdc++.a(eh_globals.o)
                              c:/gcc-arm-none-eabi-10.3-2021.10/bin/../lib/gcc/arm-none-eabi/10.3.1/../../../../arm-none-eabi/lib/thumb/v7e-m/nofp\libstdc++.a(eh_catch.o) (__cxa_get_globals_fast)
c:/gcc-arm-none-eabi-10.3-2021.10/bin/../lib/gcc/arm-none-eabi/10.3.1/../../../../arm-none-eabi/lib/thumb/v7e-m/nofp\libstdc++.a(eh_personality.o)
                              c:/gcc-arm-none-eabi-10.3-2021.10/bin/../lib/gcc/arm-none-eabi/10.3.1/../../../../arm-none-eabi/lib/thumb/v7e-m/nofp\libstdc++.a(string-inst.o) (__gxx_personality_v0)
c:/gcc-arm-none-eabi-10.3-2021.10/bin/../lib/gcc/arm-none-eabi/10.3.1/../../../../arm-none-eabi/lib/thumb/v7e-m/nofp\libstdc++.a(eh_terminate.o)
                              c:/gcc-arm-none-eabi-10.3-2021.10/bin/../lib/gcc/arm-none-eabi/10.3.1/../../../../arm-none-eabi/lib/thumb/v7e-m/nofp\libstdc++.a(eh_alloc.o) (std::terminate())
c:/gcc-arm-none-eabi-10.3-2021.10/bin/../lib/gcc/arm-none-eabi/10.3.1/../../../../arm-none-eabi/lib/thumb/v7e-m/nofp\libstdc++.a(eh_throw.o)
                              c:/gcc-arm-none-eabi-10.3-2021.10/bin/../lib/gcc/arm-none-eabi/10.3.1/../../../../arm-none-eabi/lib/thumb/v7e-m/nofp\libstdc++.a(new_op.o) (__cxa_throw)
c:/gcc-arm-none-eabi-10.3-2021.10/bin/../lib/gcc/arm-none-eabi/10.3.1/../../../../arm-none-eabi/lib/thumb/v7e-m/nofp\libstdc++.a(eh_unex_handler.o)
                              c:/gcc-arm-none-eabi-10.3-2021.10/bin/../lib/gcc/arm-none-eabi/10.3.1/../../../../arm-none-eabi/lib/thumb/v7e-m/nofp\libstdc++.a(eh_terminate.o) (__cxxabiv1::__unexpected_handler)
c:/gcc-arm-none-eabi-10.3-2021.10/bin/../lib/gcc/arm-none-eabi/10.3.1/../../../../arm-none-eabi/lib/thumb/v7e-m/nofp\libstdc++.a(new_handler.o)
                              c:/gcc-arm-none-eabi-10.3-2021.10/bin/../lib/gcc/arm-none-eabi/10.3.1/../../../../arm-none-eabi/lib/thumb/v7e-m/nofp\libstdc++.a(new_op.o) (std::get_new_handler())
c:/gcc-arm-none-eabi-10.3-2021.10/bin/../lib/gcc/arm-none-eabi/10.3.1/../../../../arm-none-eabi/lib/thumb/v7e-m/nofp\libstdc++.a(pure.o)
[...]
Memory Configuration

Name             Origin             Length             Attributes
PROGRAM_FLASH    0x0000c000         0x00073c00         xr
SRAM_UPPER       0x20000000         0x00010000         xrw
SRAM_LOWER       0x1fff0000         0x00010000         xrw
*default*        0x00000000         0xffffffff

Linker script and memory map

LOAD c:/gcc-arm-none-eabi-10.3-2021.10/bin/../lib/gcc/arm-none-eabi/10.3.1/thumb/v7e-m/nofp/crti.o
LOAD c:/gcc-arm-none-eabi-10.3-2021.10/bin/../lib/gcc/arm-none-eabi/10.3.1/thumb/v7e-m/nofp/crtbegin.o
LOAD c:/gcc-arm-none-eabi-10.3-2021.10/bin/../lib/gcc/arm-none-eabi/10.3.1/../../../../arm-none-eabi/lib/thumb/v7e-m/nofp/crt0.o
LOAD ../main.o
LOAD Startup/startup_mk60d10.o
LOAD Libraries/FEHMotor.o
LOAD Drivers/mcg.o
LOAD Drivers/i2c.o
LOAD Drivers/spi.o
LOAD Drivers/uart.o
LOAD Drivers/ff.o
LOAD Drivers/SDHC.o
LOAD Drivers/lptmr.o
LOAD FEHProteus.o
LOAD Drivers/FEHPropeller.o
LOAD Libraries/FEHUtility.o
LOAD Libraries/FEHIO.o
LOAD Drivers/adc16.o
LOAD Libraries/FEHBuzzer.o
LOAD Libraries/FEHServo.o
LOAD Libraries/FEHLCD.o
LOAD Libraries/FEHAccel.o
LOAD Libraries/FEHBattery.o
LOAD Drivers/FEHXBee.o
LOAD Libraries/FEHRPS.o
LOAD Libraries/FEHSD.o
LOAD Libraries/FEHRandom.o
LOAD c:/gcc-arm-none-eabi-10.3-2021.10/bin/../lib/gcc/arm-none-eabi/10.3.1/../../../../arm-none-eabi/lib/thumb/v7e-m/nofp\libstdc++.a
LOAD c:/gcc-arm-none-eabi-10.3-2021.10/bin/../lib/gcc/arm-none-eabi/10.3.1/../../../../arm-none-eabi/lib/thumb/v7e-m/nofp\libm.a
START GROUP
LOAD c:/gcc-arm-none-eabi-10.3-2021.10/bin/../lib/gcc/arm-none-eabi/10.3.1/thumb/v7e-m/nofp\libgcc.a
LOAD c:/gcc-arm-none-eabi-10.3-2021.10/bin/../lib/gcc/arm-none-eabi/10.3.1/../../../../arm-none-eabi/lib/thumb/v7e-m/nofp\libg.a
LOAD c:/gcc-arm-none-eabi-10.3-2021.10/bin/../lib/gcc/arm-none-eabi/10.3.1/../../../../arm-none-eabi/lib/thumb/v7e-m/nofp\libc.a
END GROUP
START GROUP
LOAD c:/gcc-arm-none-eabi-10.3-2021.10/bin/../lib/gcc/arm-none-eabi/10.3.1/thumb/v7e-m/nofp\libgcc.a
LOAD c:/gcc-arm-none-eabi-10.3-2021.10/bin/../lib/gcc/arm-none-eabi/10.3.1/../../../../arm-none-eabi/lib/thumb/v7e-m/nofp\libc.a
LOAD c:/gcc-arm-none-eabi-10.3-2021.10/bin/../lib/gcc/arm-none-eabi/10.3.1/../../../../arm-none-eabi/lib/thumb/v7e-m/nofp\libnosys.a
END GROUP
LOAD c:/gcc-arm-none-eabi-10.3-2021.10/bin/../lib/gcc/arm-none-eabi/10.3.1/thumb/v7e-m/nofp/crtend.o
LOAD c:/gcc-arm-none-eabi-10.3-2021.10/bin/../lib/gcc/arm-none-eabi/10.3.1/thumb/v7e-m/nofp/crtn.o
                0x0000c000                __base_PROGRAM_FLASH = 0xc000
                0x0000c000                __base_Flash = 0xc000
                0x0007fc00                __top_PROGRAM_FLASH = 0x7fc00
                0x0007fc00                __top_Flash = 0x7fc00
                0x20000000                __base_SRAM_UPPER = 0x20000000
                0x20000000                __base_RAM = 0x20000000
                0x20010000                __top_SRAM_UPPER = 0x20010000
                0x20010000                __top_RAM = 0x20010000
                0x1fff0000                __base_SRAM_LOWER = 0x1fff0000
                0x1fff0000                __base_RAM2 = 0x1fff0000
                0x20000000                __top_SRAM_LOWER = 0x20000000
                0x20000000                __top_RAM2 = 0x20000000

.text           0x0000c000      0x410
 FILL mask 0xff
                0x0000c000                __vectors_start__ = ABSOLUTE (.)
 *(.isr_vector)
 .isr_vector    0x0000c000      0x1bc Startup/startup_mk60d10.o
                0x0000c000                g_pfnVectors
                0x0000c000                __Vectors
                0x0000c1bc                . = ALIGN (0x4)
                0x0000c1bc                __section_table_start = .
                0x0000c1bc                __data_section_table = .
                0x0000c1bc        0x4 LONG 0x11f44 LOADADDR (.data)
                0x0000c1c0        0x4 LONG 0x20000000 ADDR (.data)
                0x0000c1c4        0x4 LONG 0x155c SIZEOF (.data)
                0x0000c1c8        0x4 LONG 0x11f44 LOADADDR (.data_RAM2)
                0x0000c1cc        0x4 LONG 0x1fff0000 ADDR (.data_RAM2)
                0x0000c1d0        0x4 LONG 0x0 SIZEOF (.data_RAM2)
                0x0000c1d4                __data_section_table_end = .
                0x0000c1d4                __bss_section_table = .
                0x0000c1d4        0x4 LONG 0x2000155c ADDR (.bss)
                0x0000c1d8        0x4 LONG 0x44c SIZEOF (.bss)
                0x0000c1dc        0x4 LONG 0x1fff0000 ADDR (.bss_RAM2)
                0x0000c1e0        0x4 LONG 0x0 SIZEOF (.bss_RAM2)
                0x0000c1e4                __bss_section_table_end = .
                0x0000c1e4                __section_table_end = .
 *(.after_vectors*)
 .after_vectors.init_data
                0x0000c1e4       0x42 Startup/startup_mk60d10.o
                0x0000c1e4                data_init(unsigned int, unsigned int, unsigned int)
 .after_vectors.init_bss
                0x0000c226       0x36 Startup/startup_mk60d10.o
                0x0000c226                bss_init(unsigned int, unsigned int)
 .after_vectors.reset
                0x0000c25c       0xb4 Startup/startup_mk60d10.o
                0x0000c25c                ResetISR
 .after_vectors
                0x0000c310       0x3c Startup/startup_mk60d10.o
                0x0000c310                NMI_Handler
                0x0000c316                HardFault_Handler
                0x0000c31c                MemManage_Handler
                0x0000c322                BusFault_Handler
                0x0000c328                UsageFault_Handler
                0x0000c32e                SVC_Handler
                0x0000c334                DebugMon_Handler
                0x0000c33a                PendSV_Handler
                0x0000c340                SysTick_Handler
                0x0000c346                DMA_Error_DriverIRQHandler
                0x0000c346                LPTMR0_DriverIRQHandler
                0x0000c346                FTM1_DriverIRQHandler
                0x0000c346                FTM2_DriverIRQHandler
                0x0000c346                PIT2_DriverIRQHandler
                0x0000c346                SDHC_DriverIRQHandler
                0x0000c346                I2S0_Tx_DriverIRQHandler
                0x0000c346                TSI0_DriverIRQHandler
                0x0000c346                RTC_Seconds_DriverIRQHandler
                0x0000c346                Reserved109_DriverIRQHandler
                0x0000c346                DMA6_DriverIRQHandler
                0x0000c346                LLWU_DriverIRQHandler
                0x0000c346                MCM_DriverIRQHandler
                0x0000c346                MCG_DriverIRQHandler
                0x0000c346                ENET_1588_Timer_DriverIRQHandler
                0x0000c346                DAC1_DriverIRQHandler
                0x0000c346                SPI1_DriverIRQHandler
                0x0000c346                CMP1_DriverIRQHandler
                0x0000c346                UART5_RX_TX_DriverIRQHandler
                0x0000c346                FTM0_DriverIRQHandler
                0x0000c346                IntDefaultHandler
                0x0000c346                USB0_DriverIRQHandler
                0x0000c346                UART5_ERR_DriverIRQHandler
                0x0000c346                DMA11_DriverIRQHandler
                0x0000c346                DAC0_DriverIRQHandler
                0x0000c346                DMA10_DriverIRQHandler
                0x0000c346                CMP2_DriverIRQHandler
                0x0000c346                UART2_ERR_DriverIRQHandler
                0x0000c346                SPI2_DriverIRQHandler
                0x0000c346                LVD_LVW_DriverIRQHandler
                0x0000c346                RNG_DriverIRQHandler
                0x0000c346                DMA12_DriverIRQHandler
                0x0000c346                DMA4_DriverIRQHandler
                0x0000c346                UART2_RX_TX_DriverIRQHandler
                0x0000c346                USBDCD_DriverIRQHandler
                0x0000c346                UART3_ERR_DriverIRQHandler
                0x0000c346                DMA3_DriverIRQHandler
                0x0000c346                DMA8_DriverIRQHandler
                0x0000c346                DMA9_DriverIRQHandler
                0x0000c346                UART0_ERR_DriverIRQHandler
                0x0000c346                CMT_DriverIRQHandler
                0x0000c346                ADC1_DriverIRQHandler
                0x0000c346                DMA14_DriverIRQHandler
                0x0000c346                PIT3_DriverIRQHandler
                0x0000c346                PIT1_DriverIRQHandler
                0x0000c346                WDOG_EWM_DriverIRQHandler
                0x0000c346                PDB0_DriverIRQHandler
                0x0000c346                Reserved95_DriverIRQHandler
                0x0000c346                RTC_DriverIRQHandler
                0x0000c346                I2S0_Rx_DriverIRQHandler
                0x0000c346                Read_Collision_DriverIRQHandler
                0x0000c346                SWI_DriverIRQHandler
                0x0000c346                UART4_RX_TX_DriverIRQHandler
                0x0000c346                UART4_ERR_DriverIRQHandler
                0x0000c346                DMA0_DriverIRQHandler
                0x0000c346                UART0_LON_DriverIRQHandler
                0x0000c346                Reserved102_DriverIRQHandler
                0x0000c346                DMA1_DriverIRQHandler
                0x0000c346                I2C1_DriverIRQHandler
                0x0000c346                UART3_RX_TX_DriverIRQHandler
                0x0000c346                ENET_Receive_DriverIRQHandler
                0x0000c346                DMA13_DriverIRQHandler
                0x0000c346                ENET_Error_DriverIRQHandler
                0x0000c346                DMA15_DriverIRQHandler
                0x0000c346                SPI0_DriverIRQHandler
                0x0000c346                ADC0_DriverIRQHandler
                0x0000c346                FTFL_DriverIRQHandler
                0x0000c346                CMP0_DriverIRQHandler
                0x0000c346                CAN0_DriverIRQHandler
                0x0000c346                Reserved59_DriverIRQHandler
                0x0000c346                DMA5_DriverIRQHandler
                0x0000c346                UART1_ERR_DriverIRQHandler
                0x0000c346                DMA2_DriverIRQHandler
                0x0000c346                ENET_Transmit_DriverIRQHandler
                0x0000c346                I2C0_DriverIRQHandler
                0x0000c346                CAN1_DriverIRQHandler
                0x0000c346                DMA7_DriverIRQHandler
                0x0000c346                UART1_RX_TX_DriverIRQHandler
                0x0000c346                Reserved108_DriverIRQHandler
                0x00000400                . = 0x400
 *fill*         0x0000c34c       0xb4 ff
                0x0000c400                PROVIDE (__FLASH_CONFIG_START__ = .)
 *(.FlashConfig)
 .FlashConfig   0x0000c400       0x10 Startup/startup_mk60d10.o
                0x0000c410                PROVIDE (__FLASH_CONFIG_END__ = .)
                0x00000001                ASSERT (! ((__FLASH_CONFIG_START__ == __FLASH_CONFIG_END__)), Linker Flash Config Support Enabled, but no .FlashConfig section provided within application)

.eh_frame       0x0000c410        0x0
 .eh_frame      0x0000c410        0x0 c:/gcc-arm-none-eabi-10.3-2021.10/bin/../lib/gcc/arm-none-eabi/10.3.1/thumb/v7e-m/nofp/crtbegin.o

.glue_7         0x0000c410        0x0
 .glue_7        0x0000c410        0x0 linker stubs

.glue_7t        0x0000c410        0x0
 .glue_7t       0x0000c410        0x0 linker stubs

.vfp11_veneer   0x0000c410        0x0
 .vfp11_veneer  0x0000c410        0x0 linker stubs

.v4_bx          0x0000c410        0x0
 .v4_bx         0x0000c410        0x0 linker stubs

.iplt           0x0000c410        0x0
 .iplt          0x0000c410        0x0 c:/gcc-arm-none-eabi-10.3-2021.10/bin/../lib/gcc/arm-none-eabi/10.3.1/thumb/v7e-m/nofp/crtbegin.o

.text           0x0000c410     0x5b2c
 *(.text*)
 .text          0x0000c410       0x40 c:/gcc-arm-none-eabi-10.3-2021.10/bin/../lib/gcc/arm-none-eabi/10.3.1/thumb/v7e-m/nofp/crtbegin.o
 .text.main     0x0000c450       0x24 ../main.o
                0x0000c450                main
 .text.PORTD_IRQHandler
                0x0000c474       0x50 Startup/startup_mk60d10.o
                0x0000c474                PORTD_IRQHandler
 .text._Z15InitPowerButtonv
                0x0000c4c4       0x60 Startup/startup_mk60d10.o
                0x0000c4c4                InitPowerButton()
 .text._ZL11pll_init_blv
                0x0000c524       0xe0 Startup/startup_mk60d10.o
 .text._Z14InitFEHProteusv
                0x0000c604       0xec Startup/startup_mk60d10.o
                0x0000c604                InitFEHProteus()
 .text.DMA0_IRQHandler
                0x0000c6f0        0xc Startup/startup_mk60d10.o
                0x0000c6f0                DMA0_IRQHandler
 .text.DMA1_IRQHandler
                0x0000c6fc        0xc Startup/startup_mk60d10.o
                0x0000c6fc                DMA1_IRQHandler
 .text.DMA2_IRQHandler
                0x0000c708        0xc Startup/startup_mk60d10.o
                0x0000c708                DMA2_IRQHandler
 .text.DMA3_IRQHandler
                0x0000c714        0xc Startup/startup_mk60d10.o
                0x0000c714                DMA3_IRQHandler
 .text.DMA4_IRQHandler
                0x0000c720        0xc Startup/startup_mk60d10.o
                0x0000c720                DMA4_IRQHandler
 .text.DMA5_IRQHandler
                0x0000c72c        0xc Startup/startup_mk60d10.o
                0x0000c72c                DMA5_IRQHandler
 .text.DMA6_IRQHandler
                0x0000c738        0xc Startup/startup_mk60d10.o
                0x0000c738                DMA6_IRQHandler
 .text.DMA7_IRQHandler
                0x0000c744        0xc Startup/startup_mk60d10.o
                0x0000c744                DMA7_IRQHandler
 .text.DMA8_IRQHandler
                0x0000c750        0xc Startup/startup_mk60d10.o
                0x0000c750                DMA8_IRQHandler
 .text.DMA9_IRQHandler
                0x0000c75c        0xc Startup/startup_mk60d10.o
                0x0000c75c                DMA9_IRQHandler
 .text.DMA10_IRQHandler
                0x0000c768        0xc Startup/startup_mk60d10.o
                0x0000c768                DMA10_IRQHandler
 .text.DMA11_IRQHandler
                0x0000c774        0xc Startup/startup_mk60d10.o
                0x0000c774                DMA11_IRQHandler
 .text.DMA12_IRQHandler
                0x0000c780        0xc Startup/startup_mk60d10.o
                0x0000c780                DMA12_IRQHandler
 .text.DMA13_IRQHandler
                0x0000c78c        0xc Startup/startup_mk60d10.o
                0x0000c78c                DMA13_IRQHandler
 .text.DMA14_IRQHandler
                0x0000c798        0xc Startup/startup_mk60d10.o
                0x0000c798                DMA14_IRQHandler
 .text.DMA15_IRQHandler
                0x0000c7a4        0xc Startup/startup_mk60d10.o
                0x0000c7a4                DMA15_IRQHandler
 .text.DMA_Error_IRQHandler
                0x0000c7b0        0xc Startup/startup_mk60d10.o
                0x0000c7b0                DMA_Error_IRQHandler
 .text.MCM_IRQHandler
                0x0000c7bc        0xc Startup/startup_mk60d10.o
                0x0000c7bc                MCM_IRQHandler
 .text.FTFL_IRQHandler
                0x0000c7c8        0xc Startup/startup_mk60d10.o
                0x0000c7c8                FTFL_IRQHandler
 .text.Read_Collision_IRQHandler
                0x0000c7d4        0xc Startup/startup_mk60d10.o
                0x0000c7d4                Read_Collision_IRQHandler
 .text.LVD_LVW_IRQHandler
                0x0000c7e0        0xc Startup/startup_mk60d10.o
                0x0000c7e0                LVD_LVW_IRQHandler
 .text.LLWU_IRQHandler
                0x0000c7ec        0xc Startup/startup_mk60d10.o
                0x0000c7ec                LLWU_IRQHandler
 .text.WDOG_EWM_IRQHandler
                0x0000c7f8        0xc Startup/startup_mk60d10.o
                0x0000c7f8                WDOG_EWM_IRQHandler
 .text.RNG_IRQHandler
                0x0000c804        0xc Startup/startup_mk60d10.o
                0x0000c804                RNG_IRQHandler
 .text.I2C0_IRQHandler
                0x0000c810        0xc Startup/startup_mk60d10.o
                0x0000c810                I2C0_IRQHandler
 .text.I2C1_IRQHandler
                0x0000c81c        0xc Startup/startup_mk60d10.o
                0x0000c81c                I2C1_IRQHandler
 .text.SPI0_IRQHandler
                0x0000c828        0xc Startup/startup_mk60d10.o
                0x0000c828                SPI0_IRQHandler
 .text.SPI1_IRQHandler
                0x0000c834        0xc Startup/startup_mk60d10.o
                0x0000c834                SPI1_IRQHandler
 .text.SPI2_IRQHandler
                0x0000c840        0xc Startup/startup_mk60d10.o
                0x0000c840                SPI2_IRQHandler
 .text.CAN0_ORed_Message_buffer_IRQHandler
                0x0000c84c        0xc Startup/startup_mk60d10.o
                0x0000c84c                CAN0_ORed_Message_buffer_IRQHandler
 .text.CAN0_Bus_Off_IRQHandler
                0x0000c858        0xc Startup/startup_mk60d10.o
                0x0000c858                CAN0_Bus_Off_IRQHandler
 .text.CAN0_Error_IRQHandler
                0x0000c864        0xc Startup/startup_mk60d10.o
                0x0000c864                CAN0_Error_IRQHandler
 .text.CAN0_Tx_Warning_IRQHandler
                0x0000c870        0xc Startup/startup_mk60d10.o
                0x0000c870                CAN0_Tx_Warning_IRQHandler
 .text.CAN0_Rx_Warning_IRQHandler
                0x0000c87c        0xc Startup/startup_mk60d10.o
                0x0000c87c                CAN0_Rx_Warning_IRQHandler
 .text.CAN0_Wake_Up_IRQHandler
                0x0000c888        0xc Startup/startup_mk60d10.o
                0x0000c888                CAN0_Wake_Up_IRQHandler
 .text.I2S0_Tx_IRQHandler
                0x0000c894        0xc Startup/startup_mk60d10.o
                0x0000c894                I2S0_Tx_IRQHandler
 .text.I2S0_Rx_IRQHandler
                0x0000c8a0        0xc Startup/startup_mk60d10.o
                0x0000c8a0                I2S0_Rx_IRQHandler
 .text.CAN1_ORed_Message_buffer_IRQHandler
                0x0000c8ac        0xc Startup/startup_mk60d10.o
                0x0000c8ac                CAN1_ORed_Message_buffer_IRQHandler
 .text.CAN1_Bus_Off_IRQHandler
                0x0000c8b8        0xc Startup/startup_mk60d10.o
                0x0000c8b8                CAN1_Bus_Off_IRQHandler
 .text.CAN1_Error_IRQHandler
                0x0000c8c4        0xc Startup/startup_mk60d10.o
                0x0000c8c4                CAN1_Error_IRQHandler
 .text.CAN1_Tx_Warning_IRQHandler
                0x0000c8d0        0xc Startup/startup_mk60d10.o
                0x0000c8d0                CAN1_Tx_Warning_IRQHandler
 .text.CAN1_Rx_Warning_IRQHandler
                0x0000c8dc        0xc Startup/startup_mk60d10.o
                0x0000c8dc                CAN1_Rx_Warning_IRQHandler
 .text.CAN1_Wake_Up_IRQHandler
                0x0000c8e8        0xc Startup/startup_mk60d10.o
                0x0000c8e8                CAN1_Wake_Up_IRQHandler
 .text.Reserved59_IRQHandler
                0x0000c8f4        0xc Startup/startup_mk60d10.o
                0x0000c8f4                Reserved59_IRQHandler
 .text.UART0_LON_IRQHandler
                0x0000c900        0xc Startup/startup_mk60d10.o
                0x0000c900                UART0_LON_IRQHandler
 .text.UART0_ERR_IRQHandler
                0x0000c90c        0xc Startup/startup_mk60d10.o
                0x0000c90c                UART0_ERR_IRQHandler
 .text.UART1_RX_TX_IRQHandler
                0x0000c918        0xc Startup/startup_mk60d10.o
                0x0000c918                UART1_RX_TX_IRQHandler
 .text.UART1_ERR_IRQHandler
                0x0000c924        0xc Startup/startup_mk60d10.o
                0x0000c924                UART1_ERR_IRQHandler
 .text.UART2_RX_TX_IRQHandler
                0x0000c930        0xc Startup/startup_mk60d10.o
                0x0000c930                UART2_RX_TX_IRQHandler
 .text.UART2_ERR_IRQHandler
                0x0000c93c        0xc Startup/startup_mk60d10.o
                0x0000c93c                UART2_ERR_IRQHandler
 .text.UART3_RX_TX_IRQHandler
                0x0000c948        0xc Startup/startup_mk60d10.o
                0x0000c948                UART3_RX_TX_IRQHandler
 .text.UART3_ERR_IRQHandler
                0x0000c954        0xc Startup/startup_mk60d10.o
                0x0000c954                UART3_ERR_IRQHandler
 .text.UART4_RX_TX_IRQHandler
                0x0000c960        0xc Startup/startup_mk60d10.o
                0x0000c960                UART4_RX_TX_IRQHandler
 .text.UART4_ERR_IRQHandler
                0x0000c96c        0xc Startup/startup_mk60d10.o
                0x0000c96c                UART4_ERR_IRQHandler
 .text.UART5_RX_TX_IRQHandler
                0x0000c978        0xc Startup/startup_mk60d10.o
                0x0000c978                UART5_RX_TX_IRQHandler
 .text.UART5_ERR_IRQHandler
                0x0000c984        0xc Startup/startup_mk60d10.o
                0x0000c984                UART5_ERR_IRQHandler
 .text.ADC0_IRQHandler
                0x0000c990        0xc Startup/startup_mk60d10.o
                0x0000c990                ADC0_IRQHandler
 .text.ADC1_IRQHandler
                0x0000c99c        0xc Startup/startup_mk60d10.o
                0x0000c99c                ADC1_IRQHandler
 .text.CMP0_IRQHandler
                0x0000c9a8        0xc Startup/startup_mk60d10.o
                0x0000c9a8                CMP0_IRQHandler
 .text.CMP1_IRQHandler
                0x0000c9b4        0xc Startup/startup_mk60d10.o
                0x0000c9b4                CMP1_IRQHandler
 .text.CMP2_IRQHandler
                0x0000c9c0        0xc Startup/startup_mk60d10.o
                0x0000c9c0                CMP2_IRQHandler
 .text.FTM0_IRQHandler
                0x0000c9cc        0xc Startup/startup_mk60d10.o
                0x0000c9cc                FTM0_IRQHandler
 .text.FTM1_IRQHandler
                0x0000c9d8        0xc Startup/startup_mk60d10.o
                0x0000c9d8                FTM1_IRQHandler
 .text.FTM2_IRQHandler
                0x0000c9e4        0xc Startup/startup_mk60d10.o
                0x0000c9e4                FTM2_IRQHandler
 .text.CMT_IRQHandler
                0x0000c9f0        0xc Startup/startup_mk60d10.o
                0x0000c9f0                CMT_IRQHandler
 .text.RTC_IRQHandler
                0x0000c9fc        0xc Startup/startup_mk60d10.o
                0x0000c9fc                RTC_IRQHandler
 .text.RTC_Seconds_IRQHandler
                0x0000ca08        0xc Startup/startup_mk60d10.o
                0x0000ca08                RTC_Seconds_IRQHandler
 .text.PIT1_IRQHandler
                0x0000ca14        0xc Startup/startup_mk60d10.o
                0x0000ca14                PIT1_IRQHandler
 .text.PIT2_IRQHandler
                0x0000ca20        0xc Startup/startup_mk60d10.o
                0x0000ca20                PIT2_IRQHandler
 .text.PIT3_IRQHandler
                0x0000ca2c        0xc Startup/startup_mk60d10.o
                0x0000ca2c                PIT3_IRQHandler
 .text.PDB0_IRQHandler
                0x0000ca38        0xc Startup/startup_mk60d10.o
                0x0000ca38                PDB0_IRQHandler
 .text.USB0_IRQHandler
                0x0000ca44        0xc Startup/startup_mk60d10.o
                0x0000ca44                USB0_IRQHandler
 .text.USBDCD_IRQHandler
                0x0000ca50        0xc Startup/startup_mk60d10.o
                0x0000ca50                USBDCD_IRQHandler
 .text.ENET_1588_Timer_IRQHandler
                0x0000ca5c        0xc Startup/startup_mk60d10.o
                0x0000ca5c                ENET_1588_Timer_IRQHandler
 .text.ENET_Transmit_IRQHandler
                0x0000ca68        0xc Startup/startup_mk60d10.o
                0x0000ca68                ENET_Transmit_IRQHandler
 .text.ENET_Receive_IRQHandler
                0x0000ca74        0xc Startup/startup_mk60d10.o
                0x0000ca74                ENET_Receive_IRQHandler
 .text.ENET_Error_IRQHandler
                0x0000ca80        0xc Startup/startup_mk60d10.o
                0x0000ca80                ENET_Error_IRQHandler
 .text.Reserved95_IRQHandler
                0x0000ca8c        0xc Startup/startup_mk60d10.o
                0x0000ca8c                Reserved95_IRQHandler
 .text.SDHC_IRQHandler
                0x0000ca98        0xc Startup/startup_mk60d10.o
                0x0000ca98                SDHC_IRQHandler
 .text.DAC0_IRQHandler
                0x0000caa4        0xc Startup/startup_mk60d10.o
                0x0000caa4                DAC0_IRQHandler
 .text.DAC1_IRQHandler
                0x0000cab0        0xc Startup/startup_mk60d10.o
                0x0000cab0                DAC1_IRQHandler
 .text.TSI0_IRQHandler
                0x0000cabc        0xc Startup/startup_mk60d10.o
                0x0000cabc                TSI0_IRQHandler
 .text.MCG_IRQHandler
                0x0000cac8        0xc Startup/startup_mk60d10.o
                0x0000cac8                MCG_IRQHandler
 .text.LPTMR0_IRQHandler
                0x0000cad4        0xc Startup/startup_mk60d10.o
                0x0000cad4                LPTMR0_IRQHandler
 .text.Reserved102_IRQHandler
                0x0000cae0        0xc Startup/startup_mk60d10.o
                0x0000cae0                Reserved102_IRQHandler
 .text.Reserved108_IRQHandler
                0x0000caec        0xc Startup/startup_mk60d10.o
                0x0000caec                Reserved108_IRQHandler
 .text.Reserved109_IRQHandler
                0x0000caf8        0xc Startup/startup_mk60d10.o
                0x0000caf8                Reserved109_IRQHandler
 .text.SWI_IRQHandler
                0x0000cb04        0xc Startup/startup_mk60d10.o
                0x0000cb04                SWI_IRQHandler
 .text._Z21IIC_StartTransmissionhh
                0x0000cb10       0x6c Drivers/i2c.o
                0x0000cb10                IIC_StartTransmission(unsigned char, unsigned char)
 .text._Z5Pausev
                0x0000cb7c       0x24 Drivers/i2c.o
                0x0000cb7c                Pause()
 .text._Z21MMA8451QWriteRegisterhh
                0x0000cba0       0x68 Drivers/i2c.o
                0x0000cba0                MMA8451QWriteRegister(unsigned char, unsigned char)
 .text._Z8i2c_Waitv
                0x0000cc08       0x6c Drivers/i2c.o
                0x0000cc08                i2c_Wait()
 .text._Z12SPI_SendCharh
                0x0000cc74       0x1a Drivers/spi.o
                0x0000cc74                SPI_SendChar(unsigned char)
 .text._Z16SPI_WriteCommandhh
                0x0000cc8e       0x34 Drivers/spi.o
                0x0000cc8e                SPI_WriteCommand(unsigned char, unsigned char)
 *fill*         0x0000ccc2        0x2 
 .text._Z13SPI_CS_Assertv
                0x0000ccc4       0x1c Drivers/spi.o
                0x0000ccc4                SPI_CS_Assert()
 .text._Z15SPI_CS_Deassertv
                0x0000cce0       0x1c Drivers/spi.o
                0x0000cce0                SPI_CS_Deassert()
 .text._Z12SPI_Transferh
                0x0000ccfc       0x6c Drivers/spi.o
                0x0000ccfc                SPI_Transfer(unsigned char)
 .text._Z8SPI_Initv
                0x0000cd68       0xa0 Drivers/spi.o
                0x0000cd68                SPI_Init()
 .text._Z9uart_initPV11UART_MemMapii
                0x0000ce08      0x174 Drivers/uart.o
                0x0000ce08                uart_init(UART_MemMap volatile*, int, int)
 .text._Z12uart_getcharPV11UART_MemMap
                0x0000cf7c       0x32 Drivers/uart.o
                0x0000cf7c                uart_getchar(UART_MemMap volatile*)
 .text._ZL7mem_setPvij
                0x0000cfae       0x3c Drivers/ff.o
 .text._ZL11move_windowP5FATFSm
                0x0000cfea       0xc8 Drivers/ff.o
 .text._ZL4syncP5FATFS
                0x0000d0b2      0x14c Drivers/ff.o
 .text._ZL8validateP5FATFSt
                0x0000d1fe       0x54 Drivers/ff.o
 .text._Z6f_syncP3FIL
                0x0000d252      0x186 Drivers/ff.o
                0x0000d252                f_sync(FIL*)
 .text._Z7f_closeP3FIL
                0x0000d3d8       0x28 Drivers/ff.o
                0x0000d3d8                f_close(FIL*)
 .text._ZL17SDHC_set_baudratemm
                0x0000d400       0xe8 Drivers/SDHC.o
 .text._Z9SDHC_initP17esdhc_info_structPK17esdhc_init_struct
                0x0000d4e8      0x130 Drivers/SDHC.o
                0x0000d4e8                SDHC_init(esdhc_info_struct*, esdhc_init_struct const*)
 .text._ZL15SDHC_is_runningv
                0x0000d618       0x24 Drivers/SDHC.o
 .text._ZL16SDHC_status_waitm
                0x0000d63c       0x2c Drivers/SDHC.o
 .text._ZL17SDHC_send_commandP20esdhc_command_struct
                0x0000d668      0x1f8 Drivers/SDHC.o
 .text._Z10SDHC_ioctlmPv
                0x0000d860      0x6f0 Drivers/SDHC.o
                0x0000d860                SDHC_ioctl(unsigned long, void*)
 .text._ZL14rcvr_datablockPhm
                0x0000df50       0xf0 Drivers/SDHC.o
 .text._Z9disk_readhPhmh
                0x0000e040      0x124 Drivers/SDHC.o
                0x0000e040                disk_read(unsigned char, unsigned char*, unsigned long, unsigned char)
 .text._ZL14xmit_datablockPKhm
                0x0000e164       0xa4 Drivers/SDHC.o
 .text._Z10disk_writehPKhmh
                0x0000e208      0x198 Drivers/SDHC.o
                0x0000e208                disk_write(unsigned char, unsigned char const*, unsigned long, unsigned char)
 .text._Z10disk_ioctlhhPv
                0x0000e3a0      0x104 Drivers/SDHC.o
                0x0000e3a0                disk_ioctl(unsigned char, unsigned char, void*)
 .text._Z11disk_statush
                0x0000e4a4       0x28 Drivers/SDHC.o
                0x0000e4a4                disk_status(unsigned char)
 .text._Z13time_delay_msm
                0x0000e4cc       0x6c Drivers/lptmr.o
                0x0000e4cc                time_delay_ms(unsigned long)
 .text._Z41__static_initialization_and_destruction_0ii
                0x0000e538       0x2c FEHProteus.o
 .text._GLOBAL__sub_I_Propeller
                0x0000e564       0x10 FEHProteus.o
 .text._ZN12FEHPropellerC2Ev
                0x0000e574       0x1a Drivers/FEHPropeller.o
                0x0000e574                FEHPropeller::FEHPropeller()
                0x0000e574                FEHPropeller::FEHPropeller()
 *fill*         0x0000e58e        0x2 
 .text._ZN12FEHPropeller10InitializeEv
                0x0000e590       0x74 Drivers/FEHPropeller.o
                0x0000e590                FEHPropeller::Initialize()
 .text._ZL5Delaymjj
                0x0000e604       0x94 Libraries/FEHUtility.o
 .text._Z5Sleepi
                0x0000e698       0x2c Libraries/FEHUtility.o
                0x0000e698                Sleep(int)
 .text._Z5Sleepd
                0x0000e6c4       0x4c Libraries/FEHUtility.o
                0x0000e6c4                Sleep(double)
 .text._Z16PORTB_IRQHandlerv
                0x0000e710       0x9c Libraries/FEHIO.o
                0x0000e710                PORTB_IRQHandler()
 .text._Z16PORTC_IRQHandlerv
                0x0000e7ac       0x9c Libraries/FEHIO.o
                0x0000e7ac                PORTC_IRQHandler()
 .text._Z16PORTA_IRQHandlerv
                0x0000e848       0xa0 Libraries/FEHIO.o
                0x0000e848                PORTA_IRQHandler()
 .text._Z16PORTE_IRQHandlerv
                0x0000e8e8       0x98 Libraries/FEHIO.o
                0x0000e8e8                PORTE_IRQHandler()
 .text._ZN14AnalogInputPinC2EN5FEHIO8FEHIOPinE
                0x0000e980       0x1e Libraries/FEHIO.o
                0x0000e980                AnalogInputPin::AnalogInputPin(FEHIO::FEHIOPin)
                0x0000e980                AnalogInputPin::AnalogInputPin(FEHIO::FEHIOPin)
 *fill*         0x0000e99e        0x2 
 .text._ZN13AnalogEncoder12EncoderValueEv
                0x0000e9a0       0xb0 Libraries/FEHIO.o
                0x0000e9a0                AnalogEncoder::EncoderValue()
 .text._ZN14AnalogInputPin8InitADCsEv
                0x0000ea50       0x98 Libraries/FEHIO.o
                0x0000ea50                AnalogInputPin::InitADCs()
 .text._Z15PIT0_IRQHandlerv
                0x0000eae8       0x28 Libraries/FEHIO.o
                0x0000eae8                PIT0_IRQHandler()
 .text._ZN13AnalogEncoder4InitEv
                0x0000eb10       0x44 Libraries/FEHIO.o
                0x0000eb10                AnalogEncoder::Init()
 .text._ZN13AnalogEncoder14SetCounterInitEj
                0x0000eb54       0x20 Libraries/FEHIO.o
                0x0000eb54                AnalogEncoder::SetCounterInit(unsigned int)
 .text._ZN13AnalogEncoder10ProcessIntEv
                0x0000eb74       0x68 Libraries/FEHIO.o
                0x0000eb74                AnalogEncoder::ProcessInt()
 .text._ZN13AnalogEncoder14ProcessIntSelfEv
                0x0000ebdc       0x6e Libraries/FEHIO.o
                0x0000ebdc                AnalogEncoder::ProcessIntSelf()
 .text._Z7ADC_CalPV10ADC_MemMap
                0x0000ec4a      0x13e Drivers/adc16.o
                0x0000ec4a                ADC_Cal(ADC_MemMap volatile*)
 .text._Z14ADC_Config_AltPV10ADC_MemMapP7adc_cfg
                0x0000ed88       0x6c Drivers/adc16.o
                0x0000ed88                ADC_Config_Alt(ADC_MemMap volatile*, adc_cfg*)
 .text._ZN9FEHBuzzerC2Ev
                0x0000edf4       0x14 Libraries/FEHBuzzer.o
                0x0000edf4                FEHBuzzer::FEHBuzzer()
                0x0000edf4                FEHBuzzer::FEHBuzzer()
 .text._Z41__static_initialization_and_destruction_0ii
                0x0000ee08       0x2c Libraries/FEHBuzzer.o
 .text._GLOBAL__sub_I_Buzzer
                0x0000ee34       0x10 Libraries/FEHBuzzer.o
 .text._ZN6FEHLCD11_InitializeEv
                0x0000ee44      0x410 Libraries/FEHLCD.o
                0x0000ee44                FEHLCD::_Initialize()
 .text._ZN6FEHLCDC2Ev
                0x0000f254       0x50 Libraries/FEHLCD.o
                0x0000f254                FEHLCD::FEHLCD()
                0x0000f254                FEHLCD::FEHLCD()
 .text._ZN6FEHLCD10InitializeEv
                0x0000f2a4       0x28 Libraries/FEHLCD.o
                0x0000f2a4                FEHLCD::Initialize()
 .text._ZN6FEHLCD10PrintImageEii
                0x0000f2cc       0xbc Libraries/FEHLCD.o
                0x0000f2cc                FEHLCD::PrintImage(int, int)
 .text._ZN6FEHLCD9PrintLogoEii
                0x0000f388       0xbc Libraries/FEHLCD.o
                0x0000f388                FEHLCD::PrintLogo(int, int)
 .text._ZN6FEHLCD22ConvertFEHColorTo24BitENS_11FEHLCDColorE
                0x0000f444       0x78 Libraries/FEHLCD.o
                0x0000f444                FEHLCD::ConvertFEHColorTo24Bit(FEHLCD::FEHLCDColor)
 .text._ZN6FEHLCD24Convert24BitColorTo16BitEj
                0x0000f4bc       0x30 Libraries/FEHLCD.o
                0x0000f4bc                FEHLCD::Convert24BitColorTo16Bit(unsigned int)
 .text._ZN6FEHLCD22ConvertRGBColorTo16BitEhhh
                0x0000f4ec       0x4a Libraries/FEHLCD.o
                0x0000f4ec                FEHLCD::ConvertRGBColorTo16Bit(unsigned char, unsigned char, unsigned char)
 .text._ZN6FEHLCD5ClearENS_11FEHLCDColorE
                0x0000f536       0x28 Libraries/FEHLCD.o
                0x0000f536                FEHLCD::Clear(FEHLCD::FEHLCDColor)
 .text._ZN6FEHLCD5ClearEj
                0x0000f55e       0x2c Libraries/FEHLCD.o
                0x0000f55e                FEHLCD::Clear(unsigned int)
 .text._ZN6FEHLCD18SetBackgroundColorENS_11FEHLCDColorE
                0x0000f58a       0x28 Libraries/FEHLCD.o
                0x0000f58a                FEHLCD::SetBackgroundColor(FEHLCD::FEHLCDColor)
 .text._ZN6FEHLCD18SetBackgroundColorEj
                0x0000f5b2       0x26 Libraries/FEHLCD.o
                0x0000f5b2                FEHLCD::SetBackgroundColor(unsigned int)
 .text._ZN6FEHLCD12SetFontColorENS_11FEHLCDColorE
                0x0000f5d8       0x28 Libraries/FEHLCD.o
                0x0000f5d8                FEHLCD::SetFontColor(FEHLCD::FEHLCDColor)
 .text._ZN6FEHLCD12SetFontColorEj
                0x0000f600       0x26 Libraries/FEHLCD.o
                0x0000f600                FEHLCD::SetFontColor(unsigned int)
 .text._ZN6FEHLCD7WriteAtEPKcii
                0x0000f626       0x46 Libraries/FEHLCD.o
                0x0000f626                FEHLCD::WriteAt(char const*, int, int)
 .text._ZN6FEHLCD11TS_SPI_InitEv
                0x0000f66c       0x7c Libraries/FEHLCD.o
                0x0000f66c                FEHLCD::TS_SPI_Init()
 .text._ZN6FEHLCD5WriteEPKc
                0x0000f6e8       0x4e Libraries/FEHLCD.o
                0x0000f6e8                FEHLCD::Write(char const*)
 .text._ZN6FEHLCD9WriteLineEPKc
                0x0000f736       0x26 Libraries/FEHLCD.o
                0x0000f736                FEHLCD::WriteLine(char const*)
 .text._ZN6FEHLCD10WriteIndexEh
                0x0000f75c      0x14c Libraries/FEHLCD.o
                0x0000f75c                FEHLCD::WriteIndex(unsigned char)
 .text._ZN6FEHLCD14WriteParameterEh
                0x0000f8a8      0x130 Libraries/FEHLCD.o
                0x0000f8a8                FEHLCD::WriteParameter(unsigned char)
 .text._ZN6FEHLCD6_ClearEv
                0x0000f9d8      0x15c Libraries/FEHLCD.o
                0x0000f9d8                FEHLCD::_Clear()
 .text._ZN6FEHLCD8NextLineEv
                0x0000fb34       0x2a Libraries/FEHLCD.o
                0x0000fb34                FEHLCD::NextLine()
 .text._ZN6FEHLCD9CheckLineEv
                0x0000fb5e       0x28 Libraries/FEHLCD.o
                0x0000fb5e                FEHLCD::CheckLine()
 .text._ZN6FEHLCD8NextCharEv
                0x0000fb86       0x32 Libraries/FEHLCD.o
                0x0000fb86                FEHLCD::NextChar()
 .text._ZN6FEHLCD13SetDrawRegionEiiii
                0x0000fbb8       0xfe Libraries/FEHLCD.o
                0x0000fbb8                FEHLCD::SetDrawRegion(int, int, int, int)
 .text._ZN6FEHLCD9WriteCharEiic
                0x0000fcb6       0x34 Libraries/FEHLCD.o
                0x0000fcb6                FEHLCD::WriteChar(int, int, char)
 *fill*         0x0000fcea        0x2 
 .text._ZN6FEHLCD11WriteCharAtEiic
                0x0000fcec      0x214 Libraries/FEHLCD.o
                0x0000fcec                FEHLCD::WriteCharAt(int, int, char)
 .text._ZN6FEHLCD11RepeatColorEv
                0x0000ff00       0x70 Libraries/FEHLCD.o
                0x0000ff00                FEHLCD::RepeatColor()
 .text._ZN6FEHLCD10_ForePixelEv
                0x0000ff70       0xc4 Libraries/FEHLCD.o
                0x0000ff70                FEHLCD::_ForePixel()
 .text._ZN6FEHLCD10_BackPixelEv
                0x00010034       0xc4 Libraries/FEHLCD.o
                0x00010034                FEHLCD::_BackPixel()
 .text._ZN6FEHLCD22SetRegisterColorValuesEv
                0x000100f8      0x336 Libraries/FEHLCD.o
                0x000100f8                FEHLCD::SetRegisterColorValues()
 *fill*         0x0001042e        0x2 
 .text._Z41__static_initialization_and_destruction_0ii
                0x00010430       0x2c Libraries/FEHLCD.o
 .text._GLOBAL__sub_I_image
                0x0001045c       0x10 Libraries/FEHLCD.o
 .text._ZN8FEHAccelC2Ev
                0x0001046c       0x70 Libraries/FEHAccel.o
                0x0001046c                FEHAccel::FEHAccel()
                0x0001046c                FEHAccel::FEHAccel()
 .text._Z41__static_initialization_and_destruction_0ii
                0x000104dc       0x2c Libraries/FEHAccel.o
 .text._GLOBAL__sub_I_Accel
                0x00010508       0x10 Libraries/FEHAccel.o
 .text._ZN10FEHBatteryC2EN5FEHIO8FEHIOPinE
                0x00010518       0x22 Libraries/FEHBattery.o
                0x00010518                FEHBattery::FEHBattery(FEHIO::FEHIOPin)
                0x00010518                FEHBattery::FEHBattery(FEHIO::FEHIOPin)
 *fill*         0x0001053a        0x2 
 .text._Z41__static_initialization_and_destruction_0ii
                0x0001053c       0x30 Libraries/FEHBattery.o
 .text._GLOBAL__sub_I_Battery
                0x0001056c       0x10 Libraries/FEHBattery.o
 .text._ZN7FEHXBeeC2Ev
                0x0001057c       0x1a Drivers/FEHXBee.o
                0x0001057c                FEHXBee::FEHXBee()
                0x0001057c                FEHXBee::FEHXBee()
 *fill*         0x00010596        0x2 
 .text._ZN7FEHXBee17SetPacketCallBackEPFvPhhE
                0x00010598       0x20 Drivers/FEHXBee.o
                0x00010598                FEHXBee::SetPacketCallBack(void (*)(unsigned char*, unsigned char))
 .text._Z22UART0_RX_TX_IRQHandlerv
                0x000105b8       0xec Drivers/FEHXBee.o
                0x000105b8                UART0_RX_TX_IRQHandler()
 .text._ZN6FEHRPSC2Ev
                0x000106a4       0x74 Libraries/FEHRPS.o
                0x000106a4                FEHRPS::FEHRPS()
                0x000106a4                FEHRPS::FEHRPS()
 .text._Z14RPSDataProcessPhh
                0x00010718      0x148 Libraries/FEHRPS.o
                0x00010718                RPSDataProcess(unsigned char*, unsigned char)
 .text._Z41__static_initialization_and_destruction_0ii
                0x00010860       0x2c Libraries/FEHRPS.o
 .text._GLOBAL__sub_I_RPS
                0x0001088c       0x10 Libraries/FEHRPS.o
 .text._ZN5FEHSDC2Ev
                0x0001089c       0x24 Libraries/FEHSD.o
                0x0001089c                FEHSD::FEHSD()
                0x0001089c                FEHSD::FEHSD()
 .text._ZN5FEHSD9FCloseAllEv
                0x000108c0       0x6c Libraries/FEHSD.o
                0x000108c0                FEHSD::FCloseAll()
 .text._Z41__static_initialization_and_destruction_0ii
                0x0001092c       0x2c Libraries/FEHSD.o
 .text._GLOBAL__sub_I_SD
                0x00010958       0x10 Libraries/FEHSD.o
 .text._ZN9FEHRandom10InitializeEv
                0x00010968       0x3c Libraries/FEHRandom.o
                0x00010968                FEHRandom::Initialize()
 .text.startup._GLOBAL__sub_I__ZN9__gnu_cxx9__freeresEv
                0x000109a4       0x28 c:/gcc-arm-none-eabi-10.3-2021.10/bin/../lib/gcc/arm-none-eabi/10.3.1/../../../../arm-none-eabi/lib/thumb/v7e-m/nofp\libstdc++.a(eh_alloc.o)
 .text          0x000109cc      0x424 c:/gcc-arm-none-eabi-10.3-2021.10/bin/../lib/gcc/arm-none-eabi/10.3.1/thumb/v7e-m/nofp\libgcc.a(_arm_muldivdf3.o)
                0x000109cc                __aeabi_dmul
                0x000109cc                __muldf3
                0x00010c20                __divdf3
                0x00010c20                __aeabi_ddiv
 .text          0x00010df0       0x40 c:/gcc-arm-none-eabi-10.3-2021.10/bin/../lib/gcc/arm-none-eabi/10.3.1/thumb/v7e-m/nofp\libgcc.a(_arm_fixunsdfsi.o)
                0x00010df0                __aeabi_d2uiz
                0x00010df0                __fixunsdfsi
 .text          0x00010e30      0x21c c:/gcc-arm-none-eabi-10.3-2021.10/bin/../lib/gcc/arm-none-eabi/10.3.1/thumb/v7e-m/nofp\libgcc.a(_arm_addsubsf3.o)
                0x00010e30                __aeabi_frsub
                0x00010e38                __subsf3
                0x00010e38                __aeabi_fsub
                0x00010e3c                __aeabi_fadd
                0x00010e3c                __addsf3
                0x00010f9c                __aeabi_ui2f
                0x00010f9c                __floatunsisf
                0x00010fa4                __aeabi_i2f
                0x00010fa4                __floatsisf
                0x00010fc0                __aeabi_ul2f
                0x00010fc0                __floatundisf
                0x00010fd0                __aeabi_l2f
                0x00010fd0                __floatdisf
 .text          0x0001104c      0x2a0 c:/gcc-arm-none-eabi-10.3-2021.10/bin/../lib/gcc/arm-none-eabi/10.3.1/thumb/v7e-m/nofp\libgcc.a(_arm_muldivsf3.o)
                0x0001104c                __mulsf3
                0x0001104c                __aeabi_fmul
                0x000111b4                __aeabi_fdiv
                0x000111b4                __divsf3
 .text.__libc_init_array
                0x000112ec       0x48 c:/gcc-arm-none-eabi-10.3-2021.10/bin/../lib/gcc/arm-none-eabi/10.3.1/../../../../arm-none-eabi/lib/thumb/v7e-m/nofp\libg.a(lib_a-init.o)
                0x000112ec                __libc_init_array
 .text.__retarget_lock_acquire_recursive
                0x00011334        0x4 c:/gcc-arm-none-eabi-10.3-2021.10/bin/../lib/gcc/arm-none-eabi/10.3.1/../../../../arm-none-eabi/lib/thumb/v7e-m/nofp\libg.a(lib_a-lock.o)
                0x00011334                __retarget_lock_acquire_recursive
 .text.__retarget_lock_release_recursive
                0x00011338        0x4 c:/gcc-arm-none-eabi-10.3-2021.10/bin/../lib/gcc/arm-none-eabi/10.3.1/../../../../arm-none-eabi/lib/thumb/v7e-m/nofp\libg.a(lib_a-lock.o)
                0x00011338                __retarget_lock_release_recursive
 .text.malloc   0x0001133c       0x10 c:/gcc-arm-none-eabi-10.3-2021.10/bin/../lib/gcc/arm-none-eabi/10.3.1/../../../../arm-none-eabi/lib/thumb/v7e-m/nofp\libg.a(lib_a-malloc.o)
                0x0001133c                malloc
 .text._malloc_r
                0x0001134c      0x560 c:/gcc-arm-none-eabi-10.3-2021.10/bin/../lib/gcc/arm-none-eabi/10.3.1/../../../../arm-none-eabi/lib/thumb/v7e-m/nofp\libg.a(lib_a-mallocr.o)
                0x0001134c                _malloc_r
 .text.__malloc_lock
                0x000118ac        0xc c:/gcc-arm-none-eabi-10.3-2021.10/bin/../lib/gcc/arm-none-eabi/10.3.1/../../../../arm-none-eabi/lib/thumb/v7e-m/nofp\libg.a(lib_a-mlock.o)
                0x000118ac                __malloc_lock
 .text.__malloc_unlock
                0x000118b8        0xc c:/gcc-arm-none-eabi-10.3-2021.10/bin/../lib/gcc/arm-none-eabi/10.3.1/../../../../arm-none-eabi/lib/thumb/v7e-m/nofp\libg.a(lib_a-mlock.o)
                0x000118b8                __malloc_unlock
 .text._sbrk_r  0x000118c4       0x24 c:/gcc-arm-none-eabi-10.3-2021.10/bin/../lib/gcc/arm-none-eabi/10.3.1/../../../../arm-none-eabi/lib/thumb/v7e-m/nofp\libg.a(lib_a-sbrkr.o)
                0x000118c4                _sbrk_r
 .text.startup.register_fini
                0x000118e8       0x14 c:/gcc-arm-none-eabi-10.3-2021.10/bin/../lib/gcc/arm-none-eabi/10.3.1/../../../../arm-none-eabi/lib/thumb/v7e-m/nofp\libg.a(lib_a-__call_atexit.o)
 .text.atexit   0x000118fc        0xc c:/gcc-arm-none-eabi-10.3-2021.10/bin/../lib/gcc/arm-none-eabi/10.3.1/../../../../arm-none-eabi/lib/thumb/v7e-m/nofp\libg.a(lib_a-atexit.o)
                0x000118fc                atexit
 .text.__libc_fini_array
                0x00011908       0x2c c:/gcc-arm-none-eabi-10.3-2021.10/bin/../lib/gcc/arm-none-eabi/10.3.1/../../../../arm-none-eabi/lib/thumb/v7e-m/nofp\libg.a(lib_a-fini.o)
                0x00011908                __libc_fini_array
 .text._malloc_trim_r
                0x00011934       0xa0 c:/gcc-arm-none-eabi-10.3-2021.10/bin/../lib/gcc/arm-none-eabi/10.3.1/../../../../arm-none-eabi/lib/thumb/v7e-m/nofp\libg.a(lib_a-freer.o)
                0x00011934                _malloc_trim_r
 .text._free_r  0x000119d4      0x20c c:/gcc-arm-none-eabi-10.3-2021.10/bin/../lib/gcc/arm-none-eabi/10.3.1/../../../../arm-none-eabi/lib/thumb/v7e-m/nofp\libg.a(lib_a-freer.o)
                0x000119d4                _free_r
 .text.__register_exitproc
                0x00011be0       0x8c c:/gcc-arm-none-eabi-10.3-2021.10/bin/../lib/gcc/arm-none-eabi/10.3.1/../../../../arm-none-eabi/lib/thumb/v7e-m/nofp\libg.a(lib_a-__atexit.o)
                0x00011be0                __register_exitproc
 .text._sbrk    0x00011c6c       0x1c c:/gcc-arm-none-eabi-10.3-2021.10/bin/../lib/gcc/arm-none-eabi/10.3.1/../../../../arm-none-eabi/lib/thumb/v7e-m/nofp\libnosys.a(sbrk.o)
                0x00011c6c                _sbrk
 *(.rodata .rodata.* .constdata .constdata.*)
 .rodata        0x00011c88        0xe ../main.o
 *fill*         0x00011c96        0x2 
 .rodata.K60_SDHC0_init
                0x00011c98        0xc Drivers/SDHC.o
                0x00011c98                K60_SDHC0_init
 .rodata._ZL21ESDHC_COMMAND_XFERTYP
                0x00011ca4      0x100 Drivers/SDHC.o
 .rodata._ZL10ADCNumbers
                0x00011da4       0x21 Libraries/FEHIO.o
 *fill*         0x00011dc5        0x3 
 .rodata._ZL16AnalogPinNumbers
                0x00011dc8       0x84 Libraries/FEHIO.o
 .rodata        0x00011e4c       0x78 Libraries/FEHIO.o
 .rodata        0x00011ec4       0x32 Libraries/FEHLCD.o
 *fill*         0x00011ef6        0x2 
 .rodata._global_impure_ptr
                0x00011ef8        0x4 c:/gcc-arm-none-eabi-10.3-2021.10/bin/../lib/gcc/arm-none-eabi/10.3.1/../../../../arm-none-eabi/lib/thumb/v7e-m/nofp\libg.a(lib_a-impure.o)
                0x00011ef8                _global_impure_ptr
                0x00011efc                . = ALIGN (0x4)
                0x00011efc                . = ALIGN (0x4)
 *(.init)
 .init          0x00011efc        0x4 c:/gcc-arm-none-eabi-10.3-2021.10/bin/../lib/gcc/arm-none-eabi/10.3.1/thumb/v7e-m/nofp/crti.o
                0x00011efc                _init
 .init          0x00011f00        0x8 c:/gcc-arm-none-eabi-10.3-2021.10/bin/../lib/gcc/arm-none-eabi/10.3.1/thumb/v7e-m/nofp/crtn.o
                0x00011f08                . = ALIGN (0x4)
                0x00011f08                __preinit_array_start = .
 *(.preinit_array)
                0x00011f08                __preinit_array_end = .
                0x00011f08                . = ALIGN (0x4)
                0x00011f08                __init_array_start = .
 *(SORT_BY_NAME(.init_array.*))
 .init_array.00000
                0x00011f08        0x4 c:/gcc-arm-none-eabi-10.3-2021.10/bin/../lib/gcc/arm-none-eabi/10.3.1/../../../../arm-none-eabi/lib/thumb/v7e-m/nofp\libg.a(lib_a-__call_atexit.o)
 *(.init_array)
 .init_array    0x00011f0c        0x4 c:/gcc-arm-none-eabi-10.3-2021.10/bin/../lib/gcc/arm-none-eabi/10.3.1/thumb/v7e-m/nofp/crtbegin.o
 .init_array    0x00011f10        0x4 FEHProteus.o
 .init_array    0x00011f14        0x4 Libraries/FEHBuzzer.o
 .init_array    0x00011f18        0x4 Libraries/FEHLCD.o
 .init_array    0x00011f1c        0x4 Libraries/FEHAccel.o
 .init_array    0x00011f20        0x4 Libraries/FEHBattery.o
 .init_array    0x00011f24        0x4 Libraries/FEHRPS.o
 .init_array    0x00011f28        0x4 Libraries/FEHSD.o
 .init_array    0x00011f2c        0x4 c:/gcc-arm-none-eabi-10.3-2021.10/bin/../lib/gcc/arm-none-eabi/10.3.1/../../../../arm-none-eabi/lib/thumb/v7e-m/nofp\libstdc++.a(eh_alloc.o)
                0x00011f30                __init_array_end = .
 *(.fini)
 .fini          0x00011f30        0x4 c:/gcc-arm-none-eabi-10.3-2021.10/bin/../lib/gcc/arm-none-eabi/10.3.1/thumb/v7e-m/nofp/crti.o
                0x00011f30                _fini
 .fini          0x00011f34        0x8 c:/gcc-arm-none-eabi-10.3-2021.10/bin/../lib/gcc/arm-none-eabi/10.3.1/thumb/v7e-m/nofp/crtn.o
                0x00011f3c                . = ALIGN (0x4)
 *crtbegin.o(.ctors)
 *(EXCLUDE_FILE(*crtend.o) .ctors)
 *(SORT_BY_NAME(.ctors.*))
 *crtend.o(.ctors)
                0x00011f3c                . = ALIGN (0x4)
 *crtbegin.o(.dtors)
 *(EXCLUDE_FILE(*crtend.o) .dtors)
 *(SORT_BY_NAME(.dtors.*))
 *crtend.o(.dtors)
                0x00011f3c                . = ALIGN (0x4)

.ARM.extab
 *(.ARM.extab* .gnu.linkonce.armextab.*)
                0x00011f3c                __exidx_start = .

.ARM.exidx      0x00011f3c        0x8
 *(.ARM.exidx* .gnu.linkonce.armexidx.*)
 .ARM.exidx.text.startup._GLOBAL__sub_I__ZN9__gnu_cxx9__freeresEv
                0x00011f3c        0x8 c:/gcc-arm-none-eabi-10.3-2021.10/bin/../lib/gcc/arm-none-eabi/10.3.1/../../../../arm-none-eabi/lib/thumb/v7e-m/nofp\libstdc++.a(eh_alloc.o)
                0x00011f44                __exidx_end = .
                0x00011f44                _etext = .

.rel.dyn        0x00011f44        0x0
 .rel.iplt      0x00011f44        0x0 c:/gcc-arm-none-eabi-10.3-2021.10/bin/../lib/gcc/arm-none-eabi/10.3.1/thumb/v7e-m/nofp/crtbegin.o

.m_usb_data
 *(m_usb_bdt)

.data_RAM2      0x1fff0000        0x0 load address 0x00011f44
 FILL mask 0xff
                [!provide]                PROVIDE (__start_data_RAM2 = .)
 *(.ramfunc.$RAM2)
 *(.ramfunc.$SRAM_LOWER)
 *(.EXTRA_RAM)
 *(.data.$RAM2)
 *(.data.$SRAM_LOWER)
 *(.data.$RAM2.*)
 *(.data.$SRAM_LOWER.*)
                0x1fff0000                . = ALIGN (0x4)
                [!provide]                PROVIDE (__end_data_RAM2 = .)

.uninit_RESERVED
                0x20000000        0x0
                0x20000000                . = ALIGN (0x4)
 *(.bss.$RESERVED*)
                0x20000000                . = ALIGN (0x4)
                0x20000000                _end_uninit_RESERVED = .

.data           0x20000000     0x155c load address 0x00011f44
 FILL mask 0xff
                0x20000000                _data = .
 *(vtable)
 *(.ramfunc*)
 *(CodeQuickAccess)
 *(DataQuickAccess)
 *(RamFunction)
 *(.data*)
 .data._ZL4Stat
                0x20000000        0x1 Drivers/SDHC.o
 *fill*         0x20000001        0x3 ff
 .data.image    0x20000004      0x74e Libraries/FEHLCD.o
                0x20000004                image
 *fill*         0x20000752        0x2 ff
 .data.logo     0x20000754      0x3e6 Libraries/FEHLCD.o
                0x20000754                logo
 *fill*         0x20000b3a        0x2 ff
 .data._ZN6FEHLCD8fontDataE
                0x20000b3c      0x1e0 Libraries/FEHLCD.o
                0x20000b3c                FEHLCD::fontData
 .data._impure_ptr
                0x20000d1c        0x4 c:/gcc-arm-none-eabi-10.3-2021.10/bin/../lib/gcc/arm-none-eabi/10.3.1/../../../../arm-none-eabi/lib/thumb/v7e-m/nofp\libg.a(lib_a-impure.o)
                0x20000d1c                _impure_ptr
 .data.impure_data
                0x20000d20      0x428 c:/gcc-arm-none-eabi-10.3-2021.10/bin/../lib/gcc/arm-none-eabi/10.3.1/../../../../arm-none-eabi/lib/thumb/v7e-m/nofp\libg.a(lib_a-impure.o)
 .data.__malloc_av_
                0x20001148      0x408 c:/gcc-arm-none-eabi-10.3-2021.10/bin/../lib/gcc/arm-none-eabi/10.3.1/../../../../arm-none-eabi/lib/thumb/v7e-m/nofp\libg.a(lib_a-mallocr.o)
                0x20001148                __malloc_av_
 .data.__malloc_sbrk_base
                0x20001550        0x4 c:/gcc-arm-none-eabi-10.3-2021.10/bin/../lib/gcc/arm-none-eabi/10.3.1/../../../../arm-none-eabi/lib/thumb/v7e-m/nofp\libg.a(lib_a-mallocr.o)
                0x20001550                __malloc_sbrk_base
 .data.__malloc_trim_threshold
                0x20001554        0x4 c:/gcc-arm-none-eabi-10.3-2021.10/bin/../lib/gcc/arm-none-eabi/10.3.1/../../../../arm-none-eabi/lib/thumb/v7e-m/nofp\libg.a(lib_a-mallocr.o)
                0x20001554                __malloc_trim_threshold
 .data.__atexit_recursive_mutex
                0x20001558        0x4 c:/gcc-arm-none-eabi-10.3-2021.10/bin/../lib/gcc/arm-none-eabi/10.3.1/../../../../arm-none-eabi/lib/thumb/v7e-m/nofp\libg.a(lib_a-__call_atexit.o)
                0x20001558                __atexit_recursive_mutex
                0x2000155c                . = ALIGN (0x4)
                0x2000155c                _edata = .

.igot.plt       0x2000155c        0x0 load address 0x000134a0
 .igot.plt      0x2000155c        0x0 c:/gcc-arm-none-eabi-10.3-2021.10/bin/../lib/gcc/arm-none-eabi/10.3.1/thumb/v7e-m/nofp/crtbegin.o

.bss_RAM2       0x1fff0000        0x0
                0x1fff0000                . = ALIGN (0x4)
                [!provide]                PROVIDE (__start_bss_RAM2 = .)
 *(.bss.$RAM2)
 *(.bss.$SRAM_LOWER)
 *(.bss.$RAM2.*)
 *(.bss.$SRAM_LOWER.*)
                0x1fff0000                . = ALIGN ((. != 0x0)?0x4:0x1)
                [!provide]                PROVIDE (__end_bss_RAM2 = .)

.bss            0x2000155c      0x44c
                0x2000155c                . = ALIGN (0x4)
                0x2000155c                _bss = .
 *(.bss*)
 .bss           0x2000155c       0x1c c:/gcc-arm-none-eabi-10.3-2021.10/bin/../lib/gcc/arm-none-eabi/10.3.1/thumb/v7e-m/nofp/crtbegin.o
 .bss.MasterTransmission
                0x20001578        0x1 Drivers/i2c.o
                0x20001578                MasterTransmission
 .bss.SlaveID   0x20001579        0x1 Drivers/i2c.o
                0x20001579                SlaveID
 .bss.timeout   0x2000157a        0x1 Drivers/i2c.o
                0x2000157a                timeout
 *fill*         0x2000157b        0x1 
 .bss.SDHC_Card
                0x2000157c       0x14 Drivers/SDHC.o
                0x2000157c                SDHC_Card
 .bss.SDHC_Info
                0x20001590      0x204 Drivers/SDHC.o
                0x20001590                SDHC_Info
 .bss.SDHC_Device
                0x20001794        0x8 Drivers/SDHC.o
                0x20001794                SDHC_Device
 .bss.Propeller
                0x2000179c        0x1 FEHProteus.o
                0x2000179c                Propeller
 *fill*         0x2000179d        0x3 
 .bss.CoreClockKHz
                0x200017a0        0x4 FEHProteus.o
                0x200017a0                CoreClockKHz
 .bss.CoreClockMHz
                0x200017a4        0x4 FEHProteus.o
                0x200017a4                CoreClockMHz
 .bss.PeripheralClockKHz
                0x200017a8        0x4 FEHProteus.o
                0x200017a8                PeripheralClockKHz
 .bss._ZN14AnalogInputPin17Master_Adc_ConfigE
                0x200017ac       0x10 Libraries/FEHIO.o
                0x200017ac                AnalogInputPin::Master_Adc_Config
 .bss._ZN14AnalogInputPin18Encoder_Adc_ConfigE
                0x200017bc       0x10 Libraries/FEHIO.o
                0x200017bc                AnalogInputPin::Encoder_Adc_Config
 .bss.interrupt_counts
                0x200017cc       0x80 Libraries/FEHIO.o
                0x200017cc                interrupt_counts
 .bss._ZN13AnalogEncoder7pinListE
                0x2000184c        0x4 Libraries/FEHIO.o
                0x2000184c                AnalogEncoder::pinList
 .bss.__interrupt_counter
                0x20001850        0x4 Libraries/FEHIO.o
                0x20001850                __interrupt_counter
 .bss.Buzzer    0x20001854        0x1 Libraries/FEHBuzzer.o
                0x20001854                Buzzer
 *fill*         0x20001855        0x3 
 .bss.LCD       0x20001858       0x44 Libraries/FEHLCD.o
                0x20001858                LCD
 .bss.initialized
                0x2000189c        0x1 Libraries/FEHLCD.o
                0x2000189c                initialized
 *fill*         0x2000189d        0x3 
 .bss.Accel     0x200018a0        0x1 Libraries/FEHAccel.o
                0x200018a0                Accel
 *fill*         0x200018a1        0x3 
 .bss.Battery   0x200018a4        0x1 Libraries/FEHBattery.o
                0x200018a4                Battery
 *fill*         0x200018a5        0x3 
 .bss.XBeeDataProcess
                0x200018a8        0x4 Drivers/FEHXBee.o
                0x200018a8                XBeeDataProcess
 .bss._xbeebuffer
                0x200018ac       0x10 Drivers/FEHXBee.o
                0x200018ac                _xbeebuffer
 .bss._xbeebufferindex
                0x200018bc        0x1 Drivers/FEHXBee.o
                0x200018bc                _xbeebufferindex
 .bss._xbeestate
                0x200018bd        0x1 Drivers/FEHXBee.o
                0x200018bd                _xbeestate
 .bss._xbeebytereceived
                0x200018be        0x1 Drivers/FEHXBee.o
                0x200018be                _xbeebytereceived
 .bss._xbeebyte
                0x200018bf        0x1 Drivers/FEHXBee.o
                0x200018bf                _xbeebyte
 .bss.RPS       0x200018c0        0x8 Libraries/FEHRPS.o
                0x200018c0                RPS
 .bss._enabled  0x200018c8        0x1 Libraries/FEHRPS.o
                0x200018c8                _enabled
 *fill*         0x200018c9        0x3 
 .bss._RPS_x    0x200018cc        0x4 Libraries/FEHRPS.o
                0x200018cc                _RPS_x
 .bss._RPS_y    0x200018d0        0x4 Libraries/FEHRPS.o
                0x200018d0                _RPS_y
 .bss._RPS_heading
                0x200018d4        0x4 Libraries/FEHRPS.o
                0x200018d4                _RPS_heading
 .bss._RPS_objective
                0x200018d8        0x4 Libraries/FEHRPS.o
                0x200018d8                _RPS_objective
 .bss._RPS_time
                0x200018dc        0x1 Libraries/FEHRPS.o
                0x200018dc                _RPS_time
 .bss._RPS_stop
                0x200018dd        0x1 Libraries/FEHRPS.o
                0x200018dd                _RPS_stop
 .bss._RPS_foundpacket
                0x200018de        0x1 Libraries/FEHRPS.o
                0x200018de                _RPS_foundpacket
 *fill*         0x200018df        0x1 
 .bss.SD        0x200018e0        0x8 Libraries/FEHSD.o
                0x200018e0                SD
 .bss.f_res     0x200018e8        0x1 Libraries/FEHSD.o
                0x200018e8                f_res
 *fill*         0x200018e9        0x3 
 .bss.filePtrs  0x200018ec       0x64 Libraries/FEHSD.o
                0x200018ec                filePtrs
 .bss.Random    0x20001950        0x1 Libraries/FEHRandom.o
                0x20001950                Random
 *fill*         0x20001951        0x3 
 .bss._ZN12_GLOBAL__N_114emergency_poolE
                0x20001954       0x10 c:/gcc-arm-none-eabi-10.3-2021.10/bin/../lib/gcc/arm-none-eabi/10.3.1/../../../../arm-none-eabi/lib/thumb/v7e-m/nofp\libstdc++.a(eh_alloc.o)
 .bss.__lock___atexit_recursive_mutex
                0x20001964        0x1 c:/gcc-arm-none-eabi-10.3-2021.10/bin/../lib/gcc/arm-none-eabi/10.3.1/../../../../arm-none-eabi/lib/thumb/v7e-m/nofp\libg.a(lib_a-lock.o)
                0x20001964                __lock___atexit_recursive_mutex
 *fill*         0x20001965        0x3 
 .bss.__lock___malloc_recursive_mutex
                0x20001968        0x1 c:/gcc-arm-none-eabi-10.3-2021.10/bin/../lib/gcc/arm-none-eabi/10.3.1/../../../../arm-none-eabi/lib/thumb/v7e-m/nofp\libg.a(lib_a-lock.o)
                0x20001968                __lock___malloc_recursive_mutex
 *fill*         0x20001969        0x3 
 .bss.__malloc_current_mallinfo
                0x2000196c       0x28 c:/gcc-arm-none-eabi-10.3-2021.10/bin/../lib/gcc/arm-none-eabi/10.3.1/../../../../arm-none-eabi/lib/thumb/v7e-m/nofp\libg.a(lib_a-mallocr.o)
                0x2000196c                __malloc_current_mallinfo
 .bss.__malloc_max_sbrked_mem
                0x20001994        0x4 c:/gcc-arm-none-eabi-10.3-2021.10/bin/../lib/gcc/arm-none-eabi/10.3.1/../../../../arm-none-eabi/lib/thumb/v7e-m/nofp\libg.a(lib_a-mallocr.o)
                0x20001994                __malloc_max_sbrked_mem
 .bss.__malloc_max_total_mem
                0x20001998        0x4 c:/gcc-arm-none-eabi-10.3-2021.10/bin/../lib/gcc/arm-none-eabi/10.3.1/../../../../arm-none-eabi/lib/thumb/v7e-m/nofp\libg.a(lib_a-mallocr.o)
                0x20001998                __malloc_max_total_mem
 .bss.__malloc_top_pad
                0x2000199c        0x4 c:/gcc-arm-none-eabi-10.3-2021.10/bin/../lib/gcc/arm-none-eabi/10.3.1/../../../../arm-none-eabi/lib/thumb/v7e-m/nofp\libg.a(lib_a-mallocr.o)
                0x2000199c                __malloc_top_pad
 .bss.errno     0x200019a0        0x4 c:/gcc-arm-none-eabi-10.3-2021.10/bin/../lib/gcc/arm-none-eabi/10.3.1/../../../../arm-none-eabi/lib/thumb/v7e-m/nofp\libg.a(lib_a-reent.o)
                0x200019a0                errno
 .bss.heap_end.0
                0x200019a4        0x4 c:/gcc-arm-none-eabi-10.3-2021.10/bin/../lib/gcc/arm-none-eabi/10.3.1/../../../../arm-none-eabi/lib/thumb/v7e-m/nofp\libnosys.a(sbrk.o)
 *(COMMON)
                0x200019a8                . = ALIGN (0x4)
                0x200019a8                _ebss = .
                0x200019a8                PROVIDE (end = .)

.noinit_RAM2    0x1fff0000        0x0
                0x1fff0000                . = ALIGN (0x4)
 *(.noinit.$RAM2)
 *(.noinit.$SRAM_LOWER)
 *(.noinit.$RAM2.*)
 *(.noinit.$SRAM_LOWER.*)
                0x1fff0000                . = ALIGN (0x4)

.noinit         0x200019a8        0x0
                0x200019a8                . = ALIGN (0x4)
                0x200019a8                _noinit = .
 *(.noinit*)
                0x200019a8                . = ALIGN (0x4)
                0x200019a8                _end_noinit = .
                0x00001000                _HeapSize = 0x1000

.heap           0x1fff0000     0x1000
                0x1fff0000                _pvHeapStart = .
                0x1fff1000                . = (. + _HeapSize)
 *fill*         0x1fff0000     0x1000 
                0x1fff1000                . = ALIGN (0x4)
                0x1fff1000                _pvHeapLimit = .
                0x00001000                _StackSize = 0x1000

.heap2stackfill
                0x1fff1000     0x1000
                0x1fff2000                . = (. + _StackSize)
 *fill*         0x1fff1000     0x1000 

.stack          0x1ffff000        0x0
                0x1ffff000                _vStackBase = .
                0x1ffff000                . = ALIGN (0x4)
                0x20000000                _vStackTop = (. + _StackSize)
                0x0000c000                _image_start = LOADADDR (.text)
                0x000134a0                _image_end = (LOADADDR (.data) + SIZEOF (.data))
                0x000074a0                _image_size = (_image_end - _image_start)
OUTPUT(../Proteus.elf elf32-littlearm)
LOAD linker stubs

.ARM.attributes
                0x00000000       0x2a
 .ARM.attributes
                0x00000000       0x1e c:/gcc-arm-none-eabi-10.3-2021.10/bin/../lib/gcc/arm-none-eabi/10.3.1/thumb/v7e-m/nofp/crti.o
 .ARM.attributes
                0x0000001e       0x2e c:/gcc-arm-none-eabi-10.3-2021.10/bin/../lib/gcc/arm-none-eabi/10.3.1/thumb/v7e-m/nofp/crtbegin.o
 .ARM.attributes
                0x0000004c       0x2e ../main.o
 .ARM.attributes
                0x0000007a       0x2e Startup/startup_mk60d10.o
 .ARM.attributes
                0x000000a8       0x2e Drivers/i2c.o
 .ARM.attributes
                0x000000d6       0x2e Drivers/spi.o
 .ARM.attributes
                0x00000104       0x2e Drivers/uart.o
 .ARM.attributes
                0x00000132       0x2e Drivers/ff.o
 .ARM.attributes
                0x00000160       0x2e Drivers/SDHC.o
 .ARM.attributes
                0x0000018e       0x2e Drivers/lptmr.o
 .ARM.attributes
                0x000001bc       0x2e FEHProteus.o
 .ARM.attributes
                0x000001ea       0x2e Drivers/FEHPropeller.o
 .ARM.attributes
                0x00000218       0x2e Libraries/FEHUtility.o
 .ARM.attributes
                0x00000246       0x2e Libraries/FEHIO.o
 .ARM.attributes
                0x00000274       0x2e Drivers/adc16.o
 .ARM.attributes
                0x000002a2       0x2e Libraries/FEHBuzzer.o
 .ARM.attributes
                0x000002d0       0x2e Libraries/FEHLCD.o
 .ARM.attributes
                0x000002fe       0x2e Libraries/FEHAccel.o
 .ARM.attributes
                0x0000032c       0x2e Libraries/FEHBattery.o
 .ARM.attributes
                0x0000035a       0x2e Drivers/FEHXBee.o
 .ARM.attributes
                0x00000388       0x2e Libraries/FEHRPS.o
 .ARM.attributes
                0x000003b6       0x2e Libraries/FEHSD.o
 .ARM.attributes
                0x000003e4       0x2e Libraries/FEHRandom.o
 .ARM.attributes
                0x00000412       0x2e c:/gcc-arm-none-eabi-10.3-2021.10/bin/../lib/gcc/arm-none-eabi/10.3.1/../../../../arm-none-eabi/lib/thumb/v7e-m/nofp\libstdc++.a(eh_alloc.o)
 .ARM.attributes
                0x00000440       0x1e c:/gcc-arm-none-eabi-10.3-2021.10/bin/../lib/gcc/arm-none-eabi/10.3.1/thumb/v7e-m/nofp\libgcc.a(_arm_muldivdf3.o)
 .ARM.attributes
                0x0000045e       0x1e c:/gcc-arm-none-eabi-10.3-2021.10/bin/../lib/gcc/arm-none-eabi/10.3.1/thumb/v7e-m/nofp\libgcc.a(_arm_fixunsdfsi.o)
 .ARM.attributes
                0x0000047c       0x1e c:/gcc-arm-none-eabi-10.3-2021.10/bin/../lib/gcc/arm-none-eabi/10.3.1/thumb/v7e-m/nofp\libgcc.a(_arm_addsubsf3.o)
 .ARM.attributes
                0x0000049a       0x1e c:/gcc-arm-none-eabi-10.3-2021.10/bin/../lib/gcc/arm-none-eabi/10.3.1/thumb/v7e-m/nofp\libgcc.a(_arm_muldivsf3.o)
 .ARM.attributes
                0x000004b8       0x2e c:/gcc-arm-none-eabi-10.3-2021.10/bin/../lib/gcc/arm-none-eabi/10.3.1/../../../../arm-none-eabi/lib/thumb/v7e-m/nofp\libg.a(lib_a-impure.o)
 .ARM.attributes
                0x000004e6       0x2e c:/gcc-arm-none-eabi-10.3-2021.10/bin/../lib/gcc/arm-none-eabi/10.3.1/../../../../arm-none-eabi/lib/thumb/v7e-m/nofp\libg.a(lib_a-init.o)
 .ARM.attributes
                0x00000514       0x2e c:/gcc-arm-none-eabi-10.3-2021.10/bin/../lib/gcc/arm-none-eabi/10.3.1/../../../../arm-none-eabi/lib/thumb/v7e-m/nofp\libg.a(lib_a-lock.o)
 .ARM.attributes
                0x00000542       0x2e c:/gcc-arm-none-eabi-10.3-2021.10/bin/../lib/gcc/arm-none-eabi/10.3.1/../../../../arm-none-eabi/lib/thumb/v7e-m/nofp\libg.a(lib_a-malloc.o)
 .ARM.attributes
                0x00000570       0x2e c:/gcc-arm-none-eabi-10.3-2021.10/bin/../lib/gcc/arm-none-eabi/10.3.1/../../../../arm-none-eabi/lib/thumb/v7e-m/nofp\libg.a(lib_a-mallocr.o)
 .ARM.attributes
                0x0000059e       0x2e c:/gcc-arm-none-eabi-10.3-2021.10/bin/../lib/gcc/arm-none-eabi/10.3.1/../../../../arm-none-eabi/lib/thumb/v7e-m/nofp\libg.a(lib_a-mlock.o)
 .ARM.attributes
                0x000005cc       0x2e c:/gcc-arm-none-eabi-10.3-2021.10/bin/../lib/gcc/arm-none-eabi/10.3.1/../../../../arm-none-eabi/lib/thumb/v7e-m/nofp\libg.a(lib_a-sbrkr.o)
 .ARM.attributes
                0x000005fa       0x2e c:/gcc-arm-none-eabi-10.3-2021.10/bin/../lib/gcc/arm-none-eabi/10.3.1/../../../../arm-none-eabi/lib/thumb/v7e-m/nofp\libg.a(lib_a-__call_atexit.o)
 .ARM.attributes
                0x00000628       0x2e c:/gcc-arm-none-eabi-10.3-2021.10/bin/../lib/gcc/arm-none-eabi/10.3.1/../../../../arm-none-eabi/lib/thumb/v7e-m/nofp\libg.a(lib_a-atexit.o)
 .ARM.attributes
                0x00000656       0x2e c:/gcc-arm-none-eabi-10.3-2021.10/bin/../lib/gcc/arm-none-eabi/10.3.1/../../../../arm-none-eabi/lib/thumb/v7e-m/nofp\libg.a(lib_a-fini.o)
 .ARM.attributes
                0x00000684       0x2e c:/gcc-arm-none-eabi-10.3-2021.10/bin/../lib/gcc/arm-none-eabi/10.3.1/../../../../arm-none-eabi/lib/thumb/v7e-m/nofp\libg.a(lib_a-freer.o)
 .ARM.attributes
                0x000006b2       0x2e c:/gcc-arm-none-eabi-10.3-2021.10/bin/../lib/gcc/arm-none-eabi/10.3.1/../../../../arm-none-eabi/lib/thumb/v7e-m/nofp\libg.a(lib_a-reent.o)
 .ARM.attributes
                0x000006e0       0x2e c:/gcc-arm-none-eabi-10.3-2021.10/bin/../lib/gcc/arm-none-eabi/10.3.1/../../../../arm-none-eabi/lib/thumb/v7e-m/nofp\libg.a(lib_a-__atexit.o)
 .ARM.attributes
                0x0000070e       0x2e c:/gcc-arm-none-eabi-10.3-2021.10/bin/../lib/gcc/arm-none-eabi/10.3.1/../../../../arm-none-eabi/lib/thumb/v7e-m/nofp\libnosys.a(sbrk.o)
 .ARM.attributes
                0x0000073c       0x1e c:/gcc-arm-none-eabi-10.3-2021.10/bin/../lib/gcc/arm-none-eabi/10.3.1/thumb/v7e-m/nofp/crtn.o

.comment        0x00000000       0x49
 .comment       0x00000000       0x49 ../main.o
                                 0x4a (size before relaxing)
 .comment       0x00000049       0x4a Startup/startup_mk60d10.o
 .comment       0x00000049       0x4a Drivers/i2c.o
 .comment       0x00000049       0x4a Drivers/spi.o
 .comment       0x00000049       0x4a Drivers/uart.o
 .comment       0x00000049       0x4a Drivers/ff.o
 .comment       0x00000049       0x4a Drivers/SDHC.o
 .comment       0x00000049       0x4a Drivers/lptmr.o
 .comment       0x00000049       0x4a FEHProteus.o
 .comment       0x00000049       0x4a Drivers/FEHPropeller.o
 .comment       0x00000049       0x4a Libraries/FEHUtility.o
 .comment       0x00000049       0x4a Libraries/FEHIO.o
 .comment       0x00000049       0x4a Drivers/adc16.o
 .comment       0x00000049       0x4a Libraries/FEHBuzzer.o
 .comment       0x00000049       0x4a Libraries/FEHLCD.o
 .comment       0x00000049       0x4a Libraries/FEHAccel.o
 .comment       0x00000049       0x4a Libraries/FEHBattery.o
 .comment       0x00000049       0x4a Drivers/FEHXBee.o
 .comment       0x00000049       0x4a Libraries/FEHRPS.o
 .comment       0x00000049       0x4a Libraries/FEHSD.o
 .comment       0x00000049       0x4a Libraries/FEHRandom.o

.debug_info     0x00000000    0x3074a
 .debug_info    0x00000000     0x5775 ../main.o
 .debug_info    0x00005775     0x74b8 Startup/startup_mk60d10.o
 .debug_info    0x0000cc2d      0x2d7 Drivers/i2c.o
 .debug_info    0x0000cf04      0x74c Drivers/spi.o
 .debug_info    0x0000d650      0x60f Drivers/uart.o
 .debug_info    0x0000dc5f     0x1d82 Drivers/ff.o
 .debug_info    0x0000f9e1      0xfde Drivers/SDHC.o
 .debug_info    0x000109bf      0x33b Drivers/lptmr.o
 .debug_info    0x00010cfa      0x1f1 FEHProteus.o
 .debug_info    0x00010eeb      0x7b3 Drivers/FEHPropeller.o
 .debug_info    0x0001169e      0x38c Libraries/FEHUtility.o
 .debug_info    0x00011a2a     0x1dc1 Libraries/FEHIO.o
 .debug_info    0x000137eb      0x51d Drivers/adc16.o
 .debug_info    0x00013d08      0xa98 Libraries/FEHBuzzer.o
 .debug_info    0x000147a0     0x9164 Libraries/FEHLCD.o
 .debug_info    0x0001d904      0x2cc Libraries/FEHAccel.o
 .debug_info    0x0001dbd0      0x413 Libraries/FEHBattery.o
 .debug_info    0x0001dfe3     0x2f4f Drivers/FEHXBee.o
 .debug_info    0x00020f32     0x6b3b Libraries/FEHRPS.o
 .debug_info    0x00027a6d     0x62f6 Libraries/FEHSD.o
 .debug_info    0x0002dd63     0x29e7 Libraries/FEHRandom.o

.debug_abbrev   0x00000000     0x4228
 .debug_abbrev  0x00000000      0x542 ../main.o
 .debug_abbrev  0x00000542      0x704 Startup/startup_mk60d10.o
 .debug_abbrev  0x00000c46      0x137 Drivers/i2c.o
 .debug_abbrev  0x00000d7d      0x1a9 Drivers/spi.o
 .debug_abbrev  0x00000f26      0x16e Drivers/uart.o
 .debug_abbrev  0x00001094      0x1bc Drivers/ff.o
 .debug_abbrev  0x00001250      0x27b Drivers/SDHC.o
 .debug_abbrev  0x000014cb       0xde Drivers/lptmr.o
 .debug_abbrev  0x000015a9       0xf3 FEHProteus.o
 .debug_abbrev  0x0000169c      0x1be Drivers/FEHPropeller.o
 .debug_abbrev  0x0000185a      0x161 Libraries/FEHUtility.o
 .debug_abbrev  0x000019bb      0x55d Libraries/FEHIO.o
 .debug_abbrev  0x00001f18      0x135 Drivers/adc16.o
 .debug_abbrev  0x0000204d      0x220 Libraries/FEHBuzzer.o
 .debug_abbrev  0x0000226d      0x73a Libraries/FEHLCD.o
 .debug_abbrev  0x000029a7      0x153 Libraries/FEHAccel.o
 .debug_abbrev  0x00002afa      0x1e4 Libraries/FEHBattery.o
 .debug_abbrev  0x00002cde      0x430 Drivers/FEHXBee.o
 .debug_abbrev  0x0000310e      0x6f0 Libraries/FEHRPS.o
 .debug_abbrev  0x000037fe      0x693 Libraries/FEHSD.o
 .debug_abbrev  0x00003e91      0x397 Libraries/FEHRandom.o

.debug_loc      0x00000000     0x741f
 .debug_loc     0x00000000       0x88 ../main.o
 .debug_loc     0x00000088     0x1304 Startup/startup_mk60d10.o
 .debug_loc     0x0000138c      0x1f8 Drivers/i2c.o
 .debug_loc     0x00001584      0x250 Drivers/spi.o
 .debug_loc     0x000017d4      0x170 Drivers/uart.o
 .debug_loc     0x00001944      0xf8e Drivers/ff.o
 .debug_loc     0x000028d2      0x538 Drivers/SDHC.o
 .debug_loc     0x00002e0a       0x5c Drivers/lptmr.o
 .debug_loc     0x00002e66       0x7c FEHProteus.o
 .debug_loc     0x00002ee2      0x1a8 Drivers/FEHPropeller.o
 .debug_loc     0x0000308a      0x280 Libraries/FEHUtility.o
 .debug_loc     0x0000330a      0xd56 Libraries/FEHIO.o
 .debug_loc     0x00004060      0x114 Drivers/adc16.o
 .debug_loc     0x00004174      0x448 Libraries/FEHBuzzer.o
 .debug_loc     0x000045bc     0x1c79 Libraries/FEHLCD.o
 .debug_loc     0x00006235      0x20c Libraries/FEHAccel.o
 .debug_loc     0x00006441      0x11c Libraries/FEHBattery.o
 .debug_loc     0x0000655d      0x318 Drivers/FEHXBee.o
 .debug_loc     0x00006875      0x63c Libraries/FEHRPS.o
 .debug_loc     0x00006eb1      0x416 Libraries/FEHSD.o
 .debug_loc     0x000072c7      0x158 Libraries/FEHRandom.o

.debug_aranges  0x00000000      0xeb8
 .debug_aranges
                0x00000000       0x28 ../main.o
 .debug_aranges
                0x00000028      0x368 Startup/startup_mk60d10.o
 .debug_aranges
                0x00000390       0x48 Drivers/i2c.o
 .debug_aranges
                0x000003d8       0x58 Drivers/spi.o
 .debug_aranges
                0x00000430       0x38 Drivers/uart.o
 .debug_aranges
                0x00000468      0x198 Drivers/ff.o
 .debug_aranges
                0x00000600       0x98 Drivers/SDHC.o
 .debug_aranges
                0x00000698       0x20 Drivers/lptmr.o
 .debug_aranges
                0x000006b8       0x28 FEHProteus.o
 .debug_aranges
                0x000006e0       0x40 Drivers/FEHPropeller.o
 .debug_aranges
                0x00000720       0x58 Libraries/FEHUtility.o
 .debug_aranges
                0x00000778      0x160 Libraries/FEHIO.o
 .debug_aranges
                0x000008d8       0x30 Drivers/adc16.o
 .debug_aranges
                0x00000908       0x88 Libraries/FEHBuzzer.o
 .debug_aranges
                0x00000990      0x2e0 Libraries/FEHLCD.o
 .debug_aranges
                0x00000c70       0x50 Libraries/FEHAccel.o
 .debug_aranges
                0x00000cc0       0x38 Libraries/FEHBattery.o
 .debug_aranges
                0x00000cf8       0x60 Drivers/FEHXBee.o
 .debug_aranges
                0x00000d58       0xb0 Libraries/FEHRPS.o
 .debug_aranges
                0x00000e08       0x78 Libraries/FEHSD.o
 .debug_aranges
                0x00000e80       0x38 Libraries/FEHRandom.o

.debug_macinfo  0x00000000   0x81ec0e
 .debug_macinfo
                0x00000000    0x6d348 ../main.o
 .debug_macinfo
                0x0006d348    0x6fab9 Startup/startup_mk60d10.o
 .debug_macinfo
                0x000dce01    0x64058 Drivers/i2c.o
 .debug_macinfo
                0x00140e59    0x63ef1 Drivers/spi.o
 .debug_macinfo
                0x001a4d4a    0x63ee2 Drivers/uart.o
 .debug_macinfo
                0x00208c2c     0x44f5 Drivers/ff.o
 .debug_macinfo
                0x0020d121    0x65446 Drivers/SDHC.o
 .debug_macinfo
                0x00272567    0x63f51 Drivers/lptmr.o
 .debug_macinfo
                0x002d64b8    0x63ef7 FEHProteus.o
 .debug_macinfo
                0x0033a3af    0x63fa0 Drivers/FEHPropeller.o
 .debug_macinfo
                0x0039e34f    0x63f0c Libraries/FEHUtility.o
 .debug_macinfo
                0x0040225b    0x645b0 Libraries/FEHIO.o
 .debug_macinfo
                0x0046680b    0x64593 Drivers/adc16.o
 .debug_macinfo
                0x004cad9e    0x63f39 Libraries/FEHBuzzer.o
 .debug_macinfo
                0x0052ecd7    0x6e957 Libraries/FEHLCD.o
 .debug_macinfo
                0x0059d62e    0x64087 Libraries/FEHAccel.o
 .debug_macinfo
                0x006016b5    0x645ba Libraries/FEHBattery.o
 .debug_macinfo
                0x00665c6f    0x6d4ab Drivers/FEHXBee.o
 .debug_macinfo
                0x006d311a    0x6f7db Libraries/FEHRPS.o
 .debug_macinfo
                0x007428f5    0x6efeb Libraries/FEHSD.o
 .debug_macinfo
                0x007b18e0    0x6d32e Libraries/FEHRandom.o

.debug_line     0x00000000     0xcc4b
 .debug_line    0x00000000      0xa51 ../main.o
 .debug_line    0x00000a51     0x1636 Startup/startup_mk60d10.o
 .debug_line    0x00002087      0x2ec Drivers/i2c.o
 .debug_line    0x00002373      0x339 Drivers/spi.o
 .debug_line    0x000026ac      0x298 Drivers/uart.o
 .debug_line    0x00002944     0x1d5b Drivers/ff.o
 .debug_line    0x0000469f      0xd9b Drivers/SDHC.o
 .debug_line    0x0000543a      0x1fd Drivers/lptmr.o
 .debug_line    0x00005637      0x20c FEHProteus.o
 .debug_line    0x00005843      0x2b3 Drivers/FEHPropeller.o
 .debug_line    0x00005af6      0x322 Libraries/FEHUtility.o
 .debug_line    0x00005e18      0xc96 Libraries/FEHIO.o
 .debug_line    0x00006aae      0x326 Drivers/adc16.o
 .debug_line    0x00006dd4      0x360 Libraries/FEHBuzzer.o
 .debug_line    0x00007134     0x2024 Libraries/FEHLCD.o
 .debug_line    0x00009158      0x2fd Libraries/FEHAccel.o
 .debug_line    0x00009455      0x255 Libraries/FEHBattery.o
 .debug_line    0x000096aa      0xc44 Drivers/FEHXBee.o
 .debug_line    0x0000a2ee     0x1163 Libraries/FEHRPS.o
 .debug_line    0x0000b451      0xd36 Libraries/FEHSD.o
 .debug_line    0x0000c187      0xac4 Libraries/FEHRandom.o

.debug_str      0x00000000     0xac3f
 .debug_str     0x00000000     0x6109 ../main.o
                               0x652d (size before relaxing)
 .debug_str     0x00006109     0x128f Startup/startup_mk60d10.o
                               0x780e (size before relaxing)
 .debug_str     0x00007398      0x147 Drivers/i2c.o
                                0x30e (size before relaxing)
 .debug_str     0x000074df      0x18b Drivers/spi.o
                                0x49c (size before relaxing)
 .debug_str     0x0000766a      0x188 Drivers/uart.o
                                0x429 (size before relaxing)
 .debug_str     0x000077f2      0x5f9 Drivers/ff.o
                                0x8ec (size before relaxing)
 .debug_str     0x00007deb      0x545 Drivers/SDHC.o
                                0x90a (size before relaxing)
 .debug_str     0x00008330       0x5a Drivers/lptmr.o
                                0x2ea (size before relaxing)
 .debug_str     0x0000838a       0x6c FEHProteus.o
                                0x32f (size before relaxing)
 .debug_str     0x000083f6       0x40 Drivers/FEHPropeller.o
                                0x49b (size before relaxing)
 .debug_str     0x00008436       0xc0 Libraries/FEHUtility.o
                                0x2bb (size before relaxing)
 .debug_str     0x000084f6      0xf00 Libraries/FEHIO.o
                               0x16c2 (size before relaxing)
 .debug_str     0x000093f6       0xd7 Drivers/adc16.o
                                0x37e (size before relaxing)
 .debug_str     0x000094cd      0x1de Libraries/FEHBuzzer.o
                                0x49e (size before relaxing)
 .debug_str     0x000096ab      0xd34 Libraries/FEHLCD.o
                               0x740e (size before relaxing)
 .debug_str     0x0000a3df       0xad Libraries/FEHAccel.o
                                0x2ac (size before relaxing)
 .debug_str     0x0000a48c       0xa5 Libraries/FEHBattery.o
                                0x4b3 (size before relaxing)
 .debug_str     0x0000a531      0x22c Drivers/FEHXBee.o
                               0x15be (size before relaxing)
 .debug_str     0x0000a75d      0x408 Libraries/FEHRPS.o
                               0x71fa (size before relaxing)
 .debug_str     0x0000ab65       0xa9 Libraries/FEHSD.o
                               0x6a81 (size before relaxing)
 .debug_str     0x0000ac0e       0x31 Libraries/FEHRandom.o
                               0x12f1 (size before relaxing)

.debug_frame    0x00000000     0x3ea0
 .debug_frame   0x00000000       0x54 ../main.o
 .debug_frame   0x00000054      0xbb0 Startup/startup_mk60d10.o
 .debug_frame   0x00000c04       0xf0 Drivers/i2c.o
 .debug_frame   0x00000cf4      0x124 Drivers/spi.o
 .debug_frame   0x00000e18       0xb4 Drivers/uart.o
 .debug_frame   0x00000ecc      0x724 Drivers/ff.o
 .debug_frame   0x000015f0      0x268 Drivers/SDHC.o
 .debug_frame   0x00001858       0x38 Drivers/lptmr.o
 .debug_frame   0x00001890       0x50 FEHProteus.o
 .debug_frame   0x000018e0       0xcc Drivers/FEHPropeller.o
 .debug_frame   0x000019ac      0x130 Libraries/FEHUtility.o
 .debug_frame   0x00001adc      0x620 Libraries/FEHIO.o
 .debug_frame   0x000020fc       0x88 Drivers/adc16.o
 .debug_frame   0x00002184      0x208 Libraries/FEHBuzzer.o
 .debug_frame   0x0000238c      0xd04 Libraries/FEHLCD.o
 .debug_frame   0x00003090      0x110 Libraries/FEHAccel.o
 .debug_frame   0x000031a0       0x98 Libraries/FEHBattery.o
 .debug_frame   0x00003238      0x16c Drivers/FEHXBee.o
 .debug_frame   0x000033a4      0x2e4 Libraries/FEHRPS.o
 .debug_frame   0x00003688      0x1fc Libraries/FEHSD.o
 .debug_frame   0x00003884       0xa8 Libraries/FEHRandom.o
 .debug_frame   0x0000392c       0xd4 c:/gcc-arm-none-eabi-10.3-2021.10/bin/../lib/gcc/arm-none-eabi/10.3.1/../../../../arm-none-eabi/lib/thumb/v7e-m/nofp\libstdc++.a(eh_alloc.o)
 .debug_frame   0x00003a00       0x50 c:/gcc-arm-none-eabi-10.3-2021.10/bin/../lib/gcc/arm-none-eabi/10.3.1/thumb/v7e-m/nofp\libgcc.a(_arm_muldivdf3.o)
 .debug_frame   0x00003a50       0x24 c:/gcc-arm-none-eabi-10.3-2021.10/bin/../lib/gcc/arm-none-eabi/10.3.1/thumb/v7e-m/nofp\libgcc.a(_arm_fixunsdfsi.o)
 .debug_frame   0x00003a74       0x4c c:/gcc-arm-none-eabi-10.3-2021.10/bin/../lib/gcc/arm-none-eabi/10.3.1/thumb/v7e-m/nofp\libgcc.a(_arm_addsubsf3.o)
 .debug_frame   0x00003ac0       0x38 c:/gcc-arm-none-eabi-10.3-2021.10/bin/../lib/gcc/arm-none-eabi/10.3.1/thumb/v7e-m/nofp\libgcc.a(_arm_muldivsf3.o)
 .debug_frame   0x00003af8       0x2c c:/gcc-arm-none-eabi-10.3-2021.10/bin/../lib/gcc/arm-none-eabi/10.3.1/../../../../arm-none-eabi/lib/thumb/v7e-m/nofp\libg.a(lib_a-init.o)
 .debug_frame   0x00003b24       0xb0 c:/gcc-arm-none-eabi-10.3-2021.10/bin/../lib/gcc/arm-none-eabi/10.3.1/../../../../arm-none-eabi/lib/thumb/v7e-m/nofp\libg.a(lib_a-lock.o)
 .debug_frame   0x00003bd4       0x30 c:/gcc-arm-none-eabi-10.3-2021.10/bin/../lib/gcc/arm-none-eabi/10.3.1/../../../../arm-none-eabi/lib/thumb/v7e-m/nofp\libg.a(lib_a-malloc.o)
 .debug_frame   0x00003c04       0x4c c:/gcc-arm-none-eabi-10.3-2021.10/bin/../lib/gcc/arm-none-eabi/10.3.1/../../../../arm-none-eabi/lib/thumb/v7e-m/nofp\libg.a(lib_a-mallocr.o)
 .debug_frame   0x00003c50       0x30 c:/gcc-arm-none-eabi-10.3-2021.10/bin/../lib/gcc/arm-none-eabi/10.3.1/../../../../arm-none-eabi/lib/thumb/v7e-m/nofp\libg.a(lib_a-mlock.o)
 .debug_frame   0x00003c80       0x2c c:/gcc-arm-none-eabi-10.3-2021.10/bin/../lib/gcc/arm-none-eabi/10.3.1/../../../../arm-none-eabi/lib/thumb/v7e-m/nofp\libg.a(lib_a-sbrkr.o)
 .debug_frame   0x00003cac       0x5c c:/gcc-arm-none-eabi-10.3-2021.10/bin/../lib/gcc/arm-none-eabi/10.3.1/../../../../arm-none-eabi/lib/thumb/v7e-m/nofp\libg.a(lib_a-__call_atexit.o)
 .debug_frame   0x00003d08       0x20 c:/gcc-arm-none-eabi-10.3-2021.10/bin/../lib/gcc/arm-none-eabi/10.3.1/../../../../arm-none-eabi/lib/thumb/v7e-m/nofp\libg.a(lib_a-atexit.o)
 .debug_frame   0x00003d28       0x34 c:/gcc-arm-none-eabi-10.3-2021.10/bin/../lib/gcc/arm-none-eabi/10.3.1/../../../../arm-none-eabi/lib/thumb/v7e-m/nofp\libg.a(lib_a-fini.o)
 .debug_frame   0x00003d5c       0x8c c:/gcc-arm-none-eabi-10.3-2021.10/bin/../lib/gcc/arm-none-eabi/10.3.1/../../../../arm-none-eabi/lib/thumb/v7e-m/nofp\libg.a(lib_a-freer.o)
 .debug_frame   0x00003de8       0x64 c:/gcc-arm-none-eabi-10.3-2021.10/bin/../lib/gcc/arm-none-eabi/10.3.1/../../../../arm-none-eabi/lib/thumb/v7e-m/nofp\libg.a(lib_a-reent.o)
 .debug_frame   0x00003e4c       0x34 c:/gcc-arm-none-eabi-10.3-2021.10/bin/../lib/gcc/arm-none-eabi/10.3.1/../../../../arm-none-eabi/lib/thumb/v7e-m/nofp\libg.a(lib_a-__atexit.o)
 .debug_frame   0x00003e80       0x20 c:/gcc-arm-none-eabi-10.3-2021.10/bin/../lib/gcc/arm-none-eabi/10.3.1/../../../../arm-none-eabi/lib/thumb/v7e-m/nofp\libnosys.a(sbrk.o)

.stabstr        0x00000000      0x1b9
 .stabstr       0x00000000      0x1b9 c:/gcc-arm-none-eabi-10.3-2021.10/bin/../lib/gcc/arm-none-eabi/10.3.1/../../../../arm-none-eabi/lib/thumb/v7e-m/nofp\libnosys.a(close.o)
