Archive member included to satisfy reference by file (symbol)

c:/gcc-arm-none-eabi-10.3-2021.10/bin/../lib/gcc/arm-none-eabi/10.3.1/../../../../arm-none-eabi/lib/thumb/v7e-m/nofp\libstdc++.a(class_type_info.o)
                              ../Dependencies/Auto/Paths/PathTest.o (vtable for __cxxabiv1::__class_type_info)
c:/gcc-arm-none-eabi-10.3-2021.10/bin/../lib/gcc/arm-none-eabi/10.3.1/../../../../arm-none-eabi/lib/thumb/v7e-m/nofp\libstdc++.a(del_ops.o)
                              ../Dependencies/Auto/Paths/PathTest.o (operator delete(void*, unsigned int))
c:/gcc-arm-none-eabi-10.3-2021.10/bin/../lib/gcc/arm-none-eabi/10.3.1/../../../../arm-none-eabi/lib/thumb/v7e-m/nofp\libstdc++.a(new_op.o)
                              ../main.o (operator new(unsigned int))
c:/gcc-arm-none-eabi-10.3-2021.10/bin/../lib/gcc/arm-none-eabi/10.3.1/../../../../arm-none-eabi/lib/thumb/v7e-m/nofp\libstdc++.a(pure.o)
                              ../Dependencies/Auto/Paths/PathTest.o (__cxa_pure_virtual)
c:/gcc-arm-none-eabi-10.3-2021.10/bin/../lib/gcc/arm-none-eabi/10.3.1/../../../../arm-none-eabi/lib/thumb/v7e-m/nofp\libstdc++.a(si_class_type_info.o)
                              ../Dependencies/Auto/Paths/PathTest.o (vtable for __cxxabiv1::__si_class_type_info)
c:/gcc-arm-none-eabi-10.3-2021.10/bin/../lib/gcc/arm-none-eabi/10.3.1/../../../../arm-none-eabi/lib/thumb/v7e-m/nofp\libstdc++.a(tinfo.o)
                              c:/gcc-arm-none-eabi-10.3-2021.10/bin/../lib/gcc/arm-none-eabi/10.3.1/../../../../arm-none-eabi/lib/thumb/v7e-m/nofp\libstdc++.a(class_type_info.o) (std::type_info::~type_info())
c:/gcc-arm-none-eabi-10.3-2021.10/bin/../lib/gcc/arm-none-eabi/10.3.1/../../../../arm-none-eabi/lib/thumb/v7e-m/nofp\libstdc++.a(chrono.o)
                              ../Dependencies/Auto/Paths/PathTest.o (std::chrono::_V2::steady_clock::now())
c:/gcc-arm-none-eabi-10.3-2021.10/bin/../lib/gcc/arm-none-eabi/10.3.1/../../../../arm-none-eabi/lib/thumb/v7e-m/nofp\libstdc++.a(functexcept.o)
                              ../Dependencies/Auto/SequencialCommand.o (std::__throw_bad_alloc())
c:/gcc-arm-none-eabi-10.3-2021.10/bin/../lib/gcc/arm-none-eabi/10.3.1/../../../../arm-none-eabi/lib/thumb/v7e-m/nofp\libstdc++.a(snprintf_lite.o)
                              c:/gcc-arm-none-eabi-10.3-2021.10/bin/../lib/gcc/arm-none-eabi/10.3.1/../../../../arm-none-eabi/lib/thumb/v7e-m/nofp\libstdc++.a(functexcept.o) (__gnu_cxx::__snprintf_lite(char*, unsigned int, char const*, std::__va_list))
c:/gcc-arm-none-eabi-10.3-2021.10/bin/../lib/gcc/arm-none-eabi/10.3.1/../../../../arm-none-eabi/lib/thumb/v7e-m/nofp\libstdc++.a(bad_alloc.o)
                              c:/gcc-arm-none-eabi-10.3-2021.10/bin/../lib/gcc/arm-none-eabi/10.3.1/../../../../arm-none-eabi/lib/thumb/v7e-m/nofp\libstdc++.a(new_op.o) (std::bad_alloc::~bad_alloc())
c:/gcc-arm-none-eabi-10.3-2021.10/bin/../lib/gcc/arm-none-eabi/10.3.1/../../../../arm-none-eabi/lib/thumb/v7e-m/nofp\libstdc++.a(bad_cast.o)
                              c:/gcc-arm-none-eabi-10.3-2021.10/bin/../lib/gcc/arm-none-eabi/10.3.1/../../../../arm-none-eabi/lib/thumb/v7e-m/nofp\libstdc++.a(functexcept.o) (std::bad_cast::~bad_cast())
c:/gcc-arm-none-eabi-10.3-2021.10/bin/../lib/gcc/arm-none-eabi/10.3.1/../../../../arm-none-eabi/lib/thumb/v7e-m/nofp\libstdc++.a(bad_typeid.o)
                              c:/gcc-arm-none-eabi-10.3-2021.10/bin/../lib/gcc/arm-none-eabi/10.3.1/../../../../arm-none-eabi/lib/thumb/v7e-m/nofp\libstdc++.a(functexcept.o) (std::bad_typeid::~bad_typeid())
c:/gcc-arm-none-eabi-10.3-2021.10/bin/../lib/gcc/arm-none-eabi/10.3.1/../../../../arm-none-eabi/lib/thumb/v7e-m/nofp\libstdc++.a(del_op.o)
                              c:/gcc-arm-none-eabi-10.3-2021.10/bin/../lib/gcc/arm-none-eabi/10.3.1/../../../../arm-none-eabi/lib/thumb/v7e-m/nofp\libstdc++.a(del_ops.o) (operator delete(void*))
c:/gcc-arm-none-eabi-10.3-2021.10/bin/../lib/gcc/arm-none-eabi/10.3.1/../../../../arm-none-eabi/lib/thumb/v7e-m/nofp\libstdc++.a(eh_alloc.o)
                              c:/gcc-arm-none-eabi-10.3-2021.10/bin/../lib/gcc/arm-none-eabi/10.3.1/../../../../arm-none-eabi/lib/thumb/v7e-m/nofp\libstdc++.a(new_op.o) (__cxa_allocate_exception)
c:/gcc-arm-none-eabi-10.3-2021.10/bin/../lib/gcc/arm-none-eabi/10.3.1/../../../../arm-none-eabi/lib/thumb/v7e-m/nofp\libstdc++.a(eh_arm.o)
                              c:/gcc-arm-none-eabi-10.3-2021.10/bin/../lib/gcc/arm-none-eabi/10.3.1/../../../../arm-none-eabi/lib/thumb/v7e-m/nofp\libstdc++.a(functexcept.o) (__cxa_end_cleanup)
c:/gcc-arm-none-eabi-10.3-2021.10/bin/../lib/gcc/arm-none-eabi/10.3.1/../../../../arm-none-eabi/lib/thumb/v7e-m/nofp\libstdc++.a(eh_exception.o)
                              c:/gcc-arm-none-eabi-10.3-2021.10/bin/../lib/gcc/arm-none-eabi/10.3.1/../../../../arm-none-eabi/lib/thumb/v7e-m/nofp\libstdc++.a(bad_alloc.o) (std::exception::~exception())
[...]
Memory Configuration

Name             Origin             Length             Attributes
PROGRAM_FLASH    0x0000c000         0x00073c00         xr
SRAM_UPPER       0x20000000         0x00010000         xrw
SRAM_LOWER       0x1fff0000         0x00010000         xrw
*default*        0x00000000         0xffffffff

Linker script and memory map

LOAD c:/gcc-arm-none-eabi-10.3-2021.10/bin/../lib/gcc/arm-none-eabi/10.3.1/thumb/v7e-m/nofp/crti.o
LOAD c:/gcc-arm-none-eabi-10.3-2021.10/bin/../lib/gcc/arm-none-eabi/10.3.1/thumb/v7e-m/nofp/crtbegin.o
LOAD c:/gcc-arm-none-eabi-10.3-2021.10/bin/../lib/gcc/arm-none-eabi/10.3.1/../../../../arm-none-eabi/lib/thumb/v7e-m/nofp/crt0.o
LOAD ../main.o
LOAD ../Dependencies/RCSController.o
LOAD ../Dependencies/Auto/Paths/PathTest.o
LOAD ../Dependencies/Auto/SequencialCommand.o
LOAD ../Dependencies/Movement/HolonomicTriangleDrive.o
LOAD ../Dependencies/Movement/Motor.o
LOAD Startup/startup_mk60d10.o
LOAD Libraries/FEHMotor.o
LOAD Drivers/mcg.o
LOAD Drivers/i2c.o
LOAD Drivers/spi.o
LOAD Drivers/uart.o
LOAD Drivers/ff.o
LOAD Drivers/SDHC.o
LOAD Drivers/lptmr.o
LOAD FEHProteus.o
LOAD Drivers/FEHPropeller.o
LOAD Libraries/FEHUtility.o
LOAD Libraries/FEHIO.o
LOAD Drivers/adc16.o
LOAD Libraries/FEHBuzzer.o
LOAD Libraries/FEHServo.o
LOAD Libraries/FEHLCD.o
LOAD Libraries/FEHAccel.o
LOAD Libraries/FEHBattery.o
LOAD Drivers/FEHXBee.o
LOAD Libraries/FEHRCS.o
LOAD Libraries/FEHSD.o
LOAD Libraries/FEHRandom.o
LOAD c:/gcc-arm-none-eabi-10.3-2021.10/bin/../lib/gcc/arm-none-eabi/10.3.1/../../../../arm-none-eabi/lib/thumb/v7e-m/nofp\libstdc++.a
LOAD c:/gcc-arm-none-eabi-10.3-2021.10/bin/../lib/gcc/arm-none-eabi/10.3.1/../../../../arm-none-eabi/lib/thumb/v7e-m/nofp\libm.a
START GROUP
LOAD c:/gcc-arm-none-eabi-10.3-2021.10/bin/../lib/gcc/arm-none-eabi/10.3.1/thumb/v7e-m/nofp\libgcc.a
LOAD c:/gcc-arm-none-eabi-10.3-2021.10/bin/../lib/gcc/arm-none-eabi/10.3.1/../../../../arm-none-eabi/lib/thumb/v7e-m/nofp\libg.a
LOAD c:/gcc-arm-none-eabi-10.3-2021.10/bin/../lib/gcc/arm-none-eabi/10.3.1/../../../../arm-none-eabi/lib/thumb/v7e-m/nofp\libc.a
END GROUP
START GROUP
LOAD c:/gcc-arm-none-eabi-10.3-2021.10/bin/../lib/gcc/arm-none-eabi/10.3.1/thumb/v7e-m/nofp\libgcc.a
LOAD c:/gcc-arm-none-eabi-10.3-2021.10/bin/../lib/gcc/arm-none-eabi/10.3.1/../../../../arm-none-eabi/lib/thumb/v7e-m/nofp\libc.a
LOAD c:/gcc-arm-none-eabi-10.3-2021.10/bin/../lib/gcc/arm-none-eabi/10.3.1/../../../../arm-none-eabi/lib/thumb/v7e-m/nofp\libnosys.a
END GROUP
LOAD c:/gcc-arm-none-eabi-10.3-2021.10/bin/../lib/gcc/arm-none-eabi/10.3.1/thumb/v7e-m/nofp/crtend.o
LOAD c:/gcc-arm-none-eabi-10.3-2021.10/bin/../lib/gcc/arm-none-eabi/10.3.1/thumb/v7e-m/nofp/crtn.o
                0x0000c000                __base_PROGRAM_FLASH = 0xc000
                0x0000c000                __base_Flash = 0xc000
                0x0007fc00                __top_PROGRAM_FLASH = 0x7fc00
                0x0007fc00                __top_Flash = 0x7fc00
                0x20000000                __base_SRAM_UPPER = 0x20000000
                0x20000000                __base_RAM = 0x20000000
                0x20010000                __top_SRAM_UPPER = 0x20010000
                0x20010000                __top_RAM = 0x20010000
                0x1fff0000                __base_SRAM_LOWER = 0x1fff0000
                0x1fff0000                __base_RAM2 = 0x1fff0000
                0x20000000                __top_SRAM_LOWER = 0x20000000
                0x20000000                __top_RAM2 = 0x20000000

.text           0x0000c000      0x410
 FILL mask 0xff
                0x0000c000                __vectors_start__ = ABSOLUTE (.)
 *(.isr_vector)
 .isr_vector    0x0000c000      0x1bc Startup/startup_mk60d10.o
                0x0000c000                g_pfnVectors
                0x0000c000                __Vectors
                0x0000c1bc                . = ALIGN (0x4)
                0x0000c1bc                __section_table_start = .
                0x0000c1bc                __data_section_table = .
                0x0000c1bc        0x4 LONG 0x25398 LOADADDR (.data)
                0x0000c1c0        0x4 LONG 0x20000000 ADDR (.data)
                0x0000c1c4        0x4 LONG 0x16d0 SIZEOF (.data)
                0x0000c1c8        0x4 LONG 0x25398 LOADADDR (.data_RAM2)
                0x0000c1cc        0x4 LONG 0x1fff0000 ADDR (.data_RAM2)
                0x0000c1d0        0x4 LONG 0x0 SIZEOF (.data_RAM2)
                0x0000c1d4                __data_section_table_end = .
                0x0000c1d4                __bss_section_table = .
                0x0000c1d4        0x4 LONG 0x200016d0 ADDR (.bss)
                0x0000c1d8        0x4 LONG 0x478 SIZEOF (.bss)
                0x0000c1dc        0x4 LONG 0x1fff0000 ADDR (.bss_RAM2)
                0x0000c1e0        0x4 LONG 0x0 SIZEOF (.bss_RAM2)
                0x0000c1e4                __bss_section_table_end = .
                0x0000c1e4                __section_table_end = .
 *(.after_vectors*)
 .after_vectors.init_data
                0x0000c1e4       0x42 Startup/startup_mk60d10.o
                0x0000c1e4                data_init(unsigned int, unsigned int, unsigned int)
 .after_vectors.init_bss
                0x0000c226       0x36 Startup/startup_mk60d10.o
                0x0000c226                bss_init(unsigned int, unsigned int)
 .after_vectors.reset
                0x0000c25c       0xb4 Startup/startup_mk60d10.o
                0x0000c25c                ResetISR
 .after_vectors
                0x0000c310       0x3c Startup/startup_mk60d10.o
                0x0000c310                NMI_Handler
                0x0000c316                HardFault_Handler
                0x0000c31c                MemManage_Handler
                0x0000c322                BusFault_Handler
                0x0000c328                UsageFault_Handler
                0x0000c32e                SVC_Handler
                0x0000c334                DebugMon_Handler
                0x0000c33a                PendSV_Handler
                0x0000c340                SysTick_Handler
                0x0000c346                DMA_Error_DriverIRQHandler
                0x0000c346                LPTMR0_DriverIRQHandler
                0x0000c346                FTM1_DriverIRQHandler
                0x0000c346                FTM2_DriverIRQHandler
                0x0000c346                PIT2_DriverIRQHandler
                0x0000c346                SDHC_DriverIRQHandler
                0x0000c346                I2S0_Tx_DriverIRQHandler
                0x0000c346                TSI0_DriverIRQHandler
                0x0000c346                RTC_Seconds_DriverIRQHandler
                0x0000c346                Reserved109_DriverIRQHandler
                0x0000c346                DMA6_DriverIRQHandler
                0x0000c346                LLWU_DriverIRQHandler
                0x0000c346                MCM_DriverIRQHandler
                0x0000c346                MCG_DriverIRQHandler
                0x0000c346                ENET_1588_Timer_DriverIRQHandler
                0x0000c346                DAC1_DriverIRQHandler
                0x0000c346                SPI1_DriverIRQHandler
                0x0000c346                CMP1_DriverIRQHandler
                0x0000c346                UART5_RX_TX_DriverIRQHandler
                0x0000c346                FTM0_DriverIRQHandler
                0x0000c346                IntDefaultHandler
                0x0000c346                USB0_DriverIRQHandler
                0x0000c346                UART5_ERR_DriverIRQHandler
                0x0000c346                DMA11_DriverIRQHandler
                0x0000c346                DAC0_DriverIRQHandler
                0x0000c346                DMA10_DriverIRQHandler
                0x0000c346                CMP2_DriverIRQHandler
                0x0000c346                UART2_ERR_DriverIRQHandler
                0x0000c346                SPI2_DriverIRQHandler
                0x0000c346                LVD_LVW_DriverIRQHandler
                0x0000c346                RNG_DriverIRQHandler
                0x0000c346                DMA12_DriverIRQHandler
                0x0000c346                DMA4_DriverIRQHandler
                0x0000c346                UART2_RX_TX_DriverIRQHandler
                0x0000c346                USBDCD_DriverIRQHandler
                0x0000c346                UART3_ERR_DriverIRQHandler
                0x0000c346                DMA3_DriverIRQHandler
                0x0000c346                DMA8_DriverIRQHandler
                0x0000c346                DMA9_DriverIRQHandler
                0x0000c346                UART0_ERR_DriverIRQHandler
                0x0000c346                CMT_DriverIRQHandler
                0x0000c346                ADC1_DriverIRQHandler
                0x0000c346                DMA14_DriverIRQHandler
                0x0000c346                PIT3_DriverIRQHandler
                0x0000c346                PIT1_DriverIRQHandler
                0x0000c346                WDOG_EWM_DriverIRQHandler
                0x0000c346                PDB0_DriverIRQHandler
                0x0000c346                Reserved95_DriverIRQHandler
                0x0000c346                RTC_DriverIRQHandler
                0x0000c346                I2S0_Rx_DriverIRQHandler
                0x0000c346                Read_Collision_DriverIRQHandler
                0x0000c346                SWI_DriverIRQHandler
                0x0000c346                UART4_RX_TX_DriverIRQHandler
                0x0000c346                UART4_ERR_DriverIRQHandler
                0x0000c346                DMA0_DriverIRQHandler
                0x0000c346                UART0_LON_DriverIRQHandler
                0x0000c346                Reserved102_DriverIRQHandler
                0x0000c346                DMA1_DriverIRQHandler
                0x0000c346                I2C1_DriverIRQHandler
                0x0000c346                UART3_RX_TX_DriverIRQHandler
                0x0000c346                ENET_Receive_DriverIRQHandler
                0x0000c346                DMA13_DriverIRQHandler
                0x0000c346                ENET_Error_DriverIRQHandler
                0x0000c346                DMA15_DriverIRQHandler
                0x0000c346                SPI0_DriverIRQHandler
                0x0000c346                ADC0_DriverIRQHandler
                0x0000c346                FTFL_DriverIRQHandler
                0x0000c346                CMP0_DriverIRQHandler
                0x0000c346                CAN0_DriverIRQHandler
                0x0000c346                Reserved59_DriverIRQHandler
                0x0000c346                DMA5_DriverIRQHandler
                0x0000c346                UART1_ERR_DriverIRQHandler
                0x0000c346                DMA2_DriverIRQHandler
                0x0000c346                ENET_Transmit_DriverIRQHandler
                0x0000c346                I2C0_DriverIRQHandler
                0x0000c346                CAN1_DriverIRQHandler
                0x0000c346                DMA7_DriverIRQHandler
                0x0000c346                UART1_RX_TX_DriverIRQHandler
                0x0000c346                Reserved108_DriverIRQHandler
                0x00000400                . = 0x400
 *fill*         0x0000c34c       0xb4 ff
                0x0000c400                PROVIDE (__FLASH_CONFIG_START__ = .)
 *(.FlashConfig)
 .FlashConfig   0x0000c400       0x10 Startup/startup_mk60d10.o
                0x0000c410                PROVIDE (__FLASH_CONFIG_END__ = .)
                0x00000001                ASSERT (! ((__FLASH_CONFIG_START__ == __FLASH_CONFIG_END__)), Linker Flash Config Support Enabled, but no .FlashConfig section provided within application)

.glue_7         0x0000c410        0x0
 .glue_7        0x0000c410        0x0 linker stubs

.glue_7t        0x0000c410        0x0
 .glue_7t       0x0000c410        0x0 linker stubs

.vfp11_veneer   0x0000c410        0x0
 .vfp11_veneer  0x0000c410        0x0 linker stubs

.v4_bx          0x0000c410        0x0
 .v4_bx         0x0000c410        0x0 linker stubs

.iplt           0x0000c410        0x0
 .iplt          0x0000c410        0x0 c:/gcc-arm-none-eabi-10.3-2021.10/bin/../lib/gcc/arm-none-eabi/10.3.1/thumb/v7e-m/nofp/crtbegin.o

.text           0x0000c440    0x18c38
 *(.text*)
 .text          0x0000c440       0x40 c:/gcc-arm-none-eabi-10.3-2021.10/bin/../lib/gcc/arm-none-eabi/10.3.1/thumb/v7e-m/nofp/crtbegin.o
 .text.main     0x0000c480      0x35c ../main.o
                0x0000c480                main
 .text._ZSt11make_uniqueI8PathTestJR22HolonomicTriangleDriveEENSt9_MakeUniqIT_E15__single_objectEDpOT0_
                0x0000c7dc       0x34 ../main.o
                0x0000c7dc                std::_MakeUniq<PathTest>::__single_object std::make_unique<PathTest, HolonomicTriangleDrive&>(HolonomicTriangleDrive&)
 .text._ZNSt10unique_ptrI8PathTestSt14default_deleteIS0_EED2Ev
                0x0000c810       0x44 ../main.o
                0x0000c810                std::unique_ptr<PathTest, std::default_delete<PathTest> >::~unique_ptr()
                0x0000c810                std::unique_ptr<PathTest, std::default_delete<PathTest> >::~unique_ptr()
 .text._ZNSt15__uniq_ptr_dataI7CommandSt14default_deleteIS0_ELb1ELb1EECI2St15__uniq_ptr_implIS0_S2_EIS1_I8PathTestEEEPS0_OT_
                0x0000c854       0x22 ../main.o
                0x0000c854                std::__uniq_ptr_data<Command, std::default_delete<Command>, true, true>::__uniq_ptr_impl<std::default_delete<PathTest> >(Command*, std::default_delete<PathTest>&&)
                0x0000c854                std::__uniq_ptr_data<Command, std::default_delete<Command>, true, true>::__uniq_ptr_impl<std::default_delete<PathTest> >(Command*, std::default_delete<PathTest>&&)
 .text._ZNSt10unique_ptrI7CommandSt14default_deleteIS0_EEC2I8PathTestS1_IS5_EvEEOS_IT_T0_E
                0x0000c876       0x38 ../main.o
                0x0000c876                std::unique_ptr<Command, std::default_delete<Command> >::unique_ptr<PathTest, std::default_delete<PathTest>, void>(std::unique_ptr<PathTest, std::default_delete<PathTest> >&&)
                0x0000c876                std::unique_ptr<Command, std::default_delete<Command> >::unique_ptr<PathTest, std::default_delete<PathTest>, void>(std::unique_ptr<PathTest, std::default_delete<PathTest> >&&)
 .text._ZNSt10unique_ptrI7CommandSt14default_deleteIS0_EED2Ev
                0x0000c8ae       0x44 ../main.o
                0x0000c8ae                std::unique_ptr<Command, std::default_delete<Command> >::~unique_ptr()
                0x0000c8ae                std::unique_ptr<Command, std::default_delete<Command> >::~unique_ptr()
 .text._ZSt7forwardIR22HolonomicTriangleDriveEOT_RNSt16remove_referenceIS2_E4typeE
                0x0000c8f2       0x14 ../main.o
                0x0000c8f2                HolonomicTriangleDrive& std::forward<HolonomicTriangleDrive&>(std::remove_reference<HolonomicTriangleDrive&>::type&)
 .text._ZNSt15__uniq_ptr_dataI8PathTestSt14default_deleteIS0_ELb1ELb1EECI2St15__uniq_ptr_implIS0_S2_EEPS0_
                0x0000c906       0x20 ../main.o
                0x0000c906                std::__uniq_ptr_data<PathTest, std::default_delete<PathTest>, true, true>::__uniq_ptr_impl(PathTest*)
                0x0000c906                std::__uniq_ptr_data<PathTest, std::default_delete<PathTest>, true, true>::__uniq_ptr_impl(PathTest*)
 .text._ZNSt10unique_ptrI8PathTestSt14default_deleteIS0_EEC2IS2_vEEPS0_
                0x0000c926       0x1e ../main.o
                0x0000c926                std::unique_ptr<PathTest, std::default_delete<PathTest> >::unique_ptr<std::default_delete<PathTest>, void>(PathTest*)
                0x0000c926                std::unique_ptr<PathTest, std::default_delete<PathTest> >::unique_ptr<std::default_delete<PathTest>, void>(PathTest*)
 .text._ZNSt15__uniq_ptr_implI8PathTestSt14default_deleteIS0_EE6_M_ptrEv
                0x0000c944       0x1a ../main.o
                0x0000c944                std::__uniq_ptr_impl<PathTest, std::default_delete<PathTest> >::_M_ptr()
 .text._ZNSt10unique_ptrI8PathTestSt14default_deleteIS0_EE11get_deleterEv
                0x0000c95e       0x1a ../main.o
                0x0000c95e                std::unique_ptr<PathTest, std::default_delete<PathTest> >::get_deleter()
 .text._ZSt4moveIRP8PathTestEONSt16remove_referenceIT_E4typeEOS4_
                0x0000c978       0x14 ../main.o
                0x0000c978                std::remove_reference<PathTest*&>::type&& std::move<PathTest*&>(PathTest*&)
 .text._ZNKSt14default_deleteI8PathTestEclEPS0_
                0x0000c98c       0x22 ../main.o
                0x0000c98c                std::default_delete<PathTest>::operator()(PathTest*) const
 .text._ZNSt10unique_ptrI8PathTestSt14default_deleteIS0_EE7releaseEv
                0x0000c9ae       0x1a ../main.o
                0x0000c9ae                std::unique_ptr<PathTest, std::default_delete<PathTest> >::release()
 .text._ZSt7forwardISt14default_deleteI8PathTestEEOT_RNSt16remove_referenceIS3_E4typeE
                0x0000c9c8       0x14 ../main.o
                0x0000c9c8                std::default_delete<PathTest>&& std::forward<std::default_delete<PathTest> >(std::remove_reference<std::default_delete<PathTest> >::type&)
 .text._ZNSt15__uniq_ptr_implI7CommandSt14default_deleteIS0_EEC2IS1_I8PathTestEEEPS0_OT_
                0x0000c9dc       0x2c ../main.o
                0x0000c9dc                std::__uniq_ptr_impl<Command, std::default_delete<Command> >::__uniq_ptr_impl<std::default_delete<PathTest> >(Command*, std::default_delete<PathTest>&&)
                0x0000c9dc                std::__uniq_ptr_impl<Command, std::default_delete<Command> >::__uniq_ptr_impl<std::default_delete<PathTest> >(Command*, std::default_delete<PathTest>&&)
 .text._ZNSt15__uniq_ptr_implI7CommandSt14default_deleteIS0_EE6_M_ptrEv
                0x0000ca08       0x1a ../main.o
                0x0000ca08                std::__uniq_ptr_impl<Command, std::default_delete<Command> >::_M_ptr()
 .text._ZNSt10unique_ptrI7CommandSt14default_deleteIS0_EE11get_deleterEv
                0x0000ca22       0x1a ../main.o
                0x0000ca22                std::unique_ptr<Command, std::default_delete<Command> >::get_deleter()
 .text._ZSt4moveIRP7CommandEONSt16remove_referenceIT_E4typeEOS4_
                0x0000ca3c       0x14 ../main.o
                0x0000ca3c                std::remove_reference<Command*&>::type&& std::move<Command*&>(Command*&)
 .text._ZNKSt14default_deleteI7CommandEclEPS0_
                0x0000ca50       0x22 ../main.o
                0x0000ca50                std::default_delete<Command>::operator()(Command*) const
 .text._ZNSt15__uniq_ptr_implI8PathTestSt14default_deleteIS0_EEC2EPS0_
                0x0000ca72       0x28 ../main.o
                0x0000ca72                std::__uniq_ptr_impl<PathTest, std::default_delete<PathTest> >::__uniq_ptr_impl(PathTest*)
                0x0000ca72                std::__uniq_ptr_impl<PathTest, std::default_delete<PathTest> >::__uniq_ptr_impl(PathTest*)
 .text._ZSt3getILj0EJP8PathTestSt14default_deleteIS0_EEERNSt13tuple_elementIXT_ESt5tupleIJDpT0_EEE4typeERS8_
                0x0000ca9a       0x1a ../main.o
                0x0000ca9a                std::tuple_element<0u, std::tuple<PathTest*, std::default_delete<PathTest> > >::type& std::get<0u, PathTest*, std::default_delete<PathTest> >(std::tuple<PathTest*, std::default_delete<PathTest> >&)
 .text._ZNSt15__uniq_ptr_implI8PathTestSt14default_deleteIS0_EE10_M_deleterEv
                0x0000cab4       0x1a ../main.o
                0x0000cab4                std::__uniq_ptr_impl<PathTest, std::default_delete<PathTest> >::_M_deleter()
 .text._ZNSt15__uniq_ptr_implI8PathTestSt14default_deleteIS0_EE7releaseEv
                0x0000cace       0x2a ../main.o
                0x0000cace                std::__uniq_ptr_impl<PathTest, std::default_delete<PathTest> >::release()
 .text._ZNSt5tupleIJP7CommandSt14default_deleteIS0_EEEC2IRS1_S2_I8PathTestELb1EEEOT_OT0_
                0x0000caf8       0x32 ../main.o
                0x0000caf8                std::tuple<Command*, std::default_delete<Command> >::tuple<Command*&, std::default_delete<PathTest>, true>(Command*&, std::default_delete<PathTest>&&)
                0x0000caf8                std::tuple<Command*, std::default_delete<Command> >::tuple<Command*&, std::default_delete<PathTest>, true>(Command*&, std::default_delete<PathTest>&&)
 .text._ZSt3getILj0EJP7CommandSt14default_deleteIS0_EEERNSt13tuple_elementIXT_ESt5tupleIJDpT0_EEE4typeERS8_
                0x0000cb2a       0x1a ../main.o
                0x0000cb2a                std::tuple_element<0u, std::tuple<Command*, std::default_delete<Command> > >::type& std::get<0u, Command*, std::default_delete<Command> >(std::tuple<Command*, std::default_delete<Command> >&)
 .text._ZNSt15__uniq_ptr_implI7CommandSt14default_deleteIS0_EE10_M_deleterEv
                0x0000cb44       0x1a ../main.o
                0x0000cb44                std::__uniq_ptr_impl<Command, std::default_delete<Command> >::_M_deleter()
 .text._ZNSt11_Tuple_implILj0EJP7CommandSt14default_deleteIS0_EEE7_M_headERS4_
                0x0000cb5e       0x1a ../main.o
                0x0000cb5e                std::_Tuple_impl<0u, Command*, std::default_delete<Command> >::_M_head(std::_Tuple_impl<0u, Command*, std::default_delete<Command> >&)
 .text._ZNSt5tupleIJP8PathTestSt14default_deleteIS0_EEEC2ILb1ELb1EEEv
                0x0000cb78       0x1a ../main.o
                0x0000cb78                std::tuple<PathTest*, std::default_delete<PathTest> >::tuple<true, true>()
                0x0000cb78                std::tuple<PathTest*, std::default_delete<PathTest> >::tuple<true, true>()
 .text._ZNSt11_Tuple_implILj0EJP8PathTestSt14default_deleteIS0_EEE7_M_headERS4_
                0x0000cb92       0x1a ../main.o
                0x0000cb92                std::_Tuple_impl<0u, PathTest*, std::default_delete<PathTest> >::_M_head(std::_Tuple_impl<0u, PathTest*, std::default_delete<PathTest> >&)
 .text._ZSt12__get_helperILj0EP8PathTestJSt14default_deleteIS0_EEERT0_RSt11_Tuple_implIXT_EJS4_DpT1_EE
                0x0000cbac       0x18 ../main.o
                0x0000cbac                PathTest*& std::__get_helper<0u, PathTest*, std::default_delete<PathTest> >(std::_Tuple_impl<0u, PathTest*, std::default_delete<PathTest> >&)
 .text._ZSt3getILj1EJP8PathTestSt14default_deleteIS0_EEERNSt13tuple_elementIXT_ESt5tupleIJDpT0_EEE4typeERS8_
                0x0000cbc4       0x18 ../main.o
                0x0000cbc4                std::tuple_element<1u, std::tuple<PathTest*, std::default_delete<PathTest> > >::type& std::get<1u, PathTest*, std::default_delete<PathTest> >(std::tuple<PathTest*, std::default_delete<PathTest> >&)
 .text._ZSt7forwardIRP7CommandEOT_RNSt16remove_referenceIS3_E4typeE
                0x0000cbdc       0x14 ../main.o
                0x0000cbdc                Command*& std::forward<Command*&>(std::remove_reference<Command*&>::type&)
 .text._ZNSt11_Tuple_implILj0EJP7CommandSt14default_deleteIS0_EEEC2IRS1_JS2_I8PathTestEEvEEOT_DpOT0_
                0x0000cbf0       0x38 ../main.o
                0x0000cbf0                std::_Tuple_impl<0u, Command*, std::default_delete<Command> >::_Tuple_impl<Command*&, std::default_delete<PathTest>, void>(Command*&, std::default_delete<PathTest>&&)
                0x0000cbf0                std::_Tuple_impl<0u, Command*, std::default_delete<Command> >::_Tuple_impl<Command*&, std::default_delete<PathTest>, void>(Command*&, std::default_delete<PathTest>&&)
 .text._ZSt12__get_helperILj0EP7CommandJSt14default_deleteIS0_EEERT0_RSt11_Tuple_implIXT_EJS4_DpT1_EE
                0x0000cc28       0x18 ../main.o
                0x0000cc28                Command*& std::__get_helper<0u, Command*, std::default_delete<Command> >(std::_Tuple_impl<0u, Command*, std::default_delete<Command> >&)
 .text._ZSt3getILj1EJP7CommandSt14default_deleteIS0_EEERNSt13tuple_elementIXT_ESt5tupleIJDpT0_EEE4typeERS8_
                0x0000cc40       0x18 ../main.o
                0x0000cc40                std::tuple_element<1u, std::tuple<Command*, std::default_delete<Command> > >::type& std::get<1u, Command*, std::default_delete<Command> >(std::tuple<Command*, std::default_delete<Command> >&)
 .text._ZNSt10_Head_baseILj0EP7CommandLb0EE7_M_headERS2_
                0x0000cc58       0x14 ../main.o
                0x0000cc58                std::_Head_base<0u, Command*, false>::_M_head(std::_Head_base<0u, Command*, false>&)
 .text._ZNSt11_Tuple_implILj1EJSt14default_deleteI7CommandEEE7_M_headERS3_
                0x0000cc6c       0x18 ../main.o
                0x0000cc6c                std::_Tuple_impl<1u, std::default_delete<Command> >::_M_head(std::_Tuple_impl<1u, std::default_delete<Command> >&)
 .text._ZNSt11_Tuple_implILj0EJP8PathTestSt14default_deleteIS0_EEEC2Ev
                0x0000cc84       0x20 ../main.o
                0x0000cc84                std::_Tuple_impl<0u, PathTest*, std::default_delete<PathTest> >::_Tuple_impl()
                0x0000cc84                std::_Tuple_impl<0u, PathTest*, std::default_delete<PathTest> >::_Tuple_impl()
 .text._ZNSt10_Head_baseILj0EP8PathTestLb0EE7_M_headERS2_
                0x0000cca4       0x14 ../main.o
                0x0000cca4                std::_Head_base<0u, PathTest*, false>::_M_head(std::_Head_base<0u, PathTest*, false>&)
 .text._ZNSt11_Tuple_implILj1EJSt14default_deleteI8PathTestEEE7_M_headERS3_
                0x0000ccb8       0x18 ../main.o
                0x0000ccb8                std::_Tuple_impl<1u, std::default_delete<PathTest> >::_M_head(std::_Tuple_impl<1u, std::default_delete<PathTest> >&)
 .text._ZSt12__get_helperILj1ESt14default_deleteI8PathTestEJEERT0_RSt11_Tuple_implIXT_EJS3_DpT1_EE
                0x0000ccd0       0x18 ../main.o
                0x0000ccd0                std::default_delete<PathTest>& std::__get_helper<1u, std::default_delete<PathTest>>(std::_Tuple_impl<1u, std::default_delete<PathTest>>&)
 .text._ZNSt11_Tuple_implILj1EJSt14default_deleteI7CommandEEEC2IS0_I8PathTestEEEOT_
                0x0000cce8       0x24 ../main.o
                0x0000cce8                std::_Tuple_impl<1u, std::default_delete<Command> >::_Tuple_impl<std::default_delete<PathTest> >(std::default_delete<PathTest>&&)
                0x0000cce8                std::_Tuple_impl<1u, std::default_delete<Command> >::_Tuple_impl<std::default_delete<PathTest> >(std::default_delete<PathTest>&&)
 .text._ZNSt10_Head_baseILj0EP7CommandLb0EEC2IRS1_EEOT_
                0x0000cd0c       0x22 ../main.o
                0x0000cd0c                std::_Head_base<0u, Command*, false>::_Head_base<Command*&>(Command*&)
                0x0000cd0c                std::_Head_base<0u, Command*, false>::_Head_base<Command*&>(Command*&)
 .text._ZSt12__get_helperILj1ESt14default_deleteI7CommandEJEERT0_RSt11_Tuple_implIXT_EJS3_DpT1_EE
                0x0000cd2e       0x18 ../main.o
                0x0000cd2e                std::default_delete<Command>& std::__get_helper<1u, std::default_delete<Command>>(std::_Tuple_impl<1u, std::default_delete<Command>>&)
 .text._ZNSt10_Head_baseILj1ESt14default_deleteI7CommandELb1EE7_M_headERS3_
                0x0000cd46       0x14 ../main.o
                0x0000cd46                std::_Head_base<1u, std::default_delete<Command>, true>::_M_head(std::_Head_base<1u, std::default_delete<Command>, true>&)
 .text._ZNSt11_Tuple_implILj1EJSt14default_deleteI8PathTestEEEC2Ev
                0x0000cd5a       0x18 ../main.o
                0x0000cd5a                std::_Tuple_impl<1u, std::default_delete<PathTest> >::_Tuple_impl()
                0x0000cd5a                std::_Tuple_impl<1u, std::default_delete<PathTest> >::_Tuple_impl()
 .text._ZNSt10_Head_baseILj0EP8PathTestLb0EEC2Ev
                0x0000cd72       0x1a ../main.o
                0x0000cd72                std::_Head_base<0u, PathTest*, false>::_Head_base()
                0x0000cd72                std::_Head_base<0u, PathTest*, false>::_Head_base()
 .text._ZNSt10_Head_baseILj1ESt14default_deleteI8PathTestELb1EE7_M_headERS3_
                0x0000cd8c       0x14 ../main.o
                0x0000cd8c                std::_Head_base<1u, std::default_delete<PathTest>, true>::_M_head(std::_Head_base<1u, std::default_delete<PathTest>, true>&)
 .text._ZNSt10_Head_baseILj1ESt14default_deleteI7CommandELb1EEC2IS0_I8PathTestEEEOT_
                0x0000cda0       0x24 ../main.o
                0x0000cda0                std::_Head_base<1u, std::default_delete<Command>, true>::_Head_base<std::default_delete<PathTest> >(std::default_delete<PathTest>&&)
                0x0000cda0                std::_Head_base<1u, std::default_delete<Command>, true>::_Head_base<std::default_delete<PathTest> >(std::default_delete<PathTest>&&)
 .text._ZNSt10_Head_baseILj1ESt14default_deleteI8PathTestELb1EEC2Ev
                0x0000cdc4       0x14 ../main.o
                0x0000cdc4                std::_Head_base<1u, std::default_delete<PathTest>, true>::_Head_base()
                0x0000cdc4                std::_Head_base<1u, std::default_delete<PathTest>, true>::_Head_base()
 .text._ZNSt14default_deleteI7CommandEC2I8PathTestvEERKS_IT_E
                0x0000cdd8       0x16 ../main.o
                0x0000cdd8                std::default_delete<Command>::default_delete<PathTest, void>(std::default_delete<PathTest> const&)
                0x0000cdd8                std::default_delete<Command>::default_delete<PathTest, void>(std::default_delete<PathTest> const&)
 .text._ZNKSt6chrono8durationIxSt5ratioILx1ELx1000000000EEE5countEv
                0x0000cdee       0x1a ../Dependencies/Auto/Paths/PathTest.o
                0x0000cdee                std::chrono::duration<long long, std::ratio<1ll, 1000000000ll> >::count() const
 .text._ZNSt6chrono8durationIxSt5ratioILx1ELx1000000000EEE4zeroEv
                0x0000ce08       0x28 ../Dependencies/Auto/Paths/PathTest.o
                0x0000ce08                std::chrono::duration<long long, std::ratio<1ll, 1000000000ll> >::zero()
 .text._ZNSt6chrono8durationIxSt5ratioILx1ELx1000000000EEEC1IxvEERKT_
                0x0000ce30       0x22 ../Dependencies/Auto/Paths/PathTest.o
                0x0000ce30                std::chrono::duration<long long, std::ratio<1ll, 1000000000ll> >::duration<long long, void>(long long const&)
 .text._ZNSt6chrono15duration_valuesIxE4zeroEv
                0x0000ce52       0x16 ../Dependencies/Auto/Paths/PathTest.o
                0x0000ce52                std::chrono::duration_values<long long>::zero()
 .text._Z6timeUpNSt6chrono10time_pointINS_3_V212steady_clockENS_8durationIxSt5ratioILx1ELx1000000000EEEEEENS3_IxS4_ILx1ELx1000EEEE
                0x0000ce68       0x42 ../Dependencies/Auto/Paths/PathTest.o
                0x0000ce68                timeUp(std::chrono::time_point<std::chrono::_V2::steady_clock, std::chrono::duration<long long, std::ratio<1ll, 1000000000ll> > >, std::chrono::duration<long long, std::ratio<1ll, 1000ll> >)
 .text._Z12chronMiliSeci
                0x0000ceaa       0x1c ../Dependencies/Auto/Paths/PathTest.o
                0x0000ceaa                chronMiliSec(int)
 *fill*         0x0000cec6        0x2 
 .text._ZN7CommandC2Ev
                0x0000cec8       0x20 ../Dependencies/Auto/Paths/PathTest.o
                0x0000cec8                Command::Command()
                0x0000cec8                Command::Command()
 .text._ZN7CommandD2Ev
                0x0000cee8       0x20 ../Dependencies/Auto/Paths/PathTest.o
                0x0000cee8                Command::~Command()
                0x0000cee8                Command::~Command()
 .text._ZN7CommandD0Ev
                0x0000cf08       0x20 ../Dependencies/Auto/Paths/PathTest.o
                0x0000cf08                Command::~Command()
 .text._ZN8PathTestC2ER22HolonomicTriangleDrive
                0x0000cf28       0x50 ../Dependencies/Auto/Paths/PathTest.o
                0x0000cf28                PathTest::PathTest(HolonomicTriangleDrive&)
                0x0000cf28                PathTest::PathTest(HolonomicTriangleDrive&)
 .text._ZN8PathTest3runEv
                0x0000cf78       0x58 ../Dependencies/Auto/Paths/PathTest.o
                0x0000cf78                PathTest::run()
 .text._ZN8PathTest5endedEv
                0x0000cfd0       0x16 ../Dependencies/Auto/Paths/PathTest.o
                0x0000cfd0                PathTest::ended()
 .text._ZN8PathTest4stopEv
                0x0000cfe6       0x18 ../Dependencies/Auto/Paths/PathTest.o
                0x0000cfe6                PathTest::stop()
 .text._ZNSt6chronomiINS_3_V212steady_clockENS_8durationIxSt5ratioILx1ELx1000000000EEEES6_EENSt11common_typeIJT0_T1_EE4typeERKNS_10time_pointIT_S8_EERKNSC_ISD_S9_EE
                0x0000cffe       0x3e ../Dependencies/Auto/Paths/PathTest.o
                0x0000cffe                std::common_type<std::chrono::duration<long long, std::ratio<1ll, 1000000000ll> >, std::chrono::duration<long long, std::ratio<1ll, 1000000000ll> > >::type std::chrono::operator-<std::chrono::_V2::steady_clock, std::chrono::duration<long long, std::ratio<1ll, 1000000000ll> >, std::chrono::duration<long long, std::ratio<1ll, 1000000000ll> > >(std::chrono::time_point<std::chrono::_V2::steady_clock, std::chrono::duration<long long, std::ratio<1ll, 1000000000ll> > > const&, std::chrono::time_point<std::chrono::_V2::steady_clock, std::chrono::duration<long long, std::ratio<1ll, 1000000000ll> > > const&)
 .text._ZNSt6chronoltIxSt5ratioILx1ELx1000000000EExS1_ILx1ELx1000EEEEbRKNS_8durationIT_T0_EERKNS4_IT1_T2_EE
                0x0000d03c       0x52 ../Dependencies/Auto/Paths/PathTest.o
                0x0000d03c                bool std::chrono::operator< <long long, std::ratio<1ll, 1000000000ll>, long long, std::ratio<1ll, 1000ll> >(std::chrono::duration<long long, std::ratio<1ll, 1000000000ll> > const&, std::chrono::duration<long long, std::ratio<1ll, 1000ll> > const&)
 .text._ZNSt6chrono8durationIxSt5ratioILx1ELx1000EEEC2IivEERKT_
                0x0000d08e       0x26 ../Dependencies/Auto/Paths/PathTest.o
                0x0000d08e                std::chrono::duration<long long, std::ratio<1ll, 1000ll> >::duration<int, void>(int const&)
                0x0000d08e                std::chrono::duration<long long, std::ratio<1ll, 1000ll> >::duration<int, void>(int const&)
 .text._ZNSt6chrono10time_pointINS_3_V212steady_clockENS_8durationIxSt5ratioILx1ELx1000000000EEEEEC2Ev
                0x0000d0b4       0x1a ../Dependencies/Auto/Paths/PathTest.o
                0x0000d0b4                std::chrono::time_point<std::chrono::_V2::steady_clock, std::chrono::duration<long long, std::ratio<1ll, 1000000000ll> > >::time_point()
                0x0000d0b4                std::chrono::time_point<std::chrono::_V2::steady_clock, std::chrono::duration<long long, std::ratio<1ll, 1000000000ll> > >::time_point()
 .text._ZNKSt6chrono10time_pointINS_3_V212steady_clockENS_8durationIxSt5ratioILx1ELx1000000000EEEEE16time_since_epochEv
                0x0000d0ce       0x20 ../Dependencies/Auto/Paths/PathTest.o
                0x0000d0ce                std::chrono::time_point<std::chrono::_V2::steady_clock, std::chrono::duration<long long, std::ratio<1ll, 1000000000ll> > >::time_since_epoch() const
 .text._ZNSt6chronomiIxSt5ratioILx1ELx1000000000EExS2_EENSt11common_typeIJNS_8durationIT_T0_EENS4_IT1_T2_EEEE4typeERKS7_RKSA_
                0x0000d0ee       0x60 ../Dependencies/Auto/Paths/PathTest.o
                0x0000d0ee                std::common_type<std::chrono::duration<long long, std::ratio<1ll, 1000000000ll> >, std::chrono::duration<long long, std::ratio<1ll, 1000000000ll> > >::type std::chrono::operator-<long long, std::ratio<1ll, 1000000000ll>, long long, std::ratio<1ll, 1000000000ll> >(std::chrono::duration<long long, std::ratio<1ll, 1000000000ll> > const&, std::chrono::duration<long long, std::ratio<1ll, 1000000000ll> > const&)
 .text._ZNSt6chrono8durationIxSt5ratioILx1ELx1000000000EEEC2IxS1_ILx1ELx1000EEvEERKNS0_IT_T0_EE
                0x0000d14e       0x34 ../Dependencies/Auto/Paths/PathTest.o
                0x0000d14e                std::chrono::duration<long long, std::ratio<1ll, 1000000000ll> >::duration<long long, std::ratio<1ll, 1000ll>, void>(std::chrono::duration<long long, std::ratio<1ll, 1000ll> > const&)
                0x0000d14e                std::chrono::duration<long long, std::ratio<1ll, 1000000000ll> >::duration<long long, std::ratio<1ll, 1000ll>, void>(std::chrono::duration<long long, std::ratio<1ll, 1000ll> > const&)
 .text._ZNSt6chrono13duration_castINS_8durationIxSt5ratioILx1ELx1000000000EEEExS2_ILx1ELx1000EEEENSt9enable_ifIXsrNS_13__is_durationIT_EE5valueES8_E4typeERKNS1_IT0_T1_EE
                0x0000d182       0x1e ../Dependencies/Auto/Paths/PathTest.o
                0x0000d182                std::enable_if<std::chrono::__is_duration<std::chrono::duration<long long, std::ratio<1ll, 1000000000ll> > >::value, std::chrono::duration<long long, std::ratio<1ll, 1000000000ll> > >::type std::chrono::duration_cast<std::chrono::duration<long long, std::ratio<1ll, 1000000000ll> >, long long, std::ratio<1ll, 1000ll> >(std::chrono::duration<long long, std::ratio<1ll, 1000ll> > const&)
 .text._ZNKSt6chrono8durationIxSt5ratioILx1ELx1000EEE5countEv
                0x0000d1a0       0x1a ../Dependencies/Auto/Paths/PathTest.o
                0x0000d1a0                std::chrono::duration<long long, std::ratio<1ll, 1000ll> >::count() const
 .text._ZNSt6chrono20__duration_cast_implINS_8durationIxSt5ratioILx1ELx1000000000EEEES2_ILx1000000ELx1EExLb0ELb1EE6__castIxS2_ILx1ELx1000EEEES4_RKNS1_IT_T0_EE
                0x0000d1ba       0xa0 ../Dependencies/Auto/Paths/PathTest.o
                0x0000d1ba                std::chrono::duration<long long, std::ratio<1ll, 1000000000ll> > std::chrono::__duration_cast_impl<std::chrono::duration<long long, std::ratio<1ll, 1000000000ll> >, std::ratio<1000000ll, 1ll>, long long, false, true>::__cast<long long, std::ratio<1ll, 1000ll> >(std::chrono::duration<long long, std::ratio<1ll, 1000ll> > const&)
 *fill*         0x0000d25a        0x2 
 .text._ZN8PathTestD2Ev
                0x0000d25c       0x24 ../Dependencies/Auto/Paths/PathTest.o
                0x0000d25c                PathTest::~PathTest()
                0x0000d25c                PathTest::~PathTest()
 .text._ZN8PathTestD0Ev
                0x0000d280       0x20 ../Dependencies/Auto/Paths/PathTest.o
                0x0000d280                PathTest::~PathTest()
 .text._ZnwjPv  0x0000d2a0       0x16 ../Dependencies/Auto/SequencialCommand.o
                0x0000d2a0                operator new(unsigned int, void*)
 .text._ZNSt12_Vector_baseISt10unique_ptrI7CommandSt14default_deleteIS1_EESaIS4_EEC2Ev
                0x0000d2b6       0x1a ../Dependencies/Auto/SequencialCommand.o
                0x0000d2b6                std::_Vector_base<std::unique_ptr<Command, std::default_delete<Command> >, std::allocator<std::unique_ptr<Command, std::default_delete<Command> > > >::_Vector_base()
                0x0000d2b6                std::_Vector_base<std::unique_ptr<Command, std::default_delete<Command> >, std::allocator<std::unique_ptr<Command, std::default_delete<Command> > > >::_Vector_base()
 .text._ZNSt6vectorISt10unique_ptrI7CommandSt14default_deleteIS1_EESaIS4_EEC2Ev
                0x0000d2d0       0x1a ../Dependencies/Auto/SequencialCommand.o
                0x0000d2d0                std::vector<std::unique_ptr<Command, std::default_delete<Command> >, std::allocator<std::unique_ptr<Command, std::default_delete<Command> > > >::vector()
                0x0000d2d0                std::vector<std::unique_ptr<Command, std::default_delete<Command> >, std::allocator<std::unique_ptr<Command, std::default_delete<Command> > > >::vector()
 .text._ZN17SequencialCommandC2Ev
                0x0000d2ea       0x1a ../Dependencies/Auto/SequencialCommand.o
                0x0000d2ea                SequencialCommand::SequencialCommand()
                0x0000d2ea                SequencialCommand::SequencialCommand()
 .text._ZN17SequencialCommand10addCommandESt10unique_ptrI7CommandSt14default_deleteIS1_EE
                0x0000d304       0x24 ../Dependencies/Auto/SequencialCommand.o
                0x0000d304                SequencialCommand::addCommand(std::unique_ptr<Command, std::default_delete<Command> >)
 .text._ZNSt12_Vector_baseISt10unique_ptrI7CommandSt14default_deleteIS1_EESaIS4_EE12_Vector_implC2Ev
                0x0000d328       0x20 ../Dependencies/Auto/SequencialCommand.o
                0x0000d328                std::_Vector_base<std::unique_ptr<Command, std::default_delete<Command> >, std::allocator<std::unique_ptr<Command, std::default_delete<Command> > > >::_Vector_impl::_Vector_impl()
                0x0000d328                std::_Vector_base<std::unique_ptr<Command, std::default_delete<Command> >, std::allocator<std::unique_ptr<Command, std::default_delete<Command> > > >::_Vector_impl::_Vector_impl()
 .text._ZSt4moveIRSt10unique_ptrI7CommandSt14default_deleteIS1_EEEONSt16remove_referenceIT_E4typeEOS7_
                0x0000d348       0x14 ../Dependencies/Auto/SequencialCommand.o
                0x0000d348                std::remove_reference<std::unique_ptr<Command, std::default_delete<Command> >&>::type&& std::move<std::unique_ptr<Command, std::default_delete<Command> >&>(std::unique_ptr<Command, std::default_delete<Command> >&)
 .text._ZNSt6vectorISt10unique_ptrI7CommandSt14default_deleteIS1_EESaIS4_EE9push_backEOS4_
                0x0000d35c       0x22 ../Dependencies/Auto/SequencialCommand.o
                0x0000d35c                std::vector<std::unique_ptr<Command, std::default_delete<Command> >, std::allocator<std::unique_ptr<Command, std::default_delete<Command> > > >::push_back(std::unique_ptr<Command, std::default_delete<Command> >&&)
 .text._ZNSt6vectorISt10unique_ptrI7CommandSt14default_deleteIS1_EESaIS4_EE5beginEv
                0x0000d37e       0x20 ../Dependencies/Auto/SequencialCommand.o
                0x0000d37e                std::vector<std::unique_ptr<Command, std::default_delete<Command> >, std::allocator<std::unique_ptr<Command, std::default_delete<Command> > > >::begin()
 .text._ZNSt6vectorISt10unique_ptrI7CommandSt14default_deleteIS1_EESaIS4_EE3endEv
                0x0000d39e       0x22 ../Dependencies/Auto/SequencialCommand.o
                0x0000d39e                std::vector<std::unique_ptr<Command, std::default_delete<Command> >, std::allocator<std::unique_ptr<Command, std::default_delete<Command> > > >::end()
 .text._ZNSaISt10unique_ptrI7CommandSt14default_deleteIS0_EEEC2Ev
                0x0000d3c0       0x18 ../Dependencies/Auto/SequencialCommand.o
                0x0000d3c0                std::allocator<std::unique_ptr<Command, std::default_delete<Command> > >::allocator()
                0x0000d3c0                std::allocator<std::unique_ptr<Command, std::default_delete<Command> > >::allocator()
 .text._ZNSt12_Vector_baseISt10unique_ptrI7CommandSt14default_deleteIS1_EESaIS4_EE17_Vector_impl_dataC2Ev
                0x0000d3d8       0x26 ../Dependencies/Auto/SequencialCommand.o
                0x0000d3d8                std::_Vector_base<std::unique_ptr<Command, std::default_delete<Command> >, std::allocator<std::unique_ptr<Command, std::default_delete<Command> > > >::_Vector_impl_data::_Vector_impl_data()
                0x0000d3d8                std::_Vector_base<std::unique_ptr<Command, std::default_delete<Command> >, std::allocator<std::unique_ptr<Command, std::default_delete<Command> > > >::_Vector_impl_data::_Vector_impl_data()
 .text._ZNSt12_Vector_baseISt10unique_ptrI7CommandSt14default_deleteIS1_EESaIS4_EE13_M_deallocateEPS4_j
                0x0000d3fe       0x26 ../Dependencies/Auto/SequencialCommand.o
                0x0000d3fe                std::_Vector_base<std::unique_ptr<Command, std::default_delete<Command> >, std::allocator<std::unique_ptr<Command, std::default_delete<Command> > > >::_M_deallocate(std::unique_ptr<Command, std::default_delete<Command> >*, unsigned int)
 .text._ZNSt12_Vector_baseISt10unique_ptrI7CommandSt14default_deleteIS1_EESaIS4_EE19_M_get_Tp_allocatorEv
                0x0000d424       0x14 ../Dependencies/Auto/SequencialCommand.o
                0x0000d424                std::_Vector_base<std::unique_ptr<Command, std::default_delete<Command> >, std::allocator<std::unique_ptr<Command, std::default_delete<Command> > > >::_M_get_Tp_allocator()
 .text._ZSt8_DestroyIPSt10unique_ptrI7CommandSt14default_deleteIS1_EES4_EvT_S6_RSaIT0_E
                0x0000d438       0x1c ../Dependencies/Auto/SequencialCommand.o
                0x0000d438                void std::_Destroy<std::unique_ptr<Command, std::default_delete<Command> >*, std::unique_ptr<Command, std::default_delete<Command> > >(std::unique_ptr<Command, std::default_delete<Command> >*, std::unique_ptr<Command, std::default_delete<Command> >*, std::allocator<std::unique_ptr<Command, std::default_delete<Command> > >&)
 .text._ZNSt6vectorISt10unique_ptrI7CommandSt14default_deleteIS1_EESaIS4_EE12emplace_backIJS4_EEEvDpOT_
                0x0000d454       0x5c ../Dependencies/Auto/SequencialCommand.o
                0x0000d454                void std::vector<std::unique_ptr<Command, std::default_delete<Command> >, std::allocator<std::unique_ptr<Command, std::default_delete<Command> > > >::emplace_back<std::unique_ptr<Command, std::default_delete<Command> > >(std::unique_ptr<Command, std::default_delete<Command> >&&)
 .text._ZN9__gnu_cxx17__normal_iteratorIPSt10unique_ptrI7CommandSt14default_deleteIS2_EESt6vectorIS5_SaIS5_EEEC2ERKS6_
                0x0000d4b0       0x1e ../Dependencies/Auto/SequencialCommand.o
                0x0000d4b0                __gnu_cxx::__normal_iterator<std::unique_ptr<Command, std::default_delete<Command> >*, std::vector<std::unique_ptr<Command, std::default_delete<Command> >, std::allocator<std::unique_ptr<Command, std::default_delete<Command> > > > >::__normal_iterator(std::unique_ptr<Command, std::default_delete<Command> >* const&)
                0x0000d4b0                __gnu_cxx::__normal_iterator<std::unique_ptr<Command, std::default_delete<Command> >*, std::vector<std::unique_ptr<Command, std::default_delete<Command> >, std::allocator<std::unique_ptr<Command, std::default_delete<Command> > > > >::__normal_iterator(std::unique_ptr<Command, std::default_delete<Command> >* const&)
 .text._ZNK9__gnu_cxx17__normal_iteratorIPSt10unique_ptrI7CommandSt14default_deleteIS2_EESt6vectorIS5_SaIS5_EEE4baseEv
                0x0000d4ce       0x14 ../Dependencies/Auto/SequencialCommand.o
                0x0000d4ce                __gnu_cxx::__normal_iterator<std::unique_ptr<Command, std::default_delete<Command> >*, std::vector<std::unique_ptr<Command, std::default_delete<Command> >, std::allocator<std::unique_ptr<Command, std::default_delete<Command> > > > >::base() const
 .text._ZN9__gnu_cxx13new_allocatorISt10unique_ptrI7CommandSt14default_deleteIS2_EEEC2Ev
                0x0000d4e2       0x14 ../Dependencies/Auto/SequencialCommand.o
                0x0000d4e2                __gnu_cxx::new_allocator<std::unique_ptr<Command, std::default_delete<Command> > >::new_allocator()
                0x0000d4e2                __gnu_cxx::new_allocator<std::unique_ptr<Command, std::default_delete<Command> > >::new_allocator()
 .text._ZNSt16allocator_traitsISaISt10unique_ptrI7CommandSt14default_deleteIS1_EEEE10deallocateERS5_PS4_j
                0x0000d4f6       0x1e ../Dependencies/Auto/SequencialCommand.o
                0x0000d4f6                std::allocator_traits<std::allocator<std::unique_ptr<Command, std::default_delete<Command> > > >::deallocate(std::allocator<std::unique_ptr<Command, std::default_delete<Command> > >&, std::unique_ptr<Command, std::default_delete<Command> >*, unsigned int)
 .text._ZSt8_DestroyIPSt10unique_ptrI7CommandSt14default_deleteIS1_EEEvT_S6_
                0x0000d514       0x1a ../Dependencies/Auto/SequencialCommand.o
                0x0000d514                void std::_Destroy<std::unique_ptr<Command, std::default_delete<Command> >*>(std::unique_ptr<Command, std::default_delete<Command> >*, std::unique_ptr<Command, std::default_delete<Command> >*)
 .text._ZSt7forwardISt10unique_ptrI7CommandSt14default_deleteIS1_EEEOT_RNSt16remove_referenceIS5_E4typeE
                0x0000d52e       0x14 ../Dependencies/Auto/SequencialCommand.o
                0x0000d52e                std::unique_ptr<Command, std::default_delete<Command> >&& std::forward<std::unique_ptr<Command, std::default_delete<Command> > >(std::remove_reference<std::unique_ptr<Command, std::default_delete<Command> > >::type&)
 .text._ZNSt16allocator_traitsISaISt10unique_ptrI7CommandSt14default_deleteIS1_EEEE9constructIS4_JS4_EEEvRS5_PT_DpOT0_
                0x0000d542       0x26 ../Dependencies/Auto/SequencialCommand.o
                0x0000d542                void std::allocator_traits<std::allocator<std::unique_ptr<Command, std::default_delete<Command> > > >::construct<std::unique_ptr<Command, std::default_delete<Command> >, std::unique_ptr<Command, std::default_delete<Command> > >(std::allocator<std::unique_ptr<Command, std::default_delete<Command> > >&, std::unique_ptr<Command, std::default_delete<Command> >*, std::unique_ptr<Command, std::default_delete<Command> >&&)
 .text._ZNSt6vectorISt10unique_ptrI7CommandSt14default_deleteIS1_EESaIS4_EE15_S_use_relocateEv
                0x0000d568       0x16 ../Dependencies/Auto/SequencialCommand.o
                0x0000d568                std::vector<std::unique_ptr<Command, std::default_delete<Command> >, std::allocator<std::unique_ptr<Command, std::default_delete<Command> > > >::_S_use_relocate()
 .text._ZNSt6vectorISt10unique_ptrI7CommandSt14default_deleteIS1_EESaIS4_EE19_S_nothrow_relocateESt17integral_constantIbLb1EE
                0x0000d57e       0x14 ../Dependencies/Auto/SequencialCommand.o
                0x0000d57e                std::vector<std::unique_ptr<Command, std::default_delete<Command> >, std::allocator<std::unique_ptr<Command, std::default_delete<Command> > > >::_S_nothrow_relocate(std::integral_constant<bool, true>)
 *fill*         0x0000d592        0x2 
 .text._ZNSt6vectorISt10unique_ptrI7CommandSt14default_deleteIS1_EESaIS4_EE17_M_realloc_insertIJS4_EEEvN9__gnu_cxx17__normal_iteratorIPS4_S6_EEDpOT_
                0x0000d594      0x178 ../Dependencies/Auto/SequencialCommand.o
                0x0000d594                void std::vector<std::unique_ptr<Command, std::default_delete<Command> >, std::allocator<std::unique_ptr<Command, std::default_delete<Command> > > >::_M_realloc_insert<std::unique_ptr<Command, std::default_delete<Command> > >(__gnu_cxx::__normal_iterator<std::unique_ptr<Command, std::default_delete<Command> >*, std::vector<std::unique_ptr<Command, std::default_delete<Command> >, std::allocator<std::unique_ptr<Command, std::default_delete<Command> > > > >, std::unique_ptr<Command, std::default_delete<Command> >&&)
 .text._ZN9__gnu_cxx13new_allocatorISt10unique_ptrI7CommandSt14default_deleteIS2_EEE10deallocateEPS5_j
                0x0000d70c       0x20 ../Dependencies/Auto/SequencialCommand.o
                0x0000d70c                __gnu_cxx::new_allocator<std::unique_ptr<Command, std::default_delete<Command> > >::deallocate(std::unique_ptr<Command, std::default_delete<Command> >*, unsigned int)
 .text._ZNSt12_Destroy_auxILb0EE9__destroyIPSt10unique_ptrI7CommandSt14default_deleteIS3_EEEEvT_S8_
                0x0000d72c       0x30 ../Dependencies/Auto/SequencialCommand.o
                0x0000d72c                void std::_Destroy_aux<false>::__destroy<std::unique_ptr<Command, std::default_delete<Command> >*>(std::unique_ptr<Command, std::default_delete<Command> >*, std::unique_ptr<Command, std::default_delete<Command> >*)
 .text._ZNSt15__uniq_ptr_dataI7CommandSt14default_deleteIS0_ELb1ELb1EEC2EOS3_
                0x0000d75c       0x20 ../Dependencies/Auto/SequencialCommand.o
                0x0000d75c                std::__uniq_ptr_data<Command, std::default_delete<Command>, true, true>::__uniq_ptr_data(std::__uniq_ptr_data<Command, std::default_delete<Command>, true, true>&&)
                0x0000d75c                std::__uniq_ptr_data<Command, std::default_delete<Command>, true, true>::__uniq_ptr_data(std::__uniq_ptr_data<Command, std::default_delete<Command>, true, true>&&)
 .text._ZNSt10unique_ptrI7CommandSt14default_deleteIS0_EEC2EOS3_
                0x0000d77c       0x20 ../Dependencies/Auto/SequencialCommand.o
                0x0000d77c                std::unique_ptr<Command, std::default_delete<Command> >::unique_ptr(std::unique_ptr<Command, std::default_delete<Command> >&&)
                0x0000d77c                std::unique_ptr<Command, std::default_delete<Command> >::unique_ptr(std::unique_ptr<Command, std::default_delete<Command> >&&)
 .text._ZN9__gnu_cxx13new_allocatorISt10unique_ptrI7CommandSt14default_deleteIS2_EEE9constructIS5_JS5_EEEvPT_DpOT0_
                0x0000d79c       0x30 ../Dependencies/Auto/SequencialCommand.o
                0x0000d79c                void __gnu_cxx::new_allocator<std::unique_ptr<Command, std::default_delete<Command> > >::construct<std::unique_ptr<Command, std::default_delete<Command> >, std::unique_ptr<Command, std::default_delete<Command> > >(std::unique_ptr<Command, std::default_delete<Command> >*, std::unique_ptr<Command, std::default_delete<Command> >&&)
 .text._ZNKSt6vectorISt10unique_ptrI7CommandSt14default_deleteIS1_EESaIS4_EE12_M_check_lenEjPKc
                0x0000d7cc       0x8e ../Dependencies/Auto/SequencialCommand.o
                0x0000d7cc                std::vector<std::unique_ptr<Command, std::default_delete<Command> >, std::allocator<std::unique_ptr<Command, std::default_delete<Command> > > >::_M_check_len(unsigned int, char const*) const
 .text._ZN9__gnu_cxxmiIPSt10unique_ptrI7CommandSt14default_deleteIS2_EESt6vectorIS5_SaIS5_EEEENS_17__normal_iteratorIT_T0_E15difference_typeERKSD_SG_
                0x0000d85a       0x2a ../Dependencies/Auto/SequencialCommand.o
                0x0000d85a                __gnu_cxx::__normal_iterator<std::unique_ptr<Command, std::default_delete<Command> >*, std::vector<std::unique_ptr<Command, std::default_delete<Command> >, std::allocator<std::unique_ptr<Command, std::default_delete<Command> > > > >::difference_type __gnu_cxx::operator-<std::unique_ptr<Command, std::default_delete<Command> >*, std::vector<std::unique_ptr<Command, std::default_delete<Command> >, std::allocator<std::unique_ptr<Command, std::default_delete<Command> > > > >(__gnu_cxx::__normal_iterator<std::unique_ptr<Command, std::default_delete<Command> >*, std::vector<std::unique_ptr<Command, std::default_delete<Command> >, std::allocator<std::unique_ptr<Command, std::default_delete<Command> > > > > const&, __gnu_cxx::__normal_iterator<std::unique_ptr<Command, std::default_delete<Command> >*, std::vector<std::unique_ptr<Command, std::default_delete<Command> >, std::allocator<std::unique_ptr<Command, std::default_delete<Command> > > > > const&)
 .text._ZNSt12_Vector_baseISt10unique_ptrI7CommandSt14default_deleteIS1_EESaIS4_EE11_M_allocateEj
                0x0000d884       0x28 ../Dependencies/Auto/SequencialCommand.o
                0x0000d884                std::_Vector_base<std::unique_ptr<Command, std::default_delete<Command> >, std::allocator<std::unique_ptr<Command, std::default_delete<Command> > > >::_M_allocate(unsigned int)
 .text._ZNSt6vectorISt10unique_ptrI7CommandSt14default_deleteIS1_EESaIS4_EE11_S_relocateEPS4_S7_S7_RS5_
                0x0000d8ac       0x28 ../Dependencies/Auto/SequencialCommand.o
                0x0000d8ac                std::vector<std::unique_ptr<Command, std::default_delete<Command> >, std::allocator<std::unique_ptr<Command, std::default_delete<Command> > > >::_S_relocate(std::unique_ptr<Command, std::default_delete<Command> >*, std::unique_ptr<Command, std::default_delete<Command> >*, std::unique_ptr<Command, std::default_delete<Command> >*, std::allocator<std::unique_ptr<Command, std::default_delete<Command> > >&)
 .text._ZSt34__uninitialized_move_if_noexcept_aIPSt10unique_ptrI7CommandSt14default_deleteIS1_EES5_SaIS4_EET0_T_S8_S7_RT1_
                0x0000d8d4       0x32 ../Dependencies/Auto/SequencialCommand.o
                0x0000d8d4                std::unique_ptr<Command, std::default_delete<Command> >* std::__uninitialized_move_if_noexcept_a<std::unique_ptr<Command, std::default_delete<Command> >*, std::unique_ptr<Command, std::default_delete<Command> >*, std::allocator<std::unique_ptr<Command, std::default_delete<Command> > > >(std::unique_ptr<Command, std::default_delete<Command> >*, std::unique_ptr<Command, std::default_delete<Command> >*, std::unique_ptr<Command, std::default_delete<Command> >*, std::allocator<std::unique_ptr<Command, std::default_delete<Command> > >&)
 .text._ZNSt16allocator_traitsISaISt10unique_ptrI7CommandSt14default_deleteIS1_EEEE7destroyIS4_EEvRS5_PT_
                0x0000d906       0x1a ../Dependencies/Auto/SequencialCommand.o
                0x0000d906                void std::allocator_traits<std::allocator<std::unique_ptr<Command, std::default_delete<Command> > > >::destroy<std::unique_ptr<Command, std::default_delete<Command> > >(std::allocator<std::unique_ptr<Command, std::default_delete<Command> > >&, std::unique_ptr<Command, std::default_delete<Command> >*)
 .text._ZSt11__addressofISt10unique_ptrI7CommandSt14default_deleteIS1_EEEPT_RS5_
                0x0000d920       0x14 ../Dependencies/Auto/SequencialCommand.o
                0x0000d920                std::unique_ptr<Command, std::default_delete<Command> >* std::__addressof<std::unique_ptr<Command, std::default_delete<Command> > >(std::unique_ptr<Command, std::default_delete<Command> >&)
 .text._ZSt8_DestroyISt10unique_ptrI7CommandSt14default_deleteIS1_EEEvPT_
                0x0000d934       0x16 ../Dependencies/Auto/SequencialCommand.o
                0x0000d934                void std::_Destroy<std::unique_ptr<Command, std::default_delete<Command> > >(std::unique_ptr<Command, std::default_delete<Command> >*)
 .text._ZNSt5tupleIJP7CommandSt14default_deleteIS0_EEEC2EOS4_
                0x0000d94a       0x20 ../Dependencies/Auto/SequencialCommand.o
                0x0000d94a                std::tuple<Command*, std::default_delete<Command> >::tuple(std::tuple<Command*, std::default_delete<Command> >&&)
                0x0000d94a                std::tuple<Command*, std::default_delete<Command> >::tuple(std::tuple<Command*, std::default_delete<Command> >&&)
 .text._ZNSt15__uniq_ptr_implI7CommandSt14default_deleteIS0_EEC2EOS3_
                0x0000d96a       0x34 ../Dependencies/Auto/SequencialCommand.o
                0x0000d96a                std::__uniq_ptr_impl<Command, std::default_delete<Command> >::__uniq_ptr_impl(std::__uniq_ptr_impl<Command, std::default_delete<Command> >&&)
                0x0000d96a                std::__uniq_ptr_impl<Command, std::default_delete<Command> >::__uniq_ptr_impl(std::__uniq_ptr_impl<Command, std::default_delete<Command> >&&)
 .text._ZNKSt6vectorISt10unique_ptrI7CommandSt14default_deleteIS1_EESaIS4_EE8max_sizeEv
                0x0000d99e       0x22 ../Dependencies/Auto/SequencialCommand.o
                0x0000d99e                std::vector<std::unique_ptr<Command, std::default_delete<Command> >, std::allocator<std::unique_ptr<Command, std::default_delete<Command> > > >::max_size() const
 .text._ZNKSt6vectorISt10unique_ptrI7CommandSt14default_deleteIS1_EESaIS4_EE4sizeEv
                0x0000d9c0       0x1e ../Dependencies/Auto/SequencialCommand.o
                0x0000d9c0                std::vector<std::unique_ptr<Command, std::default_delete<Command> >, std::allocator<std::unique_ptr<Command, std::default_delete<Command> > > >::size() const
 .text._ZSt3maxIjERKT_S2_S2_
                0x0000d9de       0x26 ../Dependencies/Auto/SequencialCommand.o
                0x0000d9de                unsigned int const& std::max<unsigned int>(unsigned int const&, unsigned int const&)
 .text._ZNSt16allocator_traitsISaISt10unique_ptrI7CommandSt14default_deleteIS1_EEEE8allocateERS5_j
                0x0000da04       0x1e ../Dependencies/Auto/SequencialCommand.o
                0x0000da04                std::allocator_traits<std::allocator<std::unique_ptr<Command, std::default_delete<Command> > > >::allocate(std::allocator<std::unique_ptr<Command, std::default_delete<Command> > >&, unsigned int)
 .text._ZNSt6vectorISt10unique_ptrI7CommandSt14default_deleteIS1_EESaIS4_EE14_S_do_relocateEPS4_S7_S7_RS5_St17integral_constantIbLb1EE
                0x0000da22       0x24 ../Dependencies/Auto/SequencialCommand.o
                0x0000da22                std::vector<std::unique_ptr<Command, std::default_delete<Command> >, std::allocator<std::unique_ptr<Command, std::default_delete<Command> > > >::_S_do_relocate(std::unique_ptr<Command, std::default_delete<Command> >*, std::unique_ptr<Command, std::default_delete<Command> >*, std::unique_ptr<Command, std::default_delete<Command> >*, std::allocator<std::unique_ptr<Command, std::default_delete<Command> > >&, std::integral_constant<bool, true>)
 .text._ZSt32__make_move_if_noexcept_iteratorISt10unique_ptrI7CommandSt14default_deleteIS1_EESt13move_iteratorIPS4_EET0_PT_
                0x0000da46       0x1e ../Dependencies/Auto/SequencialCommand.o
                0x0000da46                std::move_iterator<std::unique_ptr<Command, std::default_delete<Command> >*> std::__make_move_if_noexcept_iterator<std::unique_ptr<Command, std::default_delete<Command> >, std::move_iterator<std::unique_ptr<Command, std::default_delete<Command> >*> >(std::unique_ptr<Command, std::default_delete<Command> >*)
 .text._ZSt22__uninitialized_copy_aISt13move_iteratorIPSt10unique_ptrI7CommandSt14default_deleteIS2_EEES6_S5_ET0_T_S9_S8_RSaIT1_E
                0x0000da64       0x22 ../Dependencies/Auto/SequencialCommand.o
                0x0000da64                std::unique_ptr<Command, std::default_delete<Command> >* std::__uninitialized_copy_a<std::move_iterator<std::unique_ptr<Command, std::default_delete<Command> >*>, std::unique_ptr<Command, std::default_delete<Command> >*, std::unique_ptr<Command, std::default_delete<Command> > >(std::move_iterator<std::unique_ptr<Command, std::default_delete<Command> >*>, std::move_iterator<std::unique_ptr<Command, std::default_delete<Command> >*>, std::unique_ptr<Command, std::default_delete<Command> >*, std::allocator<std::unique_ptr<Command, std::default_delete<Command> > >&)
 .text._ZN9__gnu_cxx13new_allocatorISt10unique_ptrI7CommandSt14default_deleteIS2_EEE7destroyIS5_EEvPT_
                0x0000da86       0x18 ../Dependencies/Auto/SequencialCommand.o
                0x0000da86                void __gnu_cxx::new_allocator<std::unique_ptr<Command, std::default_delete<Command> > >::destroy<std::unique_ptr<Command, std::default_delete<Command> > >(std::unique_ptr<Command, std::default_delete<Command> >*)
 .text._ZSt4moveIRSt5tupleIJP7CommandSt14default_deleteIS1_EEEEONSt16remove_referenceIT_E4typeEOS8_
                0x0000da9e       0x14 ../Dependencies/Auto/SequencialCommand.o
                0x0000da9e                std::remove_reference<std::tuple<Command*, std::default_delete<Command> >&>::type&& std::move<std::tuple<Command*, std::default_delete<Command> >&>(std::tuple<Command*, std::default_delete<Command> >&)
 .text._ZNSt11_Tuple_implILj0EJP7CommandSt14default_deleteIS0_EEEC2EOS4_
                0x0000dab2       0x46 ../Dependencies/Auto/SequencialCommand.o
                0x0000dab2                std::_Tuple_impl<0u, Command*, std::default_delete<Command> >::_Tuple_impl(std::_Tuple_impl<0u, Command*, std::default_delete<Command> >&&)
                0x0000dab2                std::_Tuple_impl<0u, Command*, std::default_delete<Command> >::_Tuple_impl(std::_Tuple_impl<0u, Command*, std::default_delete<Command> >&&)
 .text._ZNSt6vectorISt10unique_ptrI7CommandSt14default_deleteIS1_EESaIS4_EE11_S_max_sizeERKS5_
                0x0000daf8       0x34 ../Dependencies/Auto/SequencialCommand.o
                0x0000daf8                std::vector<std::unique_ptr<Command, std::default_delete<Command> >, std::allocator<std::unique_ptr<Command, std::default_delete<Command> > > >::_S_max_size(std::allocator<std::unique_ptr<Command, std::default_delete<Command> > > const&)
 .text._ZNKSt12_Vector_baseISt10unique_ptrI7CommandSt14default_deleteIS1_EESaIS4_EE19_M_get_Tp_allocatorEv
                0x0000db2c       0x14 ../Dependencies/Auto/SequencialCommand.o
                0x0000db2c                std::_Vector_base<std::unique_ptr<Command, std::default_delete<Command> >, std::allocator<std::unique_ptr<Command, std::default_delete<Command> > > >::_M_get_Tp_allocator() const
 .text._ZN9__gnu_cxx13new_allocatorISt10unique_ptrI7CommandSt14default_deleteIS2_EEE8allocateEjPKv
                0x0000db40       0x3c ../Dependencies/Auto/SequencialCommand.o
                0x0000db40                __gnu_cxx::new_allocator<std::unique_ptr<Command, std::default_delete<Command> > >::allocate(unsigned int, void const*)
 .text._ZSt12__relocate_aIPSt10unique_ptrI7CommandSt14default_deleteIS1_EES5_SaIS4_EET0_T_S8_S7_RT1_
                0x0000db7c       0x3a ../Dependencies/Auto/SequencialCommand.o
                0x0000db7c                std::unique_ptr<Command, std::default_delete<Command> >* std::__relocate_a<std::unique_ptr<Command, std::default_delete<Command> >*, std::unique_ptr<Command, std::default_delete<Command> >*, std::allocator<std::unique_ptr<Command, std::default_delete<Command> > > >(std::unique_ptr<Command, std::default_delete<Command> >*, std::unique_ptr<Command, std::default_delete<Command> >*, std::unique_ptr<Command, std::default_delete<Command> >*, std::allocator<std::unique_ptr<Command, std::default_delete<Command> > >&)
 .text._ZNSt13move_iteratorIPSt10unique_ptrI7CommandSt14default_deleteIS1_EEEC2ES5_
                0x0000dbb6       0x24 ../Dependencies/Auto/SequencialCommand.o
                0x0000dbb6                std::move_iterator<std::unique_ptr<Command, std::default_delete<Command> >*>::move_iterator(std::unique_ptr<Command, std::default_delete<Command> >*)
                0x0000dbb6                std::move_iterator<std::unique_ptr<Command, std::default_delete<Command> >*>::move_iterator(std::unique_ptr<Command, std::default_delete<Command> >*)
 .text._ZSt18uninitialized_copyISt13move_iteratorIPSt10unique_ptrI7CommandSt14default_deleteIS2_EEES6_ET0_T_S9_S8_
                0x0000dbda       0x24 ../Dependencies/Auto/SequencialCommand.o
                0x0000dbda                std::unique_ptr<Command, std::default_delete<Command> >* std::uninitialized_copy<std::move_iterator<std::unique_ptr<Command, std::default_delete<Command> >*>, std::unique_ptr<Command, std::default_delete<Command> >*>(std::move_iterator<std::unique_ptr<Command, std::default_delete<Command> >*>, std::move_iterator<std::unique_ptr<Command, std::default_delete<Command> >*>, std::unique_ptr<Command, std::default_delete<Command> >*)
 .text._ZNSt11_Tuple_implILj0EJP7CommandSt14default_deleteIS0_EEE7_M_tailERS4_
                0x0000dbfe       0x14 ../Dependencies/Auto/SequencialCommand.o
                0x0000dbfe                std::_Tuple_impl<0u, Command*, std::default_delete<Command> >::_M_tail(std::_Tuple_impl<0u, Command*, std::default_delete<Command> >&)
 .text._ZSt4moveIRSt11_Tuple_implILj1EJSt14default_deleteI7CommandEEEEONSt16remove_referenceIT_E4typeEOS7_
                0x0000dc12       0x14 ../Dependencies/Auto/SequencialCommand.o
                0x0000dc12                std::remove_reference<std::_Tuple_impl<1u, std::default_delete<Command> >&>::type&& std::move<std::_Tuple_impl<1u, std::default_delete<Command> >&>(std::_Tuple_impl<1u, std::default_delete<Command> >&)
 .text._ZSt7forwardIP7CommandEOT_RNSt16remove_referenceIS2_E4typeE
                0x0000dc26       0x14 ../Dependencies/Auto/SequencialCommand.o
                0x0000dc26                Command*&& std::forward<Command*>(std::remove_reference<Command*>::type&)
 .text._ZNSt11_Tuple_implILj1EJSt14default_deleteI7CommandEEEC2EOS3_
                0x0000dc3a       0x2c ../Dependencies/Auto/SequencialCommand.o
                0x0000dc3a                std::_Tuple_impl<1u, std::default_delete<Command> >::_Tuple_impl(std::_Tuple_impl<1u, std::default_delete<Command> >&&)
                0x0000dc3a                std::_Tuple_impl<1u, std::default_delete<Command> >::_Tuple_impl(std::_Tuple_impl<1u, std::default_delete<Command> >&&)
 .text._ZNSt10_Head_baseILj0EP7CommandLb0EEC2IS1_EEOT_
                0x0000dc66       0x22 ../Dependencies/Auto/SequencialCommand.o
                0x0000dc66                std::_Head_base<0u, Command*, false>::_Head_base<Command*>(Command*&&)
                0x0000dc66                std::_Head_base<0u, Command*, false>::_Head_base<Command*>(Command*&&)
 .text._ZNSt16allocator_traitsISaISt10unique_ptrI7CommandSt14default_deleteIS1_EEEE8max_sizeERKS5_
                0x0000dc88       0x18 ../Dependencies/Auto/SequencialCommand.o
                0x0000dc88                std::allocator_traits<std::allocator<std::unique_ptr<Command, std::default_delete<Command> > > >::max_size(std::allocator<std::unique_ptr<Command, std::default_delete<Command> > > const&)
 .text._ZSt3minIjERKT_S2_S2_
                0x0000dca0       0x26 ../Dependencies/Auto/SequencialCommand.o
                0x0000dca0                unsigned int const& std::min<unsigned int>(unsigned int const&, unsigned int const&)
 .text._ZNK9__gnu_cxx13new_allocatorISt10unique_ptrI7CommandSt14default_deleteIS2_EEE11_M_max_sizeEv
                0x0000dcc6       0x16 ../Dependencies/Auto/SequencialCommand.o
                0x0000dcc6                __gnu_cxx::new_allocator<std::unique_ptr<Command, std::default_delete<Command> > >::_M_max_size() const
 .text._ZSt12__niter_baseIPSt10unique_ptrI7CommandSt14default_deleteIS1_EEET_S6_
                0x0000dcdc       0x14 ../Dependencies/Auto/SequencialCommand.o
                0x0000dcdc                std::unique_ptr<Command, std::default_delete<Command> >* std::__niter_base<std::unique_ptr<Command, std::default_delete<Command> >*>(std::unique_ptr<Command, std::default_delete<Command> >*)
 .text._ZSt14__relocate_a_1IPSt10unique_ptrI7CommandSt14default_deleteIS1_EES5_SaIS4_EET0_T_S8_S7_RT1_
                0x0000dcf0       0x4c ../Dependencies/Auto/SequencialCommand.o
                0x0000dcf0                std::unique_ptr<Command, std::default_delete<Command> >* std::__relocate_a_1<std::unique_ptr<Command, std::default_delete<Command> >*, std::unique_ptr<Command, std::default_delete<Command> >*, std::allocator<std::unique_ptr<Command, std::default_delete<Command> > > >(std::unique_ptr<Command, std::default_delete<Command> >*, std::unique_ptr<Command, std::default_delete<Command> >*, std::unique_ptr<Command, std::default_delete<Command> >*, std::allocator<std::unique_ptr<Command, std::default_delete<Command> > >&)
 .text._ZSt4moveIRPSt10unique_ptrI7CommandSt14default_deleteIS1_EEEONSt16remove_referenceIT_E4typeEOS8_
                0x0000dd3c       0x14 ../Dependencies/Auto/SequencialCommand.o
                0x0000dd3c                std::remove_reference<std::unique_ptr<Command, std::default_delete<Command> >*&>::type&& std::move<std::unique_ptr<Command, std::default_delete<Command> >*&>(std::unique_ptr<Command, std::default_delete<Command> >*&)
 .text._ZNSt20__uninitialized_copyILb0EE13__uninit_copyISt13move_iteratorIPSt10unique_ptrI7CommandSt14default_deleteIS4_EEES8_EET0_T_SB_SA_
                0x0000dd50       0x5e ../Dependencies/Auto/SequencialCommand.o
                0x0000dd50                std::unique_ptr<Command, std::default_delete<Command> >* std::__uninitialized_copy<false>::__uninit_copy<std::move_iterator<std::unique_ptr<Command, std::default_delete<Command> >*>, std::unique_ptr<Command, std::default_delete<Command> >*>(std::move_iterator<std::unique_ptr<Command, std::default_delete<Command> >*>, std::move_iterator<std::unique_ptr<Command, std::default_delete<Command> >*>, std::unique_ptr<Command, std::default_delete<Command> >*)
 .text._ZSt7forwardISt14default_deleteI7CommandEEOT_RNSt16remove_referenceIS3_E4typeE
                0x0000ddae       0x14 ../Dependencies/Auto/SequencialCommand.o
                0x0000ddae                std::default_delete<Command>&& std::forward<std::default_delete<Command> >(std::remove_reference<std::default_delete<Command> >::type&)
 .text._ZNSt10_Head_baseILj1ESt14default_deleteI7CommandELb1EEC2IS2_EEOT_
                0x0000ddc2       0x1a ../Dependencies/Auto/SequencialCommand.o
                0x0000ddc2                std::_Head_base<1u, std::default_delete<Command>, true>::_Head_base<std::default_delete<Command> >(std::default_delete<Command>&&)
                0x0000ddc2                std::_Head_base<1u, std::default_delete<Command>, true>::_Head_base<std::default_delete<Command> >(std::default_delete<Command>&&)
 .text._ZNK9__gnu_cxx13new_allocatorISt10unique_ptrI7CommandSt14default_deleteIS2_EEE8max_sizeEv
                0x0000dddc       0x18 ../Dependencies/Auto/SequencialCommand.o
                0x0000dddc                __gnu_cxx::new_allocator<std::unique_ptr<Command, std::default_delete<Command> > >::max_size() const
 .text._ZSt19__relocate_object_aISt10unique_ptrI7CommandSt14default_deleteIS1_EES4_SaIS4_EEvPT_PT0_RT1_
                0x0000ddf4       0x36 ../Dependencies/Auto/SequencialCommand.o
                0x0000ddf4                void std::__relocate_object_a<std::unique_ptr<Command, std::default_delete<Command> >, std::unique_ptr<Command, std::default_delete<Command> >, std::allocator<std::unique_ptr<Command, std::default_delete<Command> > > >(std::unique_ptr<Command, std::default_delete<Command> >*, std::unique_ptr<Command, std::default_delete<Command> >*, std::allocator<std::unique_ptr<Command, std::default_delete<Command> > >&)
 .text._ZStneIPSt10unique_ptrI7CommandSt14default_deleteIS1_EEEbRKSt13move_iteratorIT_ESA_
                0x0000de2a       0x22 ../Dependencies/Auto/SequencialCommand.o
                0x0000de2a                bool std::operator!=<std::unique_ptr<Command, std::default_delete<Command> >*>(std::move_iterator<std::unique_ptr<Command, std::default_delete<Command> >*> const&, std::move_iterator<std::unique_ptr<Command, std::default_delete<Command> >*> const&)
 .text._ZNSt13move_iteratorIPSt10unique_ptrI7CommandSt14default_deleteIS1_EEEppEv
                0x0000de4c       0x1e ../Dependencies/Auto/SequencialCommand.o
                0x0000de4c                std::move_iterator<std::unique_ptr<Command, std::default_delete<Command> >*>::operator++()
 .text._ZNKSt13move_iteratorIPSt10unique_ptrI7CommandSt14default_deleteIS1_EEEdeEv
                0x0000de6a       0x16 ../Dependencies/Auto/SequencialCommand.o
                0x0000de6a                std::move_iterator<std::unique_ptr<Command, std::default_delete<Command> >*>::operator*() const
 .text._ZSt10_ConstructISt10unique_ptrI7CommandSt14default_deleteIS1_EEJS4_EEvPT_DpOT0_
                0x0000de80       0x2e ../Dependencies/Auto/SequencialCommand.o
                0x0000de80                void std::_Construct<std::unique_ptr<Command, std::default_delete<Command> >, std::unique_ptr<Command, std::default_delete<Command> > >(std::unique_ptr<Command, std::default_delete<Command> >*, std::unique_ptr<Command, std::default_delete<Command> >&&)
 .text._ZSteqIPSt10unique_ptrI7CommandSt14default_deleteIS1_EEEbRKSt13move_iteratorIT_ESA_
                0x0000deae       0x2c ../Dependencies/Auto/SequencialCommand.o
                0x0000deae                bool std::operator==<std::unique_ptr<Command, std::default_delete<Command> >*>(std::move_iterator<std::unique_ptr<Command, std::default_delete<Command> >*> const&, std::move_iterator<std::unique_ptr<Command, std::default_delete<Command> >*> const&)
 .text._ZNKSt13move_iteratorIPSt10unique_ptrI7CommandSt14default_deleteIS1_EEE4baseEv
                0x0000deda       0x16 ../Dependencies/Auto/SequencialCommand.o
                0x0000deda                std::move_iterator<std::unique_ptr<Command, std::default_delete<Command> >*>::base() const
 .text._ZSt4fabsf
                0x0000def0       0x18 ../Dependencies/Movement/HolonomicTriangleDrive.o
                0x0000def0                std::fabs(float)
 .text._ZSt4sqrtf
                0x0000df08       0x18 ../Dependencies/Movement/HolonomicTriangleDrive.o
                0x0000df08                std::sqrt(float)
 .text._Z5clampfff
                0x0000df20       0x3a ../Dependencies/Movement/HolonomicTriangleDrive.o
                0x0000df20                clamp(float, float, float)
 .text._Z3dotPfS_
                0x0000df5a       0x46 ../Dependencies/Movement/HolonomicTriangleDrive.o
                0x0000df5a                dot(float*, float*)
 .text._Z9magnitudePf
                0x0000dfa0       0x4c ../Dependencies/Movement/HolonomicTriangleDrive.o
                0x0000dfa0                magnitude(float*)
 .text._Z4projPfS_
                0x0000dfec       0x44 ../Dependencies/Movement/HolonomicTriangleDrive.o
                0x0000dfec                proj(float*, float*)
 .text._ZN22HolonomicTriangleDriveC2EN8FEHMotor12FEHMotorPortEN5FEHIO8FEHIOPinES1_S3_S1_S3_f
                0x0000e030      0x17c ../Dependencies/Movement/HolonomicTriangleDrive.o
                0x0000e030                HolonomicTriangleDrive::HolonomicTriangleDrive(FEHMotor::FEHMotorPort, FEHIO::FEHIOPin, FEHMotor::FEHMotorPort, FEHIO::FEHIOPin, FEHMotor::FEHMotorPort, FEHIO::FEHIOPin, float)
                0x0000e030                HolonomicTriangleDrive::HolonomicTriangleDrive(FEHMotor::FEHMotorPort, FEHIO::FEHIOPin, FEHMotor::FEHMotorPort, FEHIO::FEHIOPin, FEHMotor::FEHMotorPort, FEHIO::FEHIOPin, float)
 .text._ZN22HolonomicTriangleDrive17setMovementVectorEfff
                0x0000e1ac       0x30 ../Dependencies/Movement/HolonomicTriangleDrive.o
                0x0000e1ac                HolonomicTriangleDrive::setMovementVector(float, float, float)
 .text._ZN22HolonomicTriangleDrive6updateEv
                0x0000e1dc      0x204 ../Dependencies/Movement/HolonomicTriangleDrive.o
                0x0000e1dc                HolonomicTriangleDrive::update()
 .text._ZN22HolonomicTriangleDrive4stopEv
                0x0000e3e0       0x2c ../Dependencies/Movement/HolonomicTriangleDrive.o
                0x0000e3e0                HolonomicTriangleDrive::stop()
 .text._ZN22HolonomicTriangleDrive16getFrontPositionEv
                0x0000e40c       0x1a ../Dependencies/Movement/HolonomicTriangleDrive.o
                0x0000e40c                HolonomicTriangleDrive::getFrontPosition()
 .text._ZN22HolonomicTriangleDrive19getBackLeftPositionEv
                0x0000e426       0x1c ../Dependencies/Movement/HolonomicTriangleDrive.o
                0x0000e426                HolonomicTriangleDrive::getBackLeftPosition()
 .text._ZN22HolonomicTriangleDrive20getBackRightPositionEv
                0x0000e442       0x1c ../Dependencies/Movement/HolonomicTriangleDrive.o
                0x0000e442                HolonomicTriangleDrive::getBackRightPosition()
 .text._ZN22HolonomicTriangleDrive14getSerialSpeedEv
                0x0000e45e       0x1a ../Dependencies/Movement/HolonomicTriangleDrive.o
                0x0000e45e                HolonomicTriangleDrive::getSerialSpeed()
 .text._ZSt3maxIfERKT_S2_S2_
                0x0000e478       0x2e ../Dependencies/Movement/HolonomicTriangleDrive.o
                0x0000e478                float const& std::max<float>(float const&, float const&)
 *fill*         0x0000e4a6        0x2 
 .text._ZN5MotorC2EN8FEHMotor12FEHMotorPortEN5FEHIO8FEHIOPinEf
                0x0000e4a8       0x9c ../Dependencies/Movement/Motor.o
                0x0000e4a8                Motor::Motor(FEHMotor::FEHMotorPort, FEHIO::FEHIOPin, float)
                0x0000e4a8                Motor::Motor(FEHMotor::FEHMotorPort, FEHIO::FEHIOPin, float)
 .text._ZN5Motor10SetPercentEf
                0x0000e544       0x44 ../Dependencies/Movement/Motor.o
                0x0000e544                Motor::SetPercent(float)
 .text._ZN5Motor4StopEv
                0x0000e588       0x1a ../Dependencies/Movement/Motor.o
                0x0000e588                Motor::Stop()
 .text._ZN5Motor9getCountsEv
                0x0000e5a2       0x24 ../Dependencies/Movement/Motor.o
                0x0000e5a2                Motor::getCounts()
 *fill*         0x0000e5c6        0x2 
 .text._ZN5Motor12getMotorDataEN8FEHMotor12FEHMotorPortE
                0x0000e5c8       0x54 ../Dependencies/Movement/Motor.o
                0x0000e5c8                Motor::getMotorData(FEHMotor::FEHMotorPort)
 .text._ZN5Motor14getSerialSpeedEv
                0x0000e61c       0x18 ../Dependencies/Movement/Motor.o
                0x0000e61c                Motor::getSerialSpeed()
 .text.PORTD_IRQHandler
                0x0000e634       0x50 Startup/startup_mk60d10.o
                0x0000e634                PORTD_IRQHandler
 .text._Z15InitPowerButtonv
                0x0000e684       0x60 Startup/startup_mk60d10.o
                0x0000e684                InitPowerButton()
 .text._ZL11pll_init_blv
                0x0000e6e4       0xe0 Startup/startup_mk60d10.o
 .text._Z14InitFEHProteusv
                0x0000e7c4       0xec Startup/startup_mk60d10.o
                0x0000e7c4                InitFEHProteus()
 .text.DMA0_IRQHandler
                0x0000e8b0        0xc Startup/startup_mk60d10.o
                0x0000e8b0                DMA0_IRQHandler
 .text.DMA1_IRQHandler
                0x0000e8bc        0xc Startup/startup_mk60d10.o
                0x0000e8bc                DMA1_IRQHandler
 .text.DMA2_IRQHandler
                0x0000e8c8        0xc Startup/startup_mk60d10.o
                0x0000e8c8                DMA2_IRQHandler
 .text.DMA3_IRQHandler
                0x0000e8d4        0xc Startup/startup_mk60d10.o
                0x0000e8d4                DMA3_IRQHandler
 .text.DMA4_IRQHandler
                0x0000e8e0        0xc Startup/startup_mk60d10.o
                0x0000e8e0                DMA4_IRQHandler
 .text.DMA5_IRQHandler
                0x0000e8ec        0xc Startup/startup_mk60d10.o
                0x0000e8ec                DMA5_IRQHandler
 .text.DMA6_IRQHandler
                0x0000e8f8        0xc Startup/startup_mk60d10.o
                0x0000e8f8                DMA6_IRQHandler
 .text.DMA7_IRQHandler
                0x0000e904        0xc Startup/startup_mk60d10.o
                0x0000e904                DMA7_IRQHandler
 .text.DMA8_IRQHandler
                0x0000e910        0xc Startup/startup_mk60d10.o
                0x0000e910                DMA8_IRQHandler
 .text.DMA9_IRQHandler
                0x0000e91c        0xc Startup/startup_mk60d10.o
                0x0000e91c                DMA9_IRQHandler
 .text.DMA10_IRQHandler
                0x0000e928        0xc Startup/startup_mk60d10.o
                0x0000e928                DMA10_IRQHandler
 .text.DMA11_IRQHandler
                0x0000e934        0xc Startup/startup_mk60d10.o
                0x0000e934                DMA11_IRQHandler
 .text.DMA12_IRQHandler
                0x0000e940        0xc Startup/startup_mk60d10.o
                0x0000e940                DMA12_IRQHandler
 .text.DMA13_IRQHandler
                0x0000e94c        0xc Startup/startup_mk60d10.o
                0x0000e94c                DMA13_IRQHandler
 .text.DMA14_IRQHandler
                0x0000e958        0xc Startup/startup_mk60d10.o
                0x0000e958                DMA14_IRQHandler
 .text.DMA15_IRQHandler
                0x0000e964        0xc Startup/startup_mk60d10.o
                0x0000e964                DMA15_IRQHandler
 .text.DMA_Error_IRQHandler
                0x0000e970        0xc Startup/startup_mk60d10.o
                0x0000e970                DMA_Error_IRQHandler
 .text.MCM_IRQHandler
                0x0000e97c        0xc Startup/startup_mk60d10.o
                0x0000e97c                MCM_IRQHandler
 .text.FTFL_IRQHandler
                0x0000e988        0xc Startup/startup_mk60d10.o
                0x0000e988                FTFL_IRQHandler
 .text.Read_Collision_IRQHandler
                0x0000e994        0xc Startup/startup_mk60d10.o
                0x0000e994                Read_Collision_IRQHandler
 .text.LVD_LVW_IRQHandler
                0x0000e9a0        0xc Startup/startup_mk60d10.o
                0x0000e9a0                LVD_LVW_IRQHandler
 .text.LLWU_IRQHandler
                0x0000e9ac        0xc Startup/startup_mk60d10.o
                0x0000e9ac                LLWU_IRQHandler
 .text.WDOG_EWM_IRQHandler
                0x0000e9b8        0xc Startup/startup_mk60d10.o
                0x0000e9b8                WDOG_EWM_IRQHandler
 .text.RNG_IRQHandler
                0x0000e9c4        0xc Startup/startup_mk60d10.o
                0x0000e9c4                RNG_IRQHandler
 .text.I2C0_IRQHandler
                0x0000e9d0        0xc Startup/startup_mk60d10.o
                0x0000e9d0                I2C0_IRQHandler
 .text.I2C1_IRQHandler
                0x0000e9dc        0xc Startup/startup_mk60d10.o
                0x0000e9dc                I2C1_IRQHandler
 .text.SPI0_IRQHandler
                0x0000e9e8        0xc Startup/startup_mk60d10.o
                0x0000e9e8                SPI0_IRQHandler
 .text.SPI1_IRQHandler
                0x0000e9f4        0xc Startup/startup_mk60d10.o
                0x0000e9f4                SPI1_IRQHandler
 .text.SPI2_IRQHandler
                0x0000ea00        0xc Startup/startup_mk60d10.o
                0x0000ea00                SPI2_IRQHandler
 .text.CAN0_ORed_Message_buffer_IRQHandler
                0x0000ea0c        0xc Startup/startup_mk60d10.o
                0x0000ea0c                CAN0_ORed_Message_buffer_IRQHandler
 .text.CAN0_Bus_Off_IRQHandler
                0x0000ea18        0xc Startup/startup_mk60d10.o
                0x0000ea18                CAN0_Bus_Off_IRQHandler
 .text.CAN0_Error_IRQHandler
                0x0000ea24        0xc Startup/startup_mk60d10.o
                0x0000ea24                CAN0_Error_IRQHandler
 .text.CAN0_Tx_Warning_IRQHandler
                0x0000ea30        0xc Startup/startup_mk60d10.o
                0x0000ea30                CAN0_Tx_Warning_IRQHandler
 .text.CAN0_Rx_Warning_IRQHandler
                0x0000ea3c        0xc Startup/startup_mk60d10.o
                0x0000ea3c                CAN0_Rx_Warning_IRQHandler
 .text.CAN0_Wake_Up_IRQHandler
                0x0000ea48        0xc Startup/startup_mk60d10.o
                0x0000ea48                CAN0_Wake_Up_IRQHandler
 .text.I2S0_Tx_IRQHandler
                0x0000ea54        0xc Startup/startup_mk60d10.o
                0x0000ea54                I2S0_Tx_IRQHandler
 .text.I2S0_Rx_IRQHandler
                0x0000ea60        0xc Startup/startup_mk60d10.o
                0x0000ea60                I2S0_Rx_IRQHandler
 .text.CAN1_ORed_Message_buffer_IRQHandler
                0x0000ea6c        0xc Startup/startup_mk60d10.o
                0x0000ea6c                CAN1_ORed_Message_buffer_IRQHandler
 .text.CAN1_Bus_Off_IRQHandler
                0x0000ea78        0xc Startup/startup_mk60d10.o
                0x0000ea78                CAN1_Bus_Off_IRQHandler
 .text.CAN1_Error_IRQHandler
                0x0000ea84        0xc Startup/startup_mk60d10.o
                0x0000ea84                CAN1_Error_IRQHandler
 .text.CAN1_Tx_Warning_IRQHandler
                0x0000ea90        0xc Startup/startup_mk60d10.o
                0x0000ea90                CAN1_Tx_Warning_IRQHandler
 .text.CAN1_Rx_Warning_IRQHandler
                0x0000ea9c        0xc Startup/startup_mk60d10.o
                0x0000ea9c                CAN1_Rx_Warning_IRQHandler
 .text.CAN1_Wake_Up_IRQHandler
                0x0000eaa8        0xc Startup/startup_mk60d10.o
                0x0000eaa8                CAN1_Wake_Up_IRQHandler
 .text.Reserved59_IRQHandler
                0x0000eab4        0xc Startup/startup_mk60d10.o
                0x0000eab4                Reserved59_IRQHandler
 .text.UART0_LON_IRQHandler
                0x0000eac0        0xc Startup/startup_mk60d10.o
                0x0000eac0                UART0_LON_IRQHandler
 .text.UART0_ERR_IRQHandler
                0x0000eacc        0xc Startup/startup_mk60d10.o
                0x0000eacc                UART0_ERR_IRQHandler
 .text.UART1_RX_TX_IRQHandler
                0x0000ead8        0xc Startup/startup_mk60d10.o
                0x0000ead8                UART1_RX_TX_IRQHandler
 .text.UART1_ERR_IRQHandler
                0x0000eae4        0xc Startup/startup_mk60d10.o
                0x0000eae4                UART1_ERR_IRQHandler
 .text.UART2_RX_TX_IRQHandler
                0x0000eaf0        0xc Startup/startup_mk60d10.o
                0x0000eaf0                UART2_RX_TX_IRQHandler
 .text.UART2_ERR_IRQHandler
                0x0000eafc        0xc Startup/startup_mk60d10.o
                0x0000eafc                UART2_ERR_IRQHandler
 .text.UART3_RX_TX_IRQHandler
                0x0000eb08        0xc Startup/startup_mk60d10.o
                0x0000eb08                UART3_RX_TX_IRQHandler
 .text.UART3_ERR_IRQHandler
                0x0000eb14        0xc Startup/startup_mk60d10.o
                0x0000eb14                UART3_ERR_IRQHandler
 .text.UART4_RX_TX_IRQHandler
                0x0000eb20        0xc Startup/startup_mk60d10.o
                0x0000eb20                UART4_RX_TX_IRQHandler
 .text.UART4_ERR_IRQHandler
                0x0000eb2c        0xc Startup/startup_mk60d10.o
                0x0000eb2c                UART4_ERR_IRQHandler
 .text.UART5_RX_TX_IRQHandler
                0x0000eb38        0xc Startup/startup_mk60d10.o
                0x0000eb38                UART5_RX_TX_IRQHandler
 .text.UART5_ERR_IRQHandler
                0x0000eb44        0xc Startup/startup_mk60d10.o
                0x0000eb44                UART5_ERR_IRQHandler
 .text.ADC0_IRQHandler
                0x0000eb50        0xc Startup/startup_mk60d10.o
                0x0000eb50                ADC0_IRQHandler
 .text.ADC1_IRQHandler
                0x0000eb5c        0xc Startup/startup_mk60d10.o
                0x0000eb5c                ADC1_IRQHandler
 .text.CMP0_IRQHandler
                0x0000eb68        0xc Startup/startup_mk60d10.o
                0x0000eb68                CMP0_IRQHandler
 .text.CMP1_IRQHandler
                0x0000eb74        0xc Startup/startup_mk60d10.o
                0x0000eb74                CMP1_IRQHandler
 .text.CMP2_IRQHandler
                0x0000eb80        0xc Startup/startup_mk60d10.o
                0x0000eb80                CMP2_IRQHandler
 .text.FTM0_IRQHandler
                0x0000eb8c        0xc Startup/startup_mk60d10.o
                0x0000eb8c                FTM0_IRQHandler
 .text.FTM1_IRQHandler
                0x0000eb98        0xc Startup/startup_mk60d10.o
                0x0000eb98                FTM1_IRQHandler
 .text.FTM2_IRQHandler
                0x0000eba4        0xc Startup/startup_mk60d10.o
                0x0000eba4                FTM2_IRQHandler
 .text.CMT_IRQHandler
                0x0000ebb0        0xc Startup/startup_mk60d10.o
                0x0000ebb0                CMT_IRQHandler
 .text.RTC_IRQHandler
                0x0000ebbc        0xc Startup/startup_mk60d10.o
                0x0000ebbc                RTC_IRQHandler
 .text.RTC_Seconds_IRQHandler
                0x0000ebc8        0xc Startup/startup_mk60d10.o
                0x0000ebc8                RTC_Seconds_IRQHandler
 .text.PIT1_IRQHandler
                0x0000ebd4        0xc Startup/startup_mk60d10.o
                0x0000ebd4                PIT1_IRQHandler
 .text.PIT2_IRQHandler
                0x0000ebe0        0xc Startup/startup_mk60d10.o
                0x0000ebe0                PIT2_IRQHandler
 .text.PIT3_IRQHandler
                0x0000ebec        0xc Startup/startup_mk60d10.o
                0x0000ebec                PIT3_IRQHandler
 .text.PDB0_IRQHandler
                0x0000ebf8        0xc Startup/startup_mk60d10.o
                0x0000ebf8                PDB0_IRQHandler
 .text.USB0_IRQHandler
                0x0000ec04        0xc Startup/startup_mk60d10.o
                0x0000ec04                USB0_IRQHandler
 .text.USBDCD_IRQHandler
                0x0000ec10        0xc Startup/startup_mk60d10.o
                0x0000ec10                USBDCD_IRQHandler
 .text.ENET_1588_Timer_IRQHandler
                0x0000ec1c        0xc Startup/startup_mk60d10.o
                0x0000ec1c                ENET_1588_Timer_IRQHandler
 .text.ENET_Transmit_IRQHandler
                0x0000ec28        0xc Startup/startup_mk60d10.o
                0x0000ec28                ENET_Transmit_IRQHandler
 .text.ENET_Receive_IRQHandler
                0x0000ec34        0xc Startup/startup_mk60d10.o
                0x0000ec34                ENET_Receive_IRQHandler
 .text.ENET_Error_IRQHandler
                0x0000ec40        0xc Startup/startup_mk60d10.o
                0x0000ec40                ENET_Error_IRQHandler
 .text.Reserved95_IRQHandler
                0x0000ec4c        0xc Startup/startup_mk60d10.o
                0x0000ec4c                Reserved95_IRQHandler
 .text.SDHC_IRQHandler
                0x0000ec58        0xc Startup/startup_mk60d10.o
                0x0000ec58                SDHC_IRQHandler
 .text.DAC0_IRQHandler
                0x0000ec64        0xc Startup/startup_mk60d10.o
                0x0000ec64                DAC0_IRQHandler
 .text.DAC1_IRQHandler
                0x0000ec70        0xc Startup/startup_mk60d10.o
                0x0000ec70                DAC1_IRQHandler
 .text.TSI0_IRQHandler
                0x0000ec7c        0xc Startup/startup_mk60d10.o
                0x0000ec7c                TSI0_IRQHandler
 .text.MCG_IRQHandler
                0x0000ec88        0xc Startup/startup_mk60d10.o
                0x0000ec88                MCG_IRQHandler
 .text.LPTMR0_IRQHandler
                0x0000ec94        0xc Startup/startup_mk60d10.o
                0x0000ec94                LPTMR0_IRQHandler
 .text.Reserved102_IRQHandler
                0x0000eca0        0xc Startup/startup_mk60d10.o
                0x0000eca0                Reserved102_IRQHandler
 .text.Reserved108_IRQHandler
                0x0000ecac        0xc Startup/startup_mk60d10.o
                0x0000ecac                Reserved108_IRQHandler
 .text.Reserved109_IRQHandler
                0x0000ecb8        0xc Startup/startup_mk60d10.o